TAP version 13
# Subtest: healthy simulation has no active alarms
ok 1 - healthy simulation has no active alarms
  ---
  duration_ms: 13.116016
  type: 'test'
  ...
# Subtest: high and low temperature faults identify device, zone, severity and Niagara delivery
ok 2 - high and low temperature faults identify device, zone, severity and Niagara delivery
  ---
  duration_ms: 4.707316
  type: 'test'
  ...
# Subtest: a TC300 communication loss stops only that device data and clears on restore
ok 3 - a TC300 communication loss stops only that device data and clears on restore
  ---
  duration_ms: 6.266472
  type: 'test'
  ...
# Subtest: UC100-B failure propagates reachability alarms only to Sala 1–4 thermostats
ok 4 - UC100-B failure propagates reachability alarms only to Sala 1–4 thermostats
  ---
  duration_ms: 3.121236
  type: 'test'
  ...
# Subtest: Internet loss marks all thermostat paths unavailable while retaining their local communication
ok 5 - Internet loss marks all thermostat paths unavailable while retaining their local communication
  ---
  duration_ms: 2.026073
  type: 'test'
  ...
# Subtest: shell plan preserves the 60 by 45 metre footprint and exact depth bands
ok 6 - shell plan preserves the 60 by 45 metre footprint and exact depth bands
  ---
  duration_ms: 30.923733
  type: 'test'
  ...
# Subtest: shell plan exposes four auditorium portals per side in stable room order
ok 7 - shell plan exposes four auditorium portals per side in stable room order
  ---
  duration_ms: 13.881227
  type: 'test'
  ...
# Subtest: auditorium perimeter walls rise to each configured family height
ok 8 - auditorium perimeter walls rise to each configured family height
  ---
  duration_ms: 4.584195
  type: 'test'
  ...
# Subtest: rear technical rooms remain disjoint from the service circulation strip
ok 9 - rear technical rooms remain disjoint from the service circulation strip
  ---
  duration_ms: 4.725282
  type: 'test'
  ...
# Subtest: facade plan includes a red marquee, legible identity mass and accessible entrance bank
ok 10 - facade plan includes a red marquee, legible identity mass and accessible entrance bank
  ---
  duration_ms: 4.091245
  type: 'test'
  ...
# Subtest: blockout correction exposes countable auditorium and front-of-house proxies
ok 11 - blockout correction exposes countable auditorium and front-of-house proxies
  ---
  duration_ms: 5.227471
  type: 'test'
  ...
# Subtest: final blockout retry repeats three categorical auditorium family profiles
ok 12 - final blockout retry repeats three categorical auditorium family profiles
  ---
  duration_ms: 3.591931
  type: 'test'
  ...
# Subtest: every auditorium proxy declares continuous aisle and a visibly empty wheelchair notch
ok 13 - every auditorium proxy declares continuous aisle and a visibly empty wheelchair notch
  ---
  duration_ms: 3.248771
  type: 'test'
  ...
# Subtest: Sala 3 RS-485 trunk is lowered and routed along the corridor edge
ok 14 - Sala 3 RS-485 trunk is lowered and routed along the corridor edge
  ---
  duration_ms: 7.14361
  type: 'test'
  ...
# Subtest: blockout correction exposes exact endpoint and media proxy counts
ok 15 - blockout correction exposes exact endpoint and media proxy counts
  ---
  duration_ms: 6.942948
  type: 'test'
  ...
# Subtest: application composition wires only the surface shell asset builder into the runtime
ok 16 - application composition wires only the surface shell asset builder into the runtime
  ---
  duration_ms: 35.723584
  type: 'test'
  ...
# Subtest: silhouette reset exposes one-view room, family, FOH and rear-strip billboards
ok 17 - silhouette reset exposes one-view room, family, FOH and rear-strip billboards
  ---
  duration_ms: 2.259075
  type: 'test'
  ...
# Subtest: silhouette reset keeps device geometry true-scale and adds countable halo labels
ok 18 - silhouette reset keeps device geometry true-scale and adds countable halo labels
  ---
  duration_ms: 5.046058
  type: 'test'
  ...
# Subtest: silhouette reset separates FOH silhouettes and leaves checkpoint access open
ok 19 - silhouette reset separates FOH silhouettes and leaves checkpoint access open
  ---
  duration_ms: 2.066893
  type: 'test'
  ...
# Subtest: silhouette reset spreads LoRa lanes and the external client fan without changing semantics
ok 20 - silhouette reset spreads LoRa lanes and the external client fan without changing semantics
  ---
  duration_ms: 3.710047
  type: 'test'
  ...
# Subtest: structural plan declares buildable slab, wall and family-height roof sections
ok 21 - structural plan declares buildable slab, wall and family-height roof sections
  ---
  duration_ms: 3.265095
  type: 'test'
  ...
# Subtest: structural plan uses true framed openings for auditorium and emergency doors
ok 22 - structural plan uses true framed openings for auditorium and emergency doors
  ---
  duration_ms: 3.271874
  type: 'test'
  ...
# Subtest: structural facade has five framed glazed entries with an accessible centre opening and supported signage
ok 23 - structural facade has five framed glazed entries with an accessible centre opening and supported signage
  ---
  duration_ms: 1.741301
  type: 'test'
  ...
# Subtest: structural rear technical rooms have walls and doors opening into the disjoint service corridor
ok 24 - structural rear technical rooms have walls and doors opening into the disjoint service corridor
  ---
  duration_ms: 5.41799
  type: 'test'
  ...
# Subtest: structural containment exposes owned contact-coherent sockets without physical LoRa geometry
ok 25 - structural containment exposes owned contact-coherent sockets without physical LoRa geometry
  ---
  duration_ms: 4.457513
  type: 'test'
  ...
# Subtest: structural device bodies use documented real dimensions while labels provide legibility
ok 26 - structural device bodies use documented real dimensions while labels provide legibility
  ---
  duration_ms: 1.443763
  type: 'test'
  ...
# Subtest: structural evidence corrections improve front labels and technical anchor spread
ok 27 - structural evidence corrections improve front labels and technical anchor spread
  ---
  duration_ms: 3.31601
  type: 'test'
  ...
# Subtest: materials realism reset uses charcoal frames, neutral later-asset proxies, and a true labels layer
ok 28 - materials realism reset uses charcoal frames, neutral later-asset proxies, and a true labels layer
  ---
  duration_ms: 14.579514
  type: 'test'
  ...
# Subtest: structural attempt 2 joins the kitchen hood outlet to a visible vertical extract duct
ok 29 - structural attempt 2 joins the kitchen hood outlet to a visible vertical extract duct
  ---
  duration_ms: 1.4251
  type: 'test'
  ...
# Subtest: structural attempt 2 makes every public, auditorium and emergency opening contact-readable
ok 30 - structural attempt 2 makes every public, auditorium and emergency opening contact-readable
  ---
  duration_ms: 3.1627
  type: 'test'
  ...
# Subtest: structural attempt 2 aligns the accessible forecourt route and fully attaches facade supports
ok 31 - structural attempt 2 aligns the accessible forecourt route and fully attaches facade supports
  ---
  duration_ms: 3.470263
  type: 'test'
  ...
# Subtest: structural attempt 2 containment runs terminal-to-terminal through visible junctions and sleeves
ok 32 - structural attempt 2 containment runs terminal-to-terminal through visible junctions and sleeves
  ---
  duration_ms: 2.161948
  type: 'test'
  ...
# Subtest: structural attempt 2 exposes geometry-only 2/4/2 family profiles and human scale references
ok 33 - structural attempt 2 exposes geometry-only 2/4/2 family profiles and human scale references
  ---
  duration_ms: 2.349323
  type: 'test'
  ...
# Subtest: structural attempt 3 gives every family master comparable cinema-specific geometry
ok 34 - structural attempt 3 gives every family master comparable cinema-specific geometry
  ---
  duration_ms: 1.500619
  type: 'test'
  ...
# Subtest: structural attempt 3 keeps all RS-485 routes tray-backed and terminal complete
ok 35 - structural attempt 3 keeps all RS-485 routes tray-backed and terminal complete
  ---
  duration_ms: 3.50808
  type: 'test'
  ...
# Subtest: structural attempt 3 roof services overlap plenums, mains and owned sleeves
ok 36 - structural attempt 3 roof services overlap plenums, mains and owned sleeves
  ---
  duration_ms: 1.772403
  type: 'test'
  ...
# Subtest: config exposes the exact cinema and device inventory
ok 37 - config exposes the exact cinema and device inventory
  ---
  duration_ms: 12.57147
  type: 'test'
  ...
# Subtest: auditorium families and capacities satisfy the required distribution
ok 38 - auditorium families and capacities satisfy the required distribution
  ---
  duration_ms: 1.157759
  type: 'test'
  ...
# Subtest: all TC300 placements are neutral, 1.5 m AFF and clear of prohibited influences
ok 39 - all TC300 placements are neutral, 1.5 m AFF and clear of prohibited influences
  ---
  duration_ms: 0.74397
  type: 'test'
  ...
# Subtest: configuration validation accepts the canonical config and rejects count or placement drift
ok 40 - configuration validation accepts the canonical config and rejects count or placement drift
  ---
  duration_ms: 12.489607
  type: 'test'
  ...
# Subtest: authoritative identifiers and collections cannot be mutated at runtime
ok 41 - authoritative identifiers and collections cannot be mutated at runtime
  ---
  duration_ms: 1.438895
  type: 'test'
  ...
# Subtest: validation enforces global identity and exact TC300, UC100, UG67 and Niagara inventories
ok 42 - validation enforces global identity and exact TC300, UC100, UG67 and Niagara inventories
  ---
  duration_ms: 9.401267
  type: 'test'
  ...
# Subtest: validation rejects any membership drift, including unknown, missing and duplicate members
ok 43 - validation rejects any membership drift, including unknown, missing and duplicate members
  ---
  duration_ms: 10.58163
  type: 'test'
  ...
# Subtest: canonical placement is exact and permits only the documented 0.15 m wall-face tolerance
ok 44 - canonical placement is exact and permits only the documented 0.15 m wall-face tolerance
  ---
  duration_ms: 2.844695
  type: 'test'
  ...
# Subtest: every DesignSpec scene state is a driveable query value, not an atomic reset
ok 45 - every DesignSpec scene state is a driveable query value, not an atomic reset
  ---
  duration_ms: 16.217923
  type: 'test'
  ...
# Subtest: fault and hot states force the engineering visual mode they are captured in
ok 46 - fault and hot states force the engineering visual mode they are captured in
  ---
  duration_ms: 1.348607
  type: 'test'
  ...
# Subtest: selection and tick are parsed, not silently ignored as unknown keys
ok 47 - selection and tick are parsed, not silently ignored as unknown keys
  ---
  duration_ms: 1.295207
  type: 'test'
  ...
# Subtest: the links vocabulary implements every declared value, not only `all`
ok 48 - the links vocabulary implements every declared value, not only `all`
  ---
  duration_ms: 0.7104
  type: 'test'
  ...
# Subtest: the interaction state round-trips through the serialized capture URL
ok 49 - the interaction state round-trips through the serialized capture URL
  ---
  duration_ms: 2.906267
  type: 'test'
  ...
# Subtest: every scene state maps onto the canonical simulation fault, or onto none
ok 50 - every scene state maps onto the canonical simulation fault, or onto none
  ---
  duration_ms: 0.450878
  type: 'test'
  ...
# Subtest: a healthy engineering state leaves every endpoint and every route normal
ok 51 - a healthy engineering state leaves every endpoint and every route normal
  ---
  duration_ms: 14.955423
  type: 'test'
  ...
# Subtest: fault-tc300 breaks exactly one thermostat and only its own drop route
ok 52 - fault-tc300 breaks exactly one thermostat and only its own drop route
  ---
  duration_ms: 3.917277
  type: 'test'
  ...
# Subtest: fault-uc100-b propagates along the RS-485 bus it owns, and no further
ok 53 - fault-uc100-b propagates along the RS-485 bus it owns, and no further
  ---
  duration_ms: 28.536783
  type: 'test'
  ...
# Subtest: fault-internet stops delivery on the shared backbone and spares the field devices
ok 54 - fault-internet stops delivery on the shared backbone and spares the field devices
  ---
  duration_ms: 5.229772
  type: 'test'
  ...
# Subtest: the hot states raise an active alarm without breaking a single link
ok 55 - the hot states raise an active alarm without breaking a single link
  ---
  duration_ms: 8.16097
  type: 'test'
  ...
# Subtest: restoring the state is deterministic: the healthy model returns byte for byte
ok 56 - restoring the state is deterministic: the healthy model returns byte for byte
  ---
  duration_ms: 3.658032
  type: 'test'
  ...
# Subtest: selecting a thermostat highlights exactly its canonical end-to-end path
ok 57 - selecting a thermostat highlights exactly its canonical end-to-end path
  ---
  duration_ms: 1.674599
  type: 'test'
  ...
# Subtest: selection resolves for the concentrator and the gateway too
ok 58 - selection resolves for the concentrator and the gateway too
  ---
  duration_ms: 2.357769
  type: 'test'
  ...
# Subtest: a raycast hit resolves to the device that owns the geometry it struck
ok 59 - a raycast hit resolves to the device that owns the geometry it struck
  ---
  duration_ms: 0.729823
  type: 'test'
  ...
# Subtest: tick 0 and tick 30 are two different, reproducible packet frames
ok 60 - tick 0 and tick 30 are two different, reproducible packet frames
  ---
  duration_ms: 0.731932
  type: 'test'
  ...
# Subtest: a polyline sample walks the route by arc length
ok 61 - a polyline sample walks the route by arc length
  ---
  duration_ms: 0.942634
  type: 'test'
  ...
# Subtest: the interaction pools are fixed, and empty in the gated healthy states
ok 62 - the interaction pools are fixed, and empty in the gated healthy states
  ---
  duration_ms: 139.941595
  type: 'test'
  ...
# Subtest: a fault recolours the affected instances through the gated alarm/offline palette
ok 63 - a fault recolours the affected instances through the gated alarm/offline palette
  ---
  duration_ms: 38.706397
  type: 'test'
  ...
# Subtest: restoring from a fault returns the scene to the exact gated healthy state
ok 64 - restoring from a fault returns the scene to the exact gated healthy state
  ---
  duration_ms: 34.243053
  type: 'test'
  ...
# Subtest: no zone, band or room mesh disappears in any interaction state
ok 65 - no zone, band or room mesh disappears in any interaction state
  ---
  duration_ms: 29.474
  type: 'test'
  ...
# Subtest: selection highlights the path without hiding the medium it rides on
ok 66 - selection highlights the path without hiding the medium it rides on
  ---
  duration_ms: 20.019017
  type: 'test'
  ...
# Subtest: the HUD status line never contradicts the alarm list, in any state of the vocabulary
ok 67 - the HUD status line never contradicts the alarm list, in any state of the vocabulary
  ---
  duration_ms: 8.91293
  type: 'test'
  ...
# Subtest: the status line reports the delivery it can prove, and never a phantom Niagara outage
ok 68 - the status line reports the delivery it can prove, and never a phantom Niagara outage
  ---
  duration_ms: 1.217265
  type: 'test'
  ...
# Subtest: the boot path owns no second status writer: the HUD has one source of truth
ok 69 - the boot path owns no second status writer: the HUD has one source of truth
  ---
  duration_ms: 38.008949
  type: 'test'
  ...
# Subtest: the runtime rig is the house key/fill/rim/ambient rig, in the spec ratios
ok 70 - the runtime rig is the house key/fill/rim/ambient rig, in the spec ratios
  ---
  duration_ms: 49.910409
  type: 'test'
  ...
# Subtest: the key light shadow frustum encloses the whole building and is baked, not per-frame
ok 71 - the key light shadow frustum encloses the whole building and is baked, not per-frame
  ---
  duration_ms: 6.998089
  type: 'test'
  ...
# Subtest: tone mapping and fog come from the lighting authority and keep the hero framing readable
ok 72 - tone mapping and fog come from the lighting authority and keep the hero framing readable
  ---
  duration_ms: 6.332962
  type: 'test'
  ...
# Subtest: every hero framing sits inside the house azimuth/elevation band
ok 73 - every hero framing sits inside the house azimuth/elevation band
  ---
  duration_ms: 1.134371
  type: 'test'
  ...
# Subtest: the cinema emission ladder falls strictly from facade to auditorium and never goes dark
ok 74 - the cinema emission ladder falls strictly from facade to auditorium and never goes dark
  ---
  duration_ms: 4.305552
  type: 'test'
  ...
# Subtest: correction 1: no interior surface reflects the exterior rig at full strength
ok 75 - correction 1: no interior surface reflects the exterior rig at full strength
  ---
  duration_ms: 142.716887
  type: 'test'
  ...
# Subtest: correction 2: the four-tier luminance ladder is real in the pixels, not in the rig
ok 76 - correction 2: the four-tier luminance ladder is real in the pixels, not in the rig
  ---
  duration_ms: 36.075279
  type: 'test'
  ...
# Subtest: correction 3: the auditorium is a dark room whose fixtures carve the seat blocks out
ok 77 - correction 3: the auditorium is a dark room whose fixtures carve the seat blocks out
  ---
  duration_ms: 23.490022
  type: 'test'
  ...
# Subtest: correction 4: light_state=off darkens the corridor and the sala, not just a few strips
ok 78 - correction 4: light_state=off darkens the corridor and the sala, not just a few strips
  ---
  duration_ms: 21.730035
  type: 'test'
  ...
# Subtest: correction 4: the runtime switches its interior fixtures with the house lights
ok 79 - correction 4: the runtime switches its interior fixtures with the house lights
  ---
  duration_ms: 18.506118
  type: 'test'
  ...
# Subtest: correction 5: lobby ceiling panels light the room and the red accents out-luminate the wall
ok 80 - correction 5: lobby ceiling panels light the room and the red accents out-luminate the wall
  ---
  duration_ms: 38.57109
  type: 'test'
  ...
# Subtest: correction 6: the corridor is lit by its own warm strips, and stays the dim rung
ok 81 - correction 6: the corridor is lit by its own warm strips, and stays the dim rung
  ---
  duration_ms: 27.208623
  type: 'test'
  ...
# Subtest: correction 7: the rim light rims edges and never tints a roof plane or a wall green
ok 82 - correction 7: the rim light rims edges and never tints a roof plane or a wall green
  ---
  duration_ms: 0.677581
  type: 'test'
  ...
# Subtest: correction 8: the facade preset places the building instead of stranding it
ok 83 - correction 8: the facade preset places the building instead of stranding it
  ---
  duration_ms: 17.226141
  type: 'test'
  ...
# Subtest: correction 9: the lobby preset frames the entrance/concession axis, not a bare corner
ok 84 - correction 9: the lobby preset frames the entrance/concession axis, not a bare corner
  ---
  duration_ms: 0.74497
  type: 'test'
  ...
# Subtest: correction 10: the interior presets are capped by a dark ceiling, except in engineering
ok 85 - correction 10: the interior presets are capped by a dark ceiling, except in engineering
  ---
  duration_ms: 20.227683
  type: 'test'
  ...
# Subtest: correction 11: every emission channel is brighter with the lights on than with them off
ok 86 - correction 11: every emission channel is brighter with the lights on than with them off
  ---
  duration_ms: 1.610626
  type: 'test'
  ...
# Subtest: correction 12: the shell panels break their highlight up across the elevation
ok 87 - correction 12: the shell panels break their highlight up across the elevation
  ---
  duration_ms: 1.108685
  type: 'test'
  ...
# Subtest: correction 13: the engineering fill is raised so TC300 labels stay legible
ok 88 - correction 13: the engineering fill is raised so TC300 labels stay legible
  ---
  duration_ms: 0.360089
  type: 'test'
  ...
# Subtest: the lighting zone of a surface is derived from the plan bands, never hand-tagged
ok 89 - the lighting zone of a surface is derived from the plan bands, never hand-tagged
  ---
  duration_ms: 0.899803
  type: 'test'
  ...
# Subtest: light_state is a deterministic query state and only touches the emission channels
ok 90 - light_state is a deterministic query state and only touches the emission channels
  ---
  duration_ms: 6.596644
  type: 'test'
  ...
# Subtest: correction: RS-485 renders as saturated spec green rather than a blown-out mint halo
ok 91 - correction: RS-485 renders as saturated spec green rather than a blown-out mint halo
  ---
  duration_ms: 0.329638
  type: 'test'
  ...
# Subtest: correction: LoRaWAN stays in the blue family and reads as a dash, never as a white bead
ok 92 - correction: LoRaWAN stays in the blue family and reads as a dash, never as a white bead
  ---
  duration_ms: 0.528869
  type: 'test'
  ...
# Subtest: correction: the emissive media still out-luminates the translucent engineering shell
ok 93 - correction: the emissive media still out-luminates the translucent engineering shell
  ---
  duration_ms: 0.515964
  type: 'test'
  ...
# Subtest: correction: stacked translucent shell layers cannot accumulate into milky ghosting
ok 94 - correction: stacked translucent shell layers cannot accumulate into milky ghosting
  ---
  duration_ms: 23.998155
  type: 'test'
  ...
# Subtest: correction: the material registry applies the derived shell opacity in engineering mode
ok 95 - correction: the material registry applies the derived shell opacity in engineering mode
  ---
  duration_ms: 1.649756
  type: 'test'
  ...
# Subtest: correction: the TC300 status ring reads as a lit device without inflating the housing
ok 96 - correction: the TC300 status ring reads as a lit device without inflating the housing
  ---
  duration_ms: 13.109473
  type: 'test'
  ...
# Subtest: correction: the endpoint owning the active preset zone is labelled at that preset
ok 97 - correction: the endpoint owning the active preset zone is labelled at that preset
  ---
  duration_ms: 10.319207
  type: 'test'
  ...
# Subtest: correction: the reframed concessions preset holds both its service line and TC300-02
ok 98 - correction: the reframed concessions preset holds both its service line and TC300-02
  ---
  duration_ms: 0.318473
  type: 'test'
  ...
# Subtest: attempt 3 — every sampled surface is a real box the builder emits in that zone
ok 99 - attempt 3 — every sampled surface is a real box the builder emits in that zone
  ---
  duration_ms: 18.582355
  type: 'test'
  ...
# Subtest: attempt 3 correction 1: the corridor is a REAL tier — no structural surface is black
ok 100 - attempt 3 correction 1: the corridor is a REAL tier — no structural surface is black
  ---
  duration_ms: 2.560335
  type: 'test'
  ...
# Subtest: attempt 3 correction 2: the auditorium seat blocks are CARVED OUT, not erased
ok 101 - attempt 3 correction 2: the auditorium seat blocks are CARVED OUT, not erased
  ---
  duration_ms: 1.607562
  type: 'test'
  ...
# Subtest: attempt 3 correction 3: emissive exit signs exist INSIDE the auditoriums and are framed
ok 102 - attempt 3 correction 3: emissive exit signs exist INSIDE the auditoriums and are framed
  ---
  duration_ms: 14.439732
  type: 'test'
  ...
# Subtest: attempt 3 correction 4: the marquee is a REAL emission channel and its spill dies with it
ok 103 - attempt 3 correction 4: the marquee is a REAL emission channel and its spill dies with it
  ---
  duration_ms: 14.98883
  type: 'test'
  ...
# Subtest: attempt 3 correction 5 + 6: the facade fills the frame and the elevation has falloff
ok 104 - attempt 3 correction 5 + 6: the facade fills the frame and the elevation has falloff
  ---
  duration_ms: 1.602027
  type: 'test'
  ...
# Subtest: attempt 3 correction 7 + 8: the lobby ceiling is a lit surface and the corridor end wall is not unlit
ok 105 - attempt 3 correction 7 + 8: the lobby ceiling is a lit surface and the corridor end wall is not unlit
  ---
  duration_ms: 11.512158
  type: 'test'
  ...
# Subtest: attempt 3 correction 9: the engineering fill separates device markers from the shell
ok 106 - attempt 3 correction 9: the engineering fill separates device markers from the shell
  ---
  duration_ms: 5.046568
  type: 'test'
  ...
# Subtest: attempt 3: the four-tier ladder is monotone AND every tier stays out of the black
ok 107 - attempt 3: the four-tier ladder is monotone AND every tier stays out of the black
  ---
  duration_ms: 1.872842
  type: 'test'
  ...
# Subtest: attempt 3: the corridor side walls are lit as CORRIDOR, not as auditorium
ok 108 - attempt 3: the corridor side walls are lit as CORRIDOR, not as auditorium
  ---
  duration_ms: 12.246045
  type: 'test'
  ...
# Subtest: attempt 3: the light count stays inside budget
ok 109 - attempt 3: the light count stays inside budget
  ---
  duration_ms: 0.431812
  type: 'test'
  ...
# Subtest: L2 — every sampled surface is a real box the builder emits in that zone
ok 110 - L2 — every sampled surface is a real box the builder emits in that zone
  ---
  duration_ms: 18.293879
  type: 'test'
  ...
# Subtest: L2 — the four-surface contract: every zone is sampled on ceiling, floor, wall and door
ok 111 - L2 — the four-surface contract: every zone is sampled on ceiling, floor, wall and door
  ---
  duration_ms: 0.747179
  type: 'test'
  ...
# Subtest: L2 — house lights are GLOBAL: a fixture lights every surface in range, not only its own zone
ok 112 - L2 — house lights are GLOBAL: a fixture lights every surface in range, not only its own zone
  ---
  duration_ms: 0.456391
  type: 'test'
  ...
# Subtest: L2 CORRECTION 1 — the auditorium ceiling is the DARKEST ceiling in the building
ok 113 - L2 CORRECTION 1 — the auditorium ceiling is the DARKEST ceiling in the building
  ---
  duration_ms: 0.758739
  type: 'test'
  ...
# Subtest: L2 CORRECTION 1 — no auditorium surface exceeds the corridor's brightest surface
ok 114 - L2 CORRECTION 1 — no auditorium surface exceeds the corridor's brightest surface
  ---
  duration_ms: 1.449614
  type: 'test'
  ...
# Subtest: L2 CORRECTION 1 — the ladder holds SURFACE BY SURFACE, on one albedo at a time
ok 115 - L2 CORRECTION 1 — the ladder holds SURFACE BY SURFACE, on one albedo at a time
  ---
  duration_ms: 1.137159
  type: 'test'
  ...
# Subtest: L2 CORRECTION 1 + 2 — dim is not black: every zone holds a minimum floor
ok 116 - L2 CORRECTION 1 + 2 — dim is not black: every zone holds a minimum floor
  ---
  duration_ms: 1.31336
  type: 'test'
  ...
# Subtest: L2 CORRECTION 2 — the auditorium is CARVED by its aisle LEDs, exit signs and screen bounce
ok 117 - L2 CORRECTION 2 — the auditorium is CARVED by its aisle LEDs, exit signs and screen bounce
  ---
  duration_ms: 0.541261
  type: 'test'
  ...
# Subtest: L2 CORRECTION 3 — the in-room exit signs present a READABLE face to the sala cameras
ok 118 - L2 CORRECTION 3 — the in-room exit signs present a READABLE face to the sala cameras
  ---
  duration_ms: 10.860132
  type: 'test'
  ...
# Subtest: L2 CORRECTION 4 — the facade FILLS the frame and the marquee is not clipped
ok 119 - L2 CORRECTION 4 — the facade FILLS the frame and the marquee is not clipped
  ---
  duration_ms: 0.439192
  type: 'test'
  ...
# Subtest: L2 CORRECTION 5 — the forecourt is a POOL that dies with the house lights
ok 120 - L2 CORRECTION 5 — the forecourt is a POOL that dies with the house lights
  ---
  duration_ms: 0.59635
  type: 'test'
  ...
# Subtest: L2 CORRECTION 6 — the shell and the plaza break their specular up across the elevation
ok 121 - L2 CORRECTION 6 — the shell and the plaza break their specular up across the elevation
  ---
  duration_ms: 8.961517
  type: 'test'
  ...
# Subtest: L2 CORRECTION 7 — the lobby FLOOR is gated on the house-light channel
ok 122 - L2 CORRECTION 7 — the lobby FLOOR is gated on the house-light channel
  ---
  duration_ms: 0.468382
  type: 'test'
  ...
# Subtest: L2 CORRECTION 8 — the engineering neutral fill lifts the shell off the background
ok 123 - L2 CORRECTION 8 — the engineering neutral fill lifts the shell off the background
  ---
  duration_ms: 2.489955
  type: 'test'
  ...
# Subtest: L2 — the light count went DOWN, not up
ok 124 - L2 — the light count went DOWN, not up
  ---
  duration_ms: 0.231762
  type: 'test'
  ...
# Subtest: final material response calibration publishes a physically separated shell palette
ok 125 - final material response calibration publishes a physically separated shell palette
  ---
  duration_ms: 17.590772
  type: 'test'
  ...
# Subtest: registry creates shared procedural response maps instead of graphic textures
ok 126 - registry creates shared procedural response maps instead of graphic textures
  ---
  duration_ms: 8.87935
  type: 'test'
  ...
# Subtest: registry shares canonical and dynamic materials without per-instance churn
ok 127 - registry shares canonical and dynamic materials without per-instance churn
  ---
  duration_ms: 9.177237
  type: 'test'
  ...
# Subtest: engineering mode makes every registered shell material translucent and restores defaults
ok 128 - engineering mode makes every registered shell material translucent and restores defaults
  ---
  duration_ms: 3.521726
  type: 'test'
  ...
# Subtest: registry disposes each shared material exactly once even through aliases
ok 129 - registry disposes each shared material exactly once even through aliases
  ---
  duration_ms: 6.77107
  type: 'test'
  ...
# Subtest: network schematic derives the exact canonical topology without becoming physical truth
ok 130 - network schematic derives the exact canonical topology without becoming physical truth
  ---
  duration_ms: 44.255832
  type: 'test'
  ...
# Subtest: network schematic rejects membership, media, shortcut and architecture-plan drift
ok 131 - network schematic rejects membership, media, shortcut and architecture-plan drift
  ---
  duration_ms: 21.416967
  type: 'test'
  ...
# Subtest: board front face points toward every camera that captures the diagram
ok 132 - board front face points toward every camera that captures the diagram
  ---
  duration_ms: 0.94925
  type: 'test'
  ...
# Subtest: detail camera frames the whole board on the portrait viewport the capture harness uses
ok 133 - detail camera frames the whole board on the portrait viewport the capture harness uses
  ---
  duration_ms: 0.793654
  type: 'test'
  ...
# Subtest: board layout keeps four LoRaWAN lanes separated, ordered and inside safe bounds
ok 134 - board layout keeps four LoRaWAN lanes separated, ordered and inside safe bounds
  ---
  duration_ms: 20.370147
  type: 'test'
  ...
# Subtest: board texture uses one 2048 × 840 sRGB CanvasTexture and renders canonical labels
ok 135 - board texture uses one 2048 × 840 sRGB CanvasTexture and renders canonical labels
  ---
  duration_ms: 9.686832
  type: 'test'
  ...
# Subtest: every edge of the canonical chain is drawn with its own arrowhead glyph
ok 136 - every edge of the canonical chain is drawn with its own arrowhead glyph
  ---
  duration_ms: 10.049688
  type: 'test'
  ...
# Subtest: every board edge leaves a visible stem, so its arrowhead reads as an arrow and not as a blob
ok 137 - every board edge leaves a visible stem, so its arrowhead reads as an arrow and not as a blob
  ---
  duration_ms: 3.29924
  type: 'test'
  ...
# Subtest: layout validation rejects a stemless arrowhead and a crowded node caption
ok 138 - layout validation rejects a stemless arrowhead and a crowded node caption
  ---
  duration_ms: 7.525764
  type: 'test'
  ...
# Subtest: the UG67 node captions keep clearance from every RF port caption
ok 139 - the UG67 node captions keep clearance from every RF port caption
  ---
  duration_ms: 4.964722
  type: 'test'
  ...
# Subtest: camera evidence policy shows one truth and restores physical detail outside the schematic view
ok 140 - camera evidence policy shows one truth and restores physical detail outside the schematic view
  ---
  duration_ms: 0.791516
  type: 'test'
  ...
# Subtest: query state has a stable canonical default and serializes in contract order
ok 141 - query state has a stable canonical default and serializes in contract order
  ---
  duration_ms: 18.446617
  type: 'test'
  ...
# Subtest: query state accepts a complete engineering inspection state
ok 142 - query state accepts a complete engineering inspection state
  ---
  duration_ms: 7.920476
  type: 'test'
  ...
# Subtest: query state accepts DesignSpec blockout camera and state vocabulary
ok 143 - query state accepts DesignSpec blockout camera and state vocabulary
  ---
  duration_ms: 1.457935
  type: 'test'
  ...
# Subtest: malformed query tokens fall back atomically and emit one warning
ok 144 - malformed query tokens fall back atomically and emit one warning
  ---
  duration_ms: 1.282435
  type: 'test'
  ...
# Subtest: camera controller applies presets and bounds first-person movement
ok 145 - camera controller applies presets and bounds first-person movement
  ---
  duration_ms: 3.972772
  type: 'test'
  ...
# Subtest: fixed evidence cameras frame targets tightly and apply their field of view
ok 146 - fixed evidence cameras frame targets tightly and apply their field of view
  ---
  duration_ms: 36.003021
  type: 'test'
  ...
# Subtest: structural evidence preserves grazing/network views and improves Sala 3 framing
ok 147 - structural evidence preserves grazing/network views and improves Sala 3 framing
  ---
  duration_ms: 1.661352
  type: 'test'
  ...
# Subtest: the scene still delivers neutral interior value after the look-dev rig is replaced
ok 148 - the scene still delivers neutral interior value after the look-dev rig is replaced
  ---
  duration_ms: 31.917894
  type: 'test'
  ...
# Subtest: materials realism reset adds a neutral PMREM response rig and restrained fill
ok 149 - materials realism reset adds a neutral PMREM response rig and restrained fill
  ---
  duration_ms: 5.856227
  type: 'test'
  ...
# Subtest: final materials attempt scopes exposure and key angle changes to the grazing look-dev camera
ok 150 - final materials attempt scopes exposure and key angle changes to the grazing look-dev camera
  ---
  duration_ms: 3.191775
  type: 'test'
  ...
# Subtest: query state accepts the DesignSpec grazing evidence camera
ok 151 - query state accepts the DesignSpec grazing evidence camera
  ---
  duration_ms: 0.78725
  type: 'test'
  ...
# Subtest: surface evidence frames parse and serialize deterministically
ok 152 - surface evidence frames parse and serialize deterministically
  ---
  duration_ms: 0.696516
  type: 'test'
  ...
# Subtest: materials pass accepts deterministic material state and reference-match camera
ok 153 - materials pass accepts deterministic material state and reference-match camera
  ---
  duration_ms: 0.282817
  type: 'test'
  ...
# Subtest: materials look-dev cameras match the DesignSpec neutral, grazing and reference views
ok 154 - materials look-dev cameras match the DesignSpec neutral, grazing and reference views
  ---
  duration_ms: 0.770989
  type: 'test'
  ...
# Subtest: structural attempt 3 accepts dedicated family, RS-485 and roof-service evidence cameras
ok 155 - structural attempt 3 accepts dedicated family, RS-485 and roof-service evidence cameras
  ---
  duration_ms: 0.334402
  type: 'test'
  ...
# Subtest: structural attempt 3 evidence cameras compare family masters and roof containment
ok 156 - structural attempt 3 evidence cameras compare family masters and roof containment
  ---
  duration_ms: 0.399664
  type: 'test'
  ...
# Subtest: materials grazing camera is a low facade and circulation three-quarter
ok 157 - materials grazing camera is a low facade and circulation three-quarter
  ---
  duration_ms: 0.31001
  type: 'test'
  ...
# Subtest: materials floor camera exposes public tile and corridor carpet in one finish comparison
ok 158 - materials floor camera exposes public tile and corridor carpet in one finish comparison
  ---
  duration_ms: 0.280669
  type: 'test'
  ...
# Subtest: layer controller switches modes, views and clipping without inventing assets
ok 159 - layer controller switches modes, views and clipping without inventing assets
  ---
  duration_ms: 2.598907
  type: 'test'
  ...
# Subtest: runtime caps DPR and creates empty semantic layer groups
ok 160 - runtime caps DPR and creates empty semantic layer groups
  ---
  duration_ms: 0.512675
  type: 'test'
  ...
# Subtest: HTML shell exposes Spanish project identity and semantic controls
ok 161 - HTML shell exposes Spanish project identity and semantic controls
  ---
  duration_ms: 9.594017
  type: 'test'
  ...
# Subtest: same seed and tick produce identical telemetry while another seed differs
ok 162 - same seed and tick produce identical telemetry while another seed differs
  ---
  duration_ms: 17.18005
  type: 'test'
  ...
# Subtest: normal telemetry stays bounded and changes slowly with occupancy and packet metrics
ok 163 - normal telemetry stays bounded and changes slowly with occupancy and packet metrics
  ---
  duration_ms: 1.662193
  type: 'test'
  ...
# Subtest: setpoints are configurable, clamped and do not mutate the prior snapshot
ok 164 - setpoints are configurable, clamped and do not mutate the prior snapshot
  ---
  duration_ms: 1.846999
  type: 'test'
  ...
# Subtest: fault injection is deterministic and restoring a fault rebuilds the nominal state
ok 165 - fault injection is deterministic and restoring a fault rebuilds the nominal state
  ---
  duration_ms: 7.870534
  type: 'test'
  ...
# Subtest: immutable store dispatches deterministic ticks, setpoints and reversible faults
ok 166 - immutable store dispatches deterministic ticks, setpoints and reversible faults
  ---
  duration_ms: 18.663616
  type: 'test'
  ...
# Subtest: board correction 1/3: every schematic edge carries an arrowhead longer edges than the glyph
ok 167 - board correction 1/3: every schematic edge carries an arrowhead longer edges than the glyph
  ---
  duration_ms: 10.34185
  type: 'test'
  ...
# Subtest: board correction 2: every caption fits inside its own box at the minimum legible size
ok 168 - board correction 2: every caption fits inside its own box at the minimum legible size
  ---
  duration_ms: 1.357207
  type: 'test'
  ...
# Subtest: board correction 4: the bridge pill sits clear of the UG67 node and four RF ports are labelled
ok 169 - board correction 4: the bridge pill sits clear of the UG67 node and four RF ports are labelled
  ---
  duration_ms: 12.626975
  type: 'test'
  ...
# Subtest: correction 5: network media stay above the legibility floor at the complete-network camera
ok 170 - correction 5: network media stay above the legibility floor at the complete-network camera
  ---
  duration_ms: 2.507773
  type: 'test'
  ...
# Subtest: correction 6: the external Ethernet run connects UG67 to router, internet, Niagara and clients
ok 171 - correction 6: the external Ethernet run connects UG67 to router, internet, Niagara and clients
  ---
  duration_ms: 10.421812
  type: 'test'
  ...
# Subtest: correction 7: lobby, concessions and kitchen sit inside the public band with the roof clipped
ok 172 - correction 7: lobby, concessions and kitchen sit inside the public band with the roof clipped
  ---
  duration_ms: 5.603035
  type: 'test'
  ...
# Subtest: correction 8: technical labels are engineering-only unless labels are explicitly requested
ok 173 - correction 8: technical labels are engineering-only unless labels are explicitly requested
  ---
  duration_ms: 9.372682
  type: 'test'
  ...
# Subtest: correction 9: the facade poster bank owns four generated panels that change between frames
ok 174 - correction 9: the facade poster bank owns four generated panels that change between frames
  ---
  duration_ms: 4.689413
  type: 'test'
  ...
# Subtest: correction 10: menu boards are counter-scaled and mounted on the service back wall
ok 175 - correction 10: menu boards are counter-scaled and mounted on the service back wall
  ---
  duration_ms: 6.446903
  type: 'test'
  ...
# Subtest: correction 11: POS, snack machine and corridor wayfinding cues are generated geometry
ok 176 - correction 11: POS, snack machine and corridor wayfinding cues are generated geometry
  ---
  duration_ms: 7.262839
  type: 'test'
  ...
# Subtest: correction 12: auditorium side walls receive a charcoal acoustic lining
ok 177 - correction 12: auditorium side walls receive a charcoal acoustic lining
  ---
  duration_ms: 3.235075
  type: 'test'
  ...
# Subtest: correction 13: engineering contrast lowers seat and zone bleed and lifts media emission
ok 178 - correction 13: engineering contrast lowers seat and zone bleed and lifts media emission
  ---
  duration_ms: 2.51191
  type: 'test'
  ...
# Subtest: correction 1: every TC300 is a surface device with a dark-glass face and a blue status ring
ok 179 - correction 1: every TC300 is a surface device with a dark-glass face and a blue status ring
  ---
  duration_ms: 153.447095
  type: 'test'
  ...
# Subtest: correction 1: TC300 ID chips are readable and distance-culled at the five evidence presets
ok 180 - correction 1: TC300 ID chips are readable and distance-culled at the five evidence presets
  ---
  duration_ms: 9.926264
  type: 'test'
  ...
# Subtest: correction 2: every RS-485 drop terminates on the TC300 face behind a terminal gland
ok 181 - correction 2: every RS-485 drop terminates on the TC300 face behind a terminal gland
  ---
  duration_ms: 36.496465
  type: 'test'
  ...
# Subtest: correction 3: the diagram board occludes neither the shell nor the Ethernet run at complete-network
ok 182 - correction 3: the diagram board occludes neither the shell nor the Ethernet run at complete-network
  ---
  duration_ms: 4.891836
  type: 'test'
  ...
# Subtest: correction 4: LoRaWAN reads dashed and cyan while Ethernet stays a continuous, deeper blue tube
ok 183 - correction 4: LoRaWAN reads dashed and cyan while Ethernet stays a continuous, deeper blue tube
  ---
  duration_ms: 26.438463
  type: 'test'
  ...
# Subtest: correction 5: the RS-485 conductor is exposed beside its tray, at any evidence media scale
ok 184 - correction 5: the RS-485 conductor is exposed beside its tray, at any evidence media scale
  ---
  duration_ms: 24.879028
  type: 'test'
  ...
# Subtest: correction 6: the UG67 RF tick marks belong to engineering only
ok 185 - correction 6: the UG67 RF tick marks belong to engineering only
  ---
  duration_ms: 19.29341
  type: 'test'
  ...
# Subtest: correction 7: the UG67 node captions and the RF port captions never overlap
ok 186 - correction 7: the UG67 node captions and the RF port captions never overlap
  ---
  duration_ms: 3.88131
  type: 'test'
  ...
# Subtest: correction 8: the facade preset frames the entire poster bank in both poster frames
ok 187 - correction 8: the facade preset frames the entire poster bank in both poster frames
  ---
  duration_ms: 3.276288
  type: 'test'
  ...
# Subtest: correction 9: the concession counter carries popcorn and refrigeration displays
ok 188 - correction 9: the concession counter carries popcorn and refrigeration displays
  ---
  duration_ms: 15.827656
  type: 'test'
  ...
# Subtest: correction 9: the lobby preset centres the ticketing and kiosk cluster
ok 189 - correction 9: the lobby preset centres the ticketing and kiosk cluster
  ---
  duration_ms: 2.145508
  type: 'test'
  ...
# Subtest: surface plan owns every required shell detail without protected film content
ok 190 - surface plan owns every required shell detail without protected film content
  ---
  duration_ms: 16.382457
  type: 'test'
  ...
# Subtest: surface placement contract rejects giant, non-finite or wrongly parented planes
ok 191 - surface placement contract rejects giant, non-finite or wrongly parented planes
  ---
  duration_ms: 3.249879
  type: 'test'
  ...
# Subtest: surface correction caps one route-attached arrowhead without lateral or vertical float
ok 192 - surface correction caps one route-attached arrowhead without lateral or vertical float
  ---
  duration_ms: 0.908017
  type: 'test'
  ...
# Subtest: surface correction anchors the cone base on the sampled route and follows its 3D tangent
ok 193 - surface correction anchors the cone base on the sampled route and follows its 3D tangent
  ---
  duration_ms: 1.48327
  type: 'test'
  ...
# Subtest: surface correction preserves route contact while scaling arrows into the screen-space band
ok 194 - surface correction preserves route contact while scaling arrows into the screen-space band
  ---
  duration_ms: 1.324422
  type: 'test'
  ...
# Subtest: surface correction samples LoRa direction markers on rendered dash intervals
ok 195 - surface correction samples LoRa direction markers on rendered dash intervals
  ---
  duration_ms: 1.20685
  type: 'test'
  ...
# Subtest: surface correction rejects wide, crowded or duplicate projected route markers
ok 196 - surface correction rejects wide, crowded or duplicate projected route markers
  ---
  duration_ms: 2.185662
  type: 'test'
  ...
# Subtest: complete-network uses endpoint hierarchy and four TC rollups while dedicated RS-485 retains every thermostat
ok 197 - complete-network uses endpoint hierarchy and four TC rollups while dedicated RS-485 retains every thermostat
  ---
  duration_ms: 0.902569
  type: 'test'
  ...
# Subtest: complete-network preset keeps endpoint evidence inside margins with useful occupancy
ok 198 - complete-network preset keeps endpoint evidence inside margins with useful occupancy
  ---
  duration_ms: 1.738556
  type: 'test'
  ...
# Subtest: corridor surface camera stays below roof members and focuses wayfinding height
ok 199 - corridor surface camera stays below roof members and focuses wayfinding height
  ---
  duration_ms: 1.634537
  type: 'test'
  ...
# Subtest: surface atlas is one deterministic shared sRGB mipmapped texture with bounded anisotropy
ok 200 - surface atlas is one deterministic shared sRGB mipmapped texture with bounded anisotropy
  ---
  duration_ms: 10.198438
  type: 'test'
  ...
# Subtest: surface integration uses one atlas and deterministic poster/display query frames
ok 201 - surface integration uses one atlas and deterministic poster/display query frames
  ---
  duration_ms: 40.630196
  type: 'test'
  ...
# Subtest: UC100 membership contains every thermostat exactly once and matches the canonical groups
ok 202 - UC100 membership contains every thermostat exactly once and matches the canonical groups
  ---
  duration_ms: 11.782789
  type: 'test'
  ...
# Subtest: a thermostat trace uses RS-485, LoRaWAN and Ethernet in canonical order
ok 203 - a thermostat trace uses RS-485, LoRaWAN and Ethernet in canonical order
  ---
  duration_ms: 3.029457
  type: 'test'
  ...
# Subtest: topology validation rejects direct TC300-to-UG67 shortcuts and incorrect media
ok 204 - topology validation rejects direct TC300-to-UG67 shortcuts and incorrect media
  ---
  duration_ms: 9.98351
  type: 'test'
  ...
# Subtest: reachability isolates failures to dependent paths and identifies the cause
ok 205 - reachability isolates failures to dependent paths and identifies the cause
  ---
  duration_ms: 1.593967
  type: 'test'
  ...
# Subtest: all configured nodes can reach Niagara without inventing reverse or shortcut links
ok 206 - all configured nodes can reach Niagara without inventing reverse or shortcut links
  ---
  duration_ms: 1.487589
  type: 'test'
  ...
# Subtest: topology validation rejects every extra edge, including non-TC shortcuts
ok 207 - topology validation rejects every extra edge, including non-TC shortcuts
  ---
  duration_ms: 4.399369
  type: 'test'
  ...
# Subtest: topology validation rejects missing edges and endpoint or type mutations
ok 208 - topology validation rejects missing edges and endpoint or type mutations
  ---
  duration_ms: 7.288243
  type: 'test'
  ...
# Subtest: topology validation rejects a native-driver claim replacing the conceptual Niagara label
ok 209 - topology validation rejects a native-driver claim replacing the conceptual Niagara label
  ---
  duration_ms: 2.047474
  type: 'test'
  ...
1..209
# tests 209
# suites 0
# pass 209
# fail 0
# cancelled 0
# skipped 0
# todo 0
# duration_ms 1158.085021
