TAP version 13
# Subtest: healthy simulation has no active alarms
ok 1 - healthy simulation has no active alarms
  ---
  duration_ms: 27.161715
  type: 'test'
  ...
# Subtest: high and low temperature faults identify device, zone, severity and Niagara delivery
ok 2 - high and low temperature faults identify device, zone, severity and Niagara delivery
  ---
  duration_ms: 9.905556
  type: 'test'
  ...
# Subtest: a TC300 communication loss stops only that device data and clears on restore
ok 3 - a TC300 communication loss stops only that device data and clears on restore
  ---
  duration_ms: 4.891991
  type: 'test'
  ...
# Subtest: UC100-B failure propagates reachability alarms only to Sala 1–4 thermostats
ok 4 - UC100-B failure propagates reachability alarms only to Sala 1–4 thermostats
  ---
  duration_ms: 14.636155
  type: 'test'
  ...
# Subtest: Internet loss marks all thermostat paths unavailable while retaining their local communication
ok 5 - Internet loss marks all thermostat paths unavailable while retaining their local communication
  ---
  duration_ms: 3.421137
  type: 'test'
  ...
# Subtest: shell plan preserves the 60 by 45 metre footprint and exact depth bands
ok 6 - shell plan preserves the 60 by 45 metre footprint and exact depth bands
  ---
  duration_ms: 58.666962
  type: 'test'
  ...
# Subtest: shell plan exposes four auditorium portals per side in stable room order
ok 7 - shell plan exposes four auditorium portals per side in stable room order
  ---
  duration_ms: 30.351566
  type: 'test'
  ...
# Subtest: auditorium perimeter walls rise to each configured family height
ok 8 - auditorium perimeter walls rise to each configured family height
  ---
  duration_ms: 4.443285
  type: 'test'
  ...
# Subtest: rear technical rooms remain disjoint from the service circulation strip
ok 9 - rear technical rooms remain disjoint from the service circulation strip
  ---
  duration_ms: 12.185451
  type: 'test'
  ...
# Subtest: facade plan includes a red marquee, legible identity mass and accessible entrance bank
ok 10 - facade plan includes a red marquee, legible identity mass and accessible entrance bank
  ---
  duration_ms: 4.558152
  type: 'test'
  ...
# Subtest: blockout correction exposes countable auditorium and front-of-house proxies
ok 11 - blockout correction exposes countable auditorium and front-of-house proxies
  ---
  duration_ms: 17.181704
  type: 'test'
  ...
# Subtest: final blockout retry repeats three categorical auditorium family profiles
ok 12 - final blockout retry repeats three categorical auditorium family profiles
  ---
  duration_ms: 25.004507
  type: 'test'
  ...
# Subtest: every auditorium proxy declares continuous aisle and a visibly empty wheelchair notch
ok 13 - every auditorium proxy declares continuous aisle and a visibly empty wheelchair notch
  ---
  duration_ms: 3.029643
  type: 'test'
  ...
# Subtest: Sala 3 RS-485 trunk is lowered and routed along the corridor edge
ok 14 - Sala 3 RS-485 trunk is lowered and routed along the corridor edge
  ---
  duration_ms: 4.09671
  type: 'test'
  ...
# Subtest: blockout correction exposes exact endpoint and media proxy counts
ok 15 - blockout correction exposes exact endpoint and media proxy counts
  ---
  duration_ms: 11.901539
  type: 'test'
  ...
# Subtest: application composition wires only the surface shell asset builder into the runtime
ok 16 - application composition wires only the surface shell asset builder into the runtime
  ---
  duration_ms: 45.811949
  type: 'test'
  ...
# Subtest: silhouette reset exposes one-view room, family, FOH and rear-strip billboards
ok 17 - silhouette reset exposes one-view room, family, FOH and rear-strip billboards
  ---
  duration_ms: 3.513483
  type: 'test'
  ...
# Subtest: silhouette reset keeps device geometry true-scale and adds countable halo labels
ok 18 - silhouette reset keeps device geometry true-scale and adds countable halo labels
  ---
  duration_ms: 2.46684
  type: 'test'
  ...
# Subtest: silhouette reset separates FOH silhouettes and leaves checkpoint access open
ok 19 - silhouette reset separates FOH silhouettes and leaves checkpoint access open
  ---
  duration_ms: 3.138829
  type: 'test'
  ...
# Subtest: silhouette reset spreads LoRa lanes and the external client fan without changing semantics
ok 20 - silhouette reset spreads LoRa lanes and the external client fan without changing semantics
  ---
  duration_ms: 3.340102
  type: 'test'
  ...
# Subtest: structural plan declares buildable slab, wall and family-height roof sections
ok 21 - structural plan declares buildable slab, wall and family-height roof sections
  ---
  duration_ms: 3.808467
  type: 'test'
  ...
# Subtest: structural plan uses true framed openings for auditorium and emergency doors
ok 22 - structural plan uses true framed openings for auditorium and emergency doors
  ---
  duration_ms: 3.110601
  type: 'test'
  ...
# Subtest: structural facade has five framed glazed entries with an accessible centre opening and supported signage
ok 23 - structural facade has five framed glazed entries with an accessible centre opening and supported signage
  ---
  duration_ms: 3.901912
  type: 'test'
  ...
# Subtest: structural rear technical rooms have walls and doors opening into the disjoint service corridor
ok 24 - structural rear technical rooms have walls and doors opening into the disjoint service corridor
  ---
  duration_ms: 6.02531
  type: 'test'
  ...
# Subtest: structural containment exposes owned contact-coherent sockets without physical LoRa geometry
ok 25 - structural containment exposes owned contact-coherent sockets without physical LoRa geometry
  ---
  duration_ms: 2.602033
  type: 'test'
  ...
# Subtest: structural device bodies use documented real dimensions while labels provide legibility
ok 26 - structural device bodies use documented real dimensions while labels provide legibility
  ---
  duration_ms: 2.578995
  type: 'test'
  ...
# Subtest: structural evidence corrections improve front labels and technical anchor spread
ok 27 - structural evidence corrections improve front labels and technical anchor spread
  ---
  duration_ms: 2.850957
  type: 'test'
  ...
# Subtest: materials realism reset uses charcoal frames, neutral later-asset proxies, and a true labels layer
ok 28 - materials realism reset uses charcoal frames, neutral later-asset proxies, and a true labels layer
  ---
  duration_ms: 15.095541
  type: 'test'
  ...
# Subtest: structural attempt 2 joins the kitchen hood outlet to a visible vertical extract duct
ok 29 - structural attempt 2 joins the kitchen hood outlet to a visible vertical extract duct
  ---
  duration_ms: 2.720872
  type: 'test'
  ...
# Subtest: structural attempt 2 makes every public, auditorium and emergency opening contact-readable
ok 30 - structural attempt 2 makes every public, auditorium and emergency opening contact-readable
  ---
  duration_ms: 2.9113
  type: 'test'
  ...
# Subtest: structural attempt 2 aligns the accessible forecourt route and fully attaches facade supports
ok 31 - structural attempt 2 aligns the accessible forecourt route and fully attaches facade supports
  ---
  duration_ms: 5.016921
  type: 'test'
  ...
# Subtest: structural attempt 2 containment runs terminal-to-terminal through visible junctions and sleeves
ok 32 - structural attempt 2 containment runs terminal-to-terminal through visible junctions and sleeves
  ---
  duration_ms: 2.600927
  type: 'test'
  ...
# Subtest: structural attempt 2 exposes geometry-only 2/4/2 family profiles and human scale references
ok 33 - structural attempt 2 exposes geometry-only 2/4/2 family profiles and human scale references
  ---
  duration_ms: 5.918306
  type: 'test'
  ...
# Subtest: structural attempt 3 gives every family master comparable cinema-specific geometry
ok 34 - structural attempt 3 gives every family master comparable cinema-specific geometry
  ---
  duration_ms: 2.386242
  type: 'test'
  ...
# Subtest: structural attempt 3 keeps all RS-485 routes tray-backed and terminal complete
ok 35 - structural attempt 3 keeps all RS-485 routes tray-backed and terminal complete
  ---
  duration_ms: 2.894105
  type: 'test'
  ...
# Subtest: structural attempt 3 roof services overlap plenums, mains and owned sleeves
ok 36 - structural attempt 3 roof services overlap plenums, mains and owned sleeves
  ---
  duration_ms: 4.427846
  type: 'test'
  ...
# Subtest: config exposes the exact cinema and device inventory
ok 37 - config exposes the exact cinema and device inventory
  ---
  duration_ms: 12.280006
  type: 'test'
  ...
# Subtest: auditorium families and capacities satisfy the required distribution
ok 38 - auditorium families and capacities satisfy the required distribution
  ---
  duration_ms: 1.97553
  type: 'test'
  ...
# Subtest: all TC300 placements are neutral, 1.5 m AFF and clear of prohibited influences
ok 39 - all TC300 placements are neutral, 1.5 m AFF and clear of prohibited influences
  ---
  duration_ms: 0.719388
  type: 'test'
  ...
# Subtest: configuration validation accepts the canonical config and rejects count or placement drift
ok 40 - configuration validation accepts the canonical config and rejects count or placement drift
  ---
  duration_ms: 13.158105
  type: 'test'
  ...
# Subtest: authoritative identifiers and collections cannot be mutated at runtime
ok 41 - authoritative identifiers and collections cannot be mutated at runtime
  ---
  duration_ms: 2.392443
  type: 'test'
  ...
# Subtest: validation enforces global identity and exact TC300, UC100, UG67 and Niagara inventories
ok 42 - validation enforces global identity and exact TC300, UC100, UG67 and Niagara inventories
  ---
  duration_ms: 11.411136
  type: 'test'
  ...
# Subtest: validation rejects any membership drift, including unknown, missing and duplicate members
ok 43 - validation rejects any membership drift, including unknown, missing and duplicate members
  ---
  duration_ms: 12.228203
  type: 'test'
  ...
# Subtest: canonical placement is exact and permits only the documented 0.15 m wall-face tolerance
ok 44 - canonical placement is exact and permits only the documented 0.15 m wall-face tolerance
  ---
  duration_ms: 5.516422
  type: 'test'
  ...
# Subtest: the runtime rig is the house key/fill/rim/ambient rig, in the spec ratios
ok 45 - the runtime rig is the house key/fill/rim/ambient rig, in the spec ratios
  ---
  duration_ms: 89.291621
  type: 'test'
  ...
# Subtest: the key light shadow frustum encloses the whole building and is baked, not per-frame
ok 46 - the key light shadow frustum encloses the whole building and is baked, not per-frame
  ---
  duration_ms: 4.352312
  type: 'test'
  ...
# Subtest: tone mapping and fog come from the lighting authority and keep the hero framing readable
ok 47 - tone mapping and fog come from the lighting authority and keep the hero framing readable
  ---
  duration_ms: 3.833034
  type: 'test'
  ...
# Subtest: every hero framing sits inside the house azimuth/elevation band
ok 48 - every hero framing sits inside the house azimuth/elevation band
  ---
  duration_ms: 1.144351
  type: 'test'
  ...
# Subtest: the cinema emission ladder falls strictly from facade to auditorium and never goes dark
ok 49 - the cinema emission ladder falls strictly from facade to auditorium and never goes dark
  ---
  duration_ms: 8.146318
  type: 'test'
  ...
# Subtest: correction 1: no interior surface reflects the exterior rig at full strength
ok 50 - correction 1: no interior surface reflects the exterior rig at full strength
  ---
  duration_ms: 141.034659
  type: 'test'
  ...
# Subtest: correction 2: the four-tier luminance ladder is real in the pixels, not in the rig
ok 51 - correction 2: the four-tier luminance ladder is real in the pixels, not in the rig
  ---
  duration_ms: 36.490666
  type: 'test'
  ...
# Subtest: correction 3: the auditorium is a dark room whose fixtures carve the seat blocks out
ok 52 - correction 3: the auditorium is a dark room whose fixtures carve the seat blocks out
  ---
  duration_ms: 34.241392
  type: 'test'
  ...
# Subtest: correction 4: light_state=off darkens the corridor and the sala, not just a few strips
ok 53 - correction 4: light_state=off darkens the corridor and the sala, not just a few strips
  ---
  duration_ms: 29.42375
  type: 'test'
  ...
# Subtest: correction 4: the runtime switches its interior fixtures with the house lights
ok 54 - correction 4: the runtime switches its interior fixtures with the house lights
  ---
  duration_ms: 19.512226
  type: 'test'
  ...
# Subtest: correction 5: lobby ceiling panels light the room and the red accents out-luminate the wall
ok 55 - correction 5: lobby ceiling panels light the room and the red accents out-luminate the wall
  ---
  duration_ms: 47.96188
  type: 'test'
  ...
# Subtest: correction 6: the corridor is lit by its own warm strips, and stays the dim rung
ok 56 - correction 6: the corridor is lit by its own warm strips, and stays the dim rung
  ---
  duration_ms: 27.163871
  type: 'test'
  ...
# Subtest: correction 7: the rim light rims edges and never tints a roof plane or a wall green
ok 57 - correction 7: the rim light rims edges and never tints a roof plane or a wall green
  ---
  duration_ms: 1.454093
  type: 'test'
  ...
# Subtest: correction 8: the facade preset places the building instead of stranding it
ok 58 - correction 8: the facade preset places the building instead of stranding it
  ---
  duration_ms: 16.885291
  type: 'test'
  ...
# Subtest: correction 9: the lobby preset frames the entrance/concession axis, not a bare corner
ok 59 - correction 9: the lobby preset frames the entrance/concession axis, not a bare corner
  ---
  duration_ms: 1.084756
  type: 'test'
  ...
# Subtest: correction 10: the interior presets are capped by a dark ceiling, except in engineering
ok 60 - correction 10: the interior presets are capped by a dark ceiling, except in engineering
  ---
  duration_ms: 16.276647
  type: 'test'
  ...
# Subtest: correction 11: every emission channel is brighter with the lights on than with them off
ok 61 - correction 11: every emission channel is brighter with the lights on than with them off
  ---
  duration_ms: 1.919501
  type: 'test'
  ...
# Subtest: correction 12: the shell panels break their highlight up across the elevation
ok 62 - correction 12: the shell panels break their highlight up across the elevation
  ---
  duration_ms: 1.813392
  type: 'test'
  ...
# Subtest: correction 13: the engineering fill is raised so TC300 labels stay legible
ok 63 - correction 13: the engineering fill is raised so TC300 labels stay legible
  ---
  duration_ms: 0.715959
  type: 'test'
  ...
# Subtest: the lighting zone of a surface is derived from the plan bands, never hand-tagged
ok 64 - the lighting zone of a surface is derived from the plan bands, never hand-tagged
  ---
  duration_ms: 1.730655
  type: 'test'
  ...
# Subtest: light_state is a deterministic query state and only touches the emission channels
ok 65 - light_state is a deterministic query state and only touches the emission channels
  ---
  duration_ms: 7.751741
  type: 'test'
  ...
# Subtest: correction: RS-485 renders as saturated spec green rather than a blown-out mint halo
ok 66 - correction: RS-485 renders as saturated spec green rather than a blown-out mint halo
  ---
  duration_ms: 0.483509
  type: 'test'
  ...
# Subtest: correction: LoRaWAN stays in the blue family and reads as a dash, never as a white bead
ok 67 - correction: LoRaWAN stays in the blue family and reads as a dash, never as a white bead
  ---
  duration_ms: 1.106825
  type: 'test'
  ...
# Subtest: correction: the emissive media still out-luminates the translucent engineering shell
ok 68 - correction: the emissive media still out-luminates the translucent engineering shell
  ---
  duration_ms: 1.397078
  type: 'test'
  ...
# Subtest: correction: stacked translucent shell layers cannot accumulate into milky ghosting
ok 69 - correction: stacked translucent shell layers cannot accumulate into milky ghosting
  ---
  duration_ms: 28.96491
  type: 'test'
  ...
# Subtest: correction: the material registry applies the derived shell opacity in engineering mode
ok 70 - correction: the material registry applies the derived shell opacity in engineering mode
  ---
  duration_ms: 1.647273
  type: 'test'
  ...
# Subtest: correction: the TC300 status ring reads as a lit device without inflating the housing
ok 71 - correction: the TC300 status ring reads as a lit device without inflating the housing
  ---
  duration_ms: 19.345566
  type: 'test'
  ...
# Subtest: correction: the endpoint owning the active preset zone is labelled at that preset
ok 72 - correction: the endpoint owning the active preset zone is labelled at that preset
  ---
  duration_ms: 17.280367
  type: 'test'
  ...
# Subtest: correction: the reframed concessions preset holds both its service line and TC300-02
ok 73 - correction: the reframed concessions preset holds both its service line and TC300-02
  ---
  duration_ms: 0.697905
  type: 'test'
  ...
# Subtest: attempt 3 — every sampled surface is a real box the builder emits in that zone
ok 74 - attempt 3 — every sampled surface is a real box the builder emits in that zone
  ---
  duration_ms: 31.374921
  type: 'test'
  ...
# Subtest: attempt 3 correction 1: the corridor is a REAL tier — no structural surface is black
ok 75 - attempt 3 correction 1: the corridor is a REAL tier — no structural surface is black
  ---
  duration_ms: 4.792341
  type: 'test'
  ...
# Subtest: attempt 3 correction 2: the auditorium seat blocks are CARVED OUT, not erased
ok 76 - attempt 3 correction 2: the auditorium seat blocks are CARVED OUT, not erased
  ---
  duration_ms: 2.979502
  type: 'test'
  ...
# Subtest: attempt 3 correction 3: emissive exit signs exist INSIDE the auditoriums and are framed
ok 77 - attempt 3 correction 3: emissive exit signs exist INSIDE the auditoriums and are framed
  ---
  duration_ms: 18.294371
  type: 'test'
  ...
# Subtest: attempt 3 correction 4: the marquee is a REAL emission channel and its spill dies with it
ok 78 - attempt 3 correction 4: the marquee is a REAL emission channel and its spill dies with it
  ---
  duration_ms: 23.916582
  type: 'test'
  ...
# Subtest: attempt 3 correction 5 + 6: the facade fills the frame and the elevation has falloff
ok 79 - attempt 3 correction 5 + 6: the facade fills the frame and the elevation has falloff
  ---
  duration_ms: 3.540954
  type: 'test'
  ...
# Subtest: attempt 3 correction 7 + 8: the lobby ceiling is a lit surface and the corridor end wall is not unlit
ok 80 - attempt 3 correction 7 + 8: the lobby ceiling is a lit surface and the corridor end wall is not unlit
  ---
  duration_ms: 20.022874
  type: 'test'
  ...
# Subtest: attempt 3 correction 9: the engineering fill separates device markers from the shell
ok 81 - attempt 3 correction 9: the engineering fill separates device markers from the shell
  ---
  duration_ms: 4.069028
  type: 'test'
  ...
# Subtest: attempt 3: the four-tier ladder is monotone AND every tier stays out of the black
ok 82 - attempt 3: the four-tier ladder is monotone AND every tier stays out of the black
  ---
  duration_ms: 3.35354
  type: 'test'
  ...
# Subtest: attempt 3: the corridor side walls are lit as CORRIDOR, not as auditorium
ok 83 - attempt 3: the corridor side walls are lit as CORRIDOR, not as auditorium
  ---
  duration_ms: 17.487337
  type: 'test'
  ...
# Subtest: attempt 3: the light count stays inside budget
ok 84 - attempt 3: the light count stays inside budget
  ---
  duration_ms: 0.682472
  type: 'test'
  ...
# Subtest: L2 — every sampled surface is a real box the builder emits in that zone
ok 85 - L2 — every sampled surface is a real box the builder emits in that zone
  ---
  duration_ms: 23.007003
  type: 'test'
  ...
# Subtest: L2 — the four-surface contract: every zone is sampled on ceiling, floor, wall and door
ok 86 - L2 — the four-surface contract: every zone is sampled on ceiling, floor, wall and door
  ---
  duration_ms: 1.115855
  type: 'test'
  ...
# Subtest: L2 — house lights are GLOBAL: a fixture lights every surface in range, not only its own zone
ok 87 - L2 — house lights are GLOBAL: a fixture lights every surface in range, not only its own zone
  ---
  duration_ms: 3.171811
  type: 'test'
  ...
# Subtest: L2 CORRECTION 1 — the auditorium ceiling is the DARKEST ceiling in the building
ok 88 - L2 CORRECTION 1 — the auditorium ceiling is the DARKEST ceiling in the building
  ---
  duration_ms: 1.465165
  type: 'test'
  ...
# Subtest: L2 CORRECTION 1 — no auditorium surface exceeds the corridor's brightest surface
ok 89 - L2 CORRECTION 1 — no auditorium surface exceeds the corridor's brightest surface
  ---
  duration_ms: 4.589574
  type: 'test'
  ...
# Subtest: L2 CORRECTION 1 — the ladder holds SURFACE BY SURFACE, on one albedo at a time
ok 90 - L2 CORRECTION 1 — the ladder holds SURFACE BY SURFACE, on one albedo at a time
  ---
  duration_ms: 2.611324
  type: 'test'
  ...
# Subtest: L2 CORRECTION 1 + 2 — dim is not black: every zone holds a minimum floor
ok 91 - L2 CORRECTION 1 + 2 — dim is not black: every zone holds a minimum floor
  ---
  duration_ms: 3.118053
  type: 'test'
  ...
# Subtest: L2 CORRECTION 2 — the auditorium is CARVED by its aisle LEDs, exit signs and screen bounce
ok 92 - L2 CORRECTION 2 — the auditorium is CARVED by its aisle LEDs, exit signs and screen bounce
  ---
  duration_ms: 1.000726
  type: 'test'
  ...
# Subtest: L2 CORRECTION 3 — the in-room exit signs present a READABLE face to the sala cameras
ok 93 - L2 CORRECTION 3 — the in-room exit signs present a READABLE face to the sala cameras
  ---
  duration_ms: 13.384396
  type: 'test'
  ...
# Subtest: L2 CORRECTION 4 — the facade FILLS the frame and the marquee is not clipped
ok 94 - L2 CORRECTION 4 — the facade FILLS the frame and the marquee is not clipped
  ---
  duration_ms: 0.610873
  type: 'test'
  ...
# Subtest: L2 CORRECTION 5 — the forecourt is a POOL that dies with the house lights
ok 95 - L2 CORRECTION 5 — the forecourt is a POOL that dies with the house lights
  ---
  duration_ms: 0.932059
  type: 'test'
  ...
# Subtest: L2 CORRECTION 6 — the shell and the plaza break their specular up across the elevation
ok 96 - L2 CORRECTION 6 — the shell and the plaza break their specular up across the elevation
  ---
  duration_ms: 11.836813
  type: 'test'
  ...
# Subtest: L2 CORRECTION 7 — the lobby FLOOR is gated on the house-light channel
ok 97 - L2 CORRECTION 7 — the lobby FLOOR is gated on the house-light channel
  ---
  duration_ms: 1.190012
  type: 'test'
  ...
# Subtest: L2 CORRECTION 8 — the engineering neutral fill lifts the shell off the background
ok 98 - L2 CORRECTION 8 — the engineering neutral fill lifts the shell off the background
  ---
  duration_ms: 6.099706
  type: 'test'
  ...
# Subtest: L2 — the light count went DOWN, not up
ok 99 - L2 — the light count went DOWN, not up
  ---
  duration_ms: 0.357455
  type: 'test'
  ...
# Subtest: final material response calibration publishes a physically separated shell palette
ok 100 - final material response calibration publishes a physically separated shell palette
  ---
  duration_ms: 18.559291
  type: 'test'
  ...
# Subtest: registry creates shared procedural response maps instead of graphic textures
ok 101 - registry creates shared procedural response maps instead of graphic textures
  ---
  duration_ms: 16.520941
  type: 'test'
  ...
# Subtest: registry shares canonical and dynamic materials without per-instance churn
ok 102 - registry shares canonical and dynamic materials without per-instance churn
  ---
  duration_ms: 36.279867
  type: 'test'
  ...
# Subtest: engineering mode makes every registered shell material translucent and restores defaults
ok 103 - engineering mode makes every registered shell material translucent and restores defaults
  ---
  duration_ms: 4.403043
  type: 'test'
  ...
# Subtest: registry disposes each shared material exactly once even through aliases
ok 104 - registry disposes each shared material exactly once even through aliases
  ---
  duration_ms: 3.714242
  type: 'test'
  ...
# Subtest: network schematic derives the exact canonical topology without becoming physical truth
ok 105 - network schematic derives the exact canonical topology without becoming physical truth
  ---
  duration_ms: 60.004699
  type: 'test'
  ...
# Subtest: network schematic rejects membership, media, shortcut and architecture-plan drift
ok 106 - network schematic rejects membership, media, shortcut and architecture-plan drift
  ---
  duration_ms: 22.452274
  type: 'test'
  ...
# Subtest: board front face points toward every camera that captures the diagram
ok 107 - board front face points toward every camera that captures the diagram
  ---
  duration_ms: 0.968237
  type: 'test'
  ...
# Subtest: detail camera frames the whole board on the portrait viewport the capture harness uses
ok 108 - detail camera frames the whole board on the portrait viewport the capture harness uses
  ---
  duration_ms: 0.615816
  type: 'test'
  ...
# Subtest: board layout keeps four LoRaWAN lanes separated, ordered and inside safe bounds
ok 109 - board layout keeps four LoRaWAN lanes separated, ordered and inside safe bounds
  ---
  duration_ms: 15.405628
  type: 'test'
  ...
# Subtest: board texture uses one 2048 × 840 sRGB CanvasTexture and renders canonical labels
ok 110 - board texture uses one 2048 × 840 sRGB CanvasTexture and renders canonical labels
  ---
  duration_ms: 13.91907
  type: 'test'
  ...
# Subtest: camera evidence policy shows one truth and restores physical detail outside the schematic view
ok 111 - camera evidence policy shows one truth and restores physical detail outside the schematic view
  ---
  duration_ms: 1.053076
  type: 'test'
  ...
# Subtest: query state has a stable canonical default and serializes in contract order
ok 112 - query state has a stable canonical default and serializes in contract order
  ---
  duration_ms: 13.475697
  type: 'test'
  ...
# Subtest: query state accepts a complete engineering inspection state
ok 113 - query state accepts a complete engineering inspection state
  ---
  duration_ms: 2.407633
  type: 'test'
  ...
# Subtest: query state accepts DesignSpec blockout camera and state vocabulary
ok 114 - query state accepts DesignSpec blockout camera and state vocabulary
  ---
  duration_ms: 1.71261
  type: 'test'
  ...
# Subtest: malformed query tokens fall back atomically and emit one warning
ok 115 - malformed query tokens fall back atomically and emit one warning
  ---
  duration_ms: 1.963349
  type: 'test'
  ...
# Subtest: camera controller applies presets and bounds first-person movement
ok 116 - camera controller applies presets and bounds first-person movement
  ---
  duration_ms: 8.220298
  type: 'test'
  ...
# Subtest: fixed evidence cameras frame targets tightly and apply their field of view
ok 117 - fixed evidence cameras frame targets tightly and apply their field of view
  ---
  duration_ms: 28.442447
  type: 'test'
  ...
# Subtest: structural evidence preserves grazing/network views and improves Sala 3 framing
ok 118 - structural evidence preserves grazing/network views and improves Sala 3 framing
  ---
  duration_ms: 1.78397
  type: 'test'
  ...
# Subtest: the scene still delivers neutral interior value after the look-dev rig is replaced
ok 119 - the scene still delivers neutral interior value after the look-dev rig is replaced
  ---
  duration_ms: 36.649234
  type: 'test'
  ...
# Subtest: materials realism reset adds a neutral PMREM response rig and restrained fill
ok 120 - materials realism reset adds a neutral PMREM response rig and restrained fill
  ---
  duration_ms: 7.887396
  type: 'test'
  ...
# Subtest: final materials attempt scopes exposure and key angle changes to the grazing look-dev camera
ok 121 - final materials attempt scopes exposure and key angle changes to the grazing look-dev camera
  ---
  duration_ms: 8.166508
  type: 'test'
  ...
# Subtest: query state accepts the DesignSpec grazing evidence camera
ok 122 - query state accepts the DesignSpec grazing evidence camera
  ---
  duration_ms: 1.223393
  type: 'test'
  ...
# Subtest: surface evidence frames parse and serialize deterministically
ok 123 - surface evidence frames parse and serialize deterministically
  ---
  duration_ms: 0.870298
  type: 'test'
  ...
# Subtest: materials pass accepts deterministic material state and reference-match camera
ok 124 - materials pass accepts deterministic material state and reference-match camera
  ---
  duration_ms: 0.369589
  type: 'test'
  ...
# Subtest: materials look-dev cameras match the DesignSpec neutral, grazing and reference views
ok 125 - materials look-dev cameras match the DesignSpec neutral, grazing and reference views
  ---
  duration_ms: 1.164111
  type: 'test'
  ...
# Subtest: structural attempt 3 accepts dedicated family, RS-485 and roof-service evidence cameras
ok 126 - structural attempt 3 accepts dedicated family, RS-485 and roof-service evidence cameras
  ---
  duration_ms: 0.479814
  type: 'test'
  ...
# Subtest: structural attempt 3 evidence cameras compare family masters and roof containment
ok 127 - structural attempt 3 evidence cameras compare family masters and roof containment
  ---
  duration_ms: 0.656973
  type: 'test'
  ...
# Subtest: materials grazing camera is a low facade and circulation three-quarter
ok 128 - materials grazing camera is a low facade and circulation three-quarter
  ---
  duration_ms: 2.8002
  type: 'test'
  ...
# Subtest: materials floor camera exposes public tile and corridor carpet in one finish comparison
ok 129 - materials floor camera exposes public tile and corridor carpet in one finish comparison
  ---
  duration_ms: 0.58286
  type: 'test'
  ...
# Subtest: layer controller switches modes, views and clipping without inventing assets
ok 130 - layer controller switches modes, views and clipping without inventing assets
  ---
  duration_ms: 1.788105
  type: 'test'
  ...
# Subtest: runtime caps DPR and creates empty semantic layer groups
ok 131 - runtime caps DPR and creates empty semantic layer groups
  ---
  duration_ms: 0.95434
  type: 'test'
  ...
# Subtest: HTML shell exposes Spanish project identity and semantic controls
ok 132 - HTML shell exposes Spanish project identity and semantic controls
  ---
  duration_ms: 16.879372
  type: 'test'
  ...
# Subtest: same seed and tick produce identical telemetry while another seed differs
ok 133 - same seed and tick produce identical telemetry while another seed differs
  ---
  duration_ms: 18.215947
  type: 'test'
  ...
# Subtest: normal telemetry stays bounded and changes slowly with occupancy and packet metrics
ok 134 - normal telemetry stays bounded and changes slowly with occupancy and packet metrics
  ---
  duration_ms: 2.381502
  type: 'test'
  ...
# Subtest: setpoints are configurable, clamped and do not mutate the prior snapshot
ok 135 - setpoints are configurable, clamped and do not mutate the prior snapshot
  ---
  duration_ms: 9.435594
  type: 'test'
  ...
# Subtest: fault injection is deterministic and restoring a fault rebuilds the nominal state
ok 136 - fault injection is deterministic and restoring a fault rebuilds the nominal state
  ---
  duration_ms: 8.275604
  type: 'test'
  ...
# Subtest: immutable store dispatches deterministic ticks, setpoints and reversible faults
ok 137 - immutable store dispatches deterministic ticks, setpoints and reversible faults
  ---
  duration_ms: 22.09652
  type: 'test'
  ...
# Subtest: board correction 1/3: every schematic edge carries an arrowhead longer edges than the glyph
ok 138 - board correction 1/3: every schematic edge carries an arrowhead longer edges than the glyph
  ---
  duration_ms: 8.488061
  type: 'test'
  ...
# Subtest: board correction 2: every caption fits inside its own box at the minimum legible size
ok 139 - board correction 2: every caption fits inside its own box at the minimum legible size
  ---
  duration_ms: 3.363659
  type: 'test'
  ...
# Subtest: board correction 4: the bridge pill sits clear of the UG67 node and four RF ports are labelled
ok 140 - board correction 4: the bridge pill sits clear of the UG67 node and four RF ports are labelled
  ---
  duration_ms: 11.794222
  type: 'test'
  ...
# Subtest: correction 5: network media stay above the legibility floor at the complete-network camera
ok 141 - correction 5: network media stay above the legibility floor at the complete-network camera
  ---
  duration_ms: 3.449036
  type: 'test'
  ...
# Subtest: correction 6: the external Ethernet run connects UG67 to router, internet, Niagara and clients
ok 142 - correction 6: the external Ethernet run connects UG67 to router, internet, Niagara and clients
  ---
  duration_ms: 12.444607
  type: 'test'
  ...
# Subtest: correction 7: lobby, concessions and kitchen sit inside the public band with the roof clipped
ok 143 - correction 7: lobby, concessions and kitchen sit inside the public band with the roof clipped
  ---
  duration_ms: 7.190018
  type: 'test'
  ...
# Subtest: correction 8: technical labels are engineering-only unless labels are explicitly requested
ok 144 - correction 8: technical labels are engineering-only unless labels are explicitly requested
  ---
  duration_ms: 4.163872
  type: 'test'
  ...
# Subtest: correction 9: the facade poster bank owns four generated panels that change between frames
ok 145 - correction 9: the facade poster bank owns four generated panels that change between frames
  ---
  duration_ms: 8.467113
  type: 'test'
  ...
# Subtest: correction 10: menu boards are counter-scaled and mounted on the service back wall
ok 146 - correction 10: menu boards are counter-scaled and mounted on the service back wall
  ---
  duration_ms: 5.178626
  type: 'test'
  ...
# Subtest: correction 11: POS, snack machine and corridor wayfinding cues are generated geometry
ok 147 - correction 11: POS, snack machine and corridor wayfinding cues are generated geometry
  ---
  duration_ms: 6.295895
  type: 'test'
  ...
# Subtest: correction 12: auditorium side walls receive a charcoal acoustic lining
ok 148 - correction 12: auditorium side walls receive a charcoal acoustic lining
  ---
  duration_ms: 4.23427
  type: 'test'
  ...
# Subtest: correction 13: engineering contrast lowers seat and zone bleed and lifts media emission
ok 149 - correction 13: engineering contrast lowers seat and zone bleed and lifts media emission
  ---
  duration_ms: 7.126515
  type: 'test'
  ...
# Subtest: correction 1: every TC300 is a surface device with a dark-glass face and a blue status ring
ok 150 - correction 1: every TC300 is a surface device with a dark-glass face and a blue status ring
  ---
  duration_ms: 172.621688
  type: 'test'
  ...
# Subtest: correction 1: TC300 ID chips are readable and distance-culled at the five evidence presets
ok 151 - correction 1: TC300 ID chips are readable and distance-culled at the five evidence presets
  ---
  duration_ms: 12.698525
  type: 'test'
  ...
# Subtest: correction 2: every RS-485 drop terminates on the TC300 face behind a terminal gland
ok 152 - correction 2: every RS-485 drop terminates on the TC300 face behind a terminal gland
  ---
  duration_ms: 40.474665
  type: 'test'
  ...
# Subtest: correction 3: the diagram board occludes neither the shell nor the Ethernet run at complete-network
ok 153 - correction 3: the diagram board occludes neither the shell nor the Ethernet run at complete-network
  ---
  duration_ms: 12.683508
  type: 'test'
  ...
# Subtest: correction 4: LoRaWAN reads dashed and cyan while Ethernet stays a continuous, deeper blue tube
ok 154 - correction 4: LoRaWAN reads dashed and cyan while Ethernet stays a continuous, deeper blue tube
  ---
  duration_ms: 37.743566
  type: 'test'
  ...
# Subtest: correction 5: the RS-485 conductor is exposed beside its tray, at any evidence media scale
ok 155 - correction 5: the RS-485 conductor is exposed beside its tray, at any evidence media scale
  ---
  duration_ms: 24.435474
  type: 'test'
  ...
# Subtest: correction 6: the UG67 RF tick marks belong to engineering only
ok 156 - correction 6: the UG67 RF tick marks belong to engineering only
  ---
  duration_ms: 22.395566
  type: 'test'
  ...
# Subtest: correction 7: the UG67 node captions and the RF port captions never overlap
ok 157 - correction 7: the UG67 node captions and the RF port captions never overlap
  ---
  duration_ms: 3.656321
  type: 'test'
  ...
# Subtest: correction 8: the facade preset frames the entire poster bank in both poster frames
ok 158 - correction 8: the facade preset frames the entire poster bank in both poster frames
  ---
  duration_ms: 4.019112
  type: 'test'
  ...
# Subtest: correction 9: the concession counter carries popcorn and refrigeration displays
ok 159 - correction 9: the concession counter carries popcorn and refrigeration displays
  ---
  duration_ms: 21.464123
  type: 'test'
  ...
# Subtest: correction 9: the lobby preset centres the ticketing and kiosk cluster
ok 160 - correction 9: the lobby preset centres the ticketing and kiosk cluster
  ---
  duration_ms: 3.493843
  type: 'test'
  ...
# Subtest: surface plan owns every required shell detail without protected film content
ok 161 - surface plan owns every required shell detail without protected film content
  ---
  duration_ms: 17.307145
  type: 'test'
  ...
# Subtest: surface placement contract rejects giant, non-finite or wrongly parented planes
ok 162 - surface placement contract rejects giant, non-finite or wrongly parented planes
  ---
  duration_ms: 2.58509
  type: 'test'
  ...
# Subtest: surface correction caps one route-attached arrowhead without lateral or vertical float
ok 163 - surface correction caps one route-attached arrowhead without lateral or vertical float
  ---
  duration_ms: 4.413627
  type: 'test'
  ...
# Subtest: surface correction anchors the cone base on the sampled route and follows its 3D tangent
ok 164 - surface correction anchors the cone base on the sampled route and follows its 3D tangent
  ---
  duration_ms: 2.637986
  type: 'test'
  ...
# Subtest: surface correction preserves route contact while scaling arrows into the screen-space band
ok 165 - surface correction preserves route contact while scaling arrows into the screen-space band
  ---
  duration_ms: 1.90548
  type: 'test'
  ...
# Subtest: surface correction samples LoRa direction markers on rendered dash intervals
ok 166 - surface correction samples LoRa direction markers on rendered dash intervals
  ---
  duration_ms: 1.215661
  type: 'test'
  ...
# Subtest: surface correction rejects wide, crowded or duplicate projected route markers
ok 167 - surface correction rejects wide, crowded or duplicate projected route markers
  ---
  duration_ms: 2.446627
  type: 'test'
  ...
# Subtest: complete-network uses endpoint hierarchy and four TC rollups while dedicated RS-485 retains every thermostat
ok 168 - complete-network uses endpoint hierarchy and four TC rollups while dedicated RS-485 retains every thermostat
  ---
  duration_ms: 1.312816
  type: 'test'
  ...
# Subtest: complete-network preset keeps endpoint evidence inside margins with useful occupancy
ok 169 - complete-network preset keeps endpoint evidence inside margins with useful occupancy
  ---
  duration_ms: 2.82789
  type: 'test'
  ...
# Subtest: corridor surface camera stays below roof members and focuses wayfinding height
ok 170 - corridor surface camera stays below roof members and focuses wayfinding height
  ---
  duration_ms: 5.485905
  type: 'test'
  ...
# Subtest: surface atlas is one deterministic shared sRGB mipmapped texture with bounded anisotropy
ok 171 - surface atlas is one deterministic shared sRGB mipmapped texture with bounded anisotropy
  ---
  duration_ms: 14.777307
  type: 'test'
  ...
# Subtest: surface integration uses one atlas and deterministic poster/display query frames
ok 172 - surface integration uses one atlas and deterministic poster/display query frames
  ---
  duration_ms: 80.677349
  type: 'test'
  ...
# Subtest: UC100 membership contains every thermostat exactly once and matches the canonical groups
ok 173 - UC100 membership contains every thermostat exactly once and matches the canonical groups
  ---
  duration_ms: 10.642087
  type: 'test'
  ...
# Subtest: a thermostat trace uses RS-485, LoRaWAN and Ethernet in canonical order
ok 174 - a thermostat trace uses RS-485, LoRaWAN and Ethernet in canonical order
  ---
  duration_ms: 2.358841
  type: 'test'
  ...
# Subtest: topology validation rejects direct TC300-to-UG67 shortcuts and incorrect media
ok 175 - topology validation rejects direct TC300-to-UG67 shortcuts and incorrect media
  ---
  duration_ms: 9.262397
  type: 'test'
  ...
# Subtest: reachability isolates failures to dependent paths and identifies the cause
ok 176 - reachability isolates failures to dependent paths and identifies the cause
  ---
  duration_ms: 1.253374
  type: 'test'
  ...
# Subtest: all configured nodes can reach Niagara without inventing reverse or shortcut links
ok 177 - all configured nodes can reach Niagara without inventing reverse or shortcut links
  ---
  duration_ms: 1.137299
  type: 'test'
  ...
# Subtest: topology validation rejects every extra edge, including non-TC shortcuts
ok 178 - topology validation rejects every extra edge, including non-TC shortcuts
  ---
  duration_ms: 3.245368
  type: 'test'
  ...
# Subtest: topology validation rejects missing edges and endpoint or type mutations
ok 179 - topology validation rejects missing edges and endpoint or type mutations
  ---
  duration_ms: 11.328955
  type: 'test'
  ...
# Subtest: topology validation rejects a native-driver claim replacing the conceptual Niagara label
ok 180 - topology validation rejects a native-driver claim replacing the conceptual Niagara label
  ---
  duration_ms: 2.136788
  type: 'test'
  ...
1..180
# tests 180
# suites 0
# pass 180
# fail 0
# cancelled 0
# skipped 0
# todo 0
# duration_ms 1397.025344
