TAP version 13
# Subtest: the runtime rig is the house key/fill/rim/ambient rig, in the spec ratios
ok 1 - the runtime rig is the house key/fill/rim/ambient rig, in the spec ratios
  ---
  duration_ms: 27.941239
  type: 'test'
  ...
# Subtest: the key light shadow frustum encloses the whole building and is baked, not per-frame
ok 2 - the key light shadow frustum encloses the whole building and is baked, not per-frame
  ---
  duration_ms: 2.377961
  type: 'test'
  ...
# Subtest: tone mapping and fog come from the lighting authority and keep the hero framing readable
ok 3 - tone mapping and fog come from the lighting authority and keep the hero framing readable
  ---
  duration_ms: 2.048598
  type: 'test'
  ...
# Subtest: every hero framing sits inside the house azimuth/elevation band
ok 4 - every hero framing sits inside the house azimuth/elevation band
  ---
  duration_ms: 0.717433
  type: 'test'
  ...
# Subtest: the cinema emission ladder falls strictly from facade to auditorium and never goes dark
ok 5 - the cinema emission ladder falls strictly from facade to auditorium and never goes dark
  ---
  duration_ms: 2.296072
  type: 'test'
  ...
# Subtest: correction 1: no interior surface reflects the exterior rig at full strength
ok 6 - correction 1: no interior surface reflects the exterior rig at full strength
  ---
  duration_ms: 79.875619
  type: 'test'
  ...
# Subtest: correction 2: the four-tier luminance ladder is real in the pixels, not in the rig
ok 7 - correction 2: the four-tier luminance ladder is real in the pixels, not in the rig
  ---
  duration_ms: 27.986663
  type: 'test'
  ...
# Subtest: correction 3: the auditorium is a dark room whose fixtures carve the seat blocks out
ok 8 - correction 3: the auditorium is a dark room whose fixtures carve the seat blocks out
  ---
  duration_ms: 25.94134
  type: 'test'
  ...
# Subtest: correction 4: light_state=off darkens the corridor and the sala, not just a few strips
ok 9 - correction 4: light_state=off darkens the corridor and the sala, not just a few strips
  ---
  duration_ms: 27.123323
  type: 'test'
  ...
# Subtest: correction 4: the runtime switches its interior fixtures with the house lights
ok 10 - correction 4: the runtime switches its interior fixtures with the house lights
  ---
  duration_ms: 6.855282
  type: 'test'
  ...
# Subtest: correction 5: lobby ceiling panels light the room and the red accents out-luminate the wall
ok 11 - correction 5: lobby ceiling panels light the room and the red accents out-luminate the wall
  ---
  duration_ms: 30.057921
  type: 'test'
  ...
# Subtest: correction 6: the corridor is lit by its own warm strips, and stays the dim rung
ok 12 - correction 6: the corridor is lit by its own warm strips, and stays the dim rung
  ---
  duration_ms: 23.627711
  type: 'test'
  ...
# Subtest: correction 7: the rim light rims edges and never tints a roof plane or a wall green
ok 13 - correction 7: the rim light rims edges and never tints a roof plane or a wall green
  ---
  duration_ms: 0.889441
  type: 'test'
  ...
# Subtest: correction 8: the facade preset places the building instead of stranding it
ok 14 - correction 8: the facade preset places the building instead of stranding it
  ---
  duration_ms: 16.444833
  type: 'test'
  ...
# Subtest: correction 9: the lobby preset frames the entrance/concession axis, not a bare corner
ok 15 - correction 9: the lobby preset frames the entrance/concession axis, not a bare corner
  ---
  duration_ms: 0.403434
  type: 'test'
  ...
# Subtest: correction 10: the interior presets are capped by a dark ceiling, except in engineering
ok 16 - correction 10: the interior presets are capped by a dark ceiling, except in engineering
  ---
  duration_ms: 10.126281
  type: 'test'
  ...
# Subtest: correction 11: every emission channel is brighter with the lights on than with them off
ok 17 - correction 11: every emission channel is brighter with the lights on than with them off
  ---
  duration_ms: 0.993062
  type: 'test'
  ...
# Subtest: correction 12: the shell panels break their highlight up across the elevation
ok 18 - correction 12: the shell panels break their highlight up across the elevation
  ---
  duration_ms: 0.945877
  type: 'test'
  ...
# Subtest: correction 13: the engineering fill is raised so TC300 labels stay legible
ok 19 - correction 13: the engineering fill is raised so TC300 labels stay legible
  ---
  duration_ms: 0.42978
  type: 'test'
  ...
# Subtest: the lighting zone of a surface is derived from the plan bands, never hand-tagged
ok 20 - the lighting zone of a surface is derived from the plan bands, never hand-tagged
  ---
  duration_ms: 0.783232
  type: 'test'
  ...
# Subtest: light_state is a deterministic query state and only touches the emission channels
ok 21 - light_state is a deterministic query state and only touches the emission channels
  ---
  duration_ms: 4.542247
  type: 'test'
  ...
# Subtest: correction: RS-485 renders as saturated spec green rather than a blown-out mint halo
ok 22 - correction: RS-485 renders as saturated spec green rather than a blown-out mint halo
  ---
  duration_ms: 0.382315
  type: 'test'
  ...
# Subtest: correction: LoRaWAN stays in the blue family and reads as a dash, never as a white bead
ok 23 - correction: LoRaWAN stays in the blue family and reads as a dash, never as a white bead
  ---
  duration_ms: 0.618407
  type: 'test'
  ...
# Subtest: correction: the emissive media still out-luminates the translucent engineering shell
ok 24 - correction: the emissive media still out-luminates the translucent engineering shell
  ---
  duration_ms: 0.320181
  type: 'test'
  ...
# Subtest: correction: stacked translucent shell layers cannot accumulate into milky ghosting
ok 25 - correction: stacked translucent shell layers cannot accumulate into milky ghosting
  ---
  duration_ms: 18.19807
  type: 'test'
  ...
# Subtest: correction: the material registry applies the derived shell opacity in engineering mode
ok 26 - correction: the material registry applies the derived shell opacity in engineering mode
  ---
  duration_ms: 1.253006
  type: 'test'
  ...
# Subtest: correction: the TC300 status ring reads as a lit device without inflating the housing
ok 27 - correction: the TC300 status ring reads as a lit device without inflating the housing
  ---
  duration_ms: 13.686945
  type: 'test'
  ...
# Subtest: correction: the endpoint owning the active preset zone is labelled at that preset
ok 28 - correction: the endpoint owning the active preset zone is labelled at that preset
  ---
  duration_ms: 9.842597
  type: 'test'
  ...
# Subtest: correction: the reframed concessions preset holds both its service line and TC300-02
ok 29 - correction: the reframed concessions preset holds both its service line and TC300-02
  ---
  duration_ms: 0.500413
  type: 'test'
  ...
# Subtest: attempt 3 — every sampled surface is a real box the builder emits in that zone
not ok 30 - attempt 3 — every sampled surface is a real box the builder emits in that zone
  ---
  duration_ms: 15.339238
  type: 'test'
  location: '/home/cristian/prototipos/three.js/disenos/cinemex-hvac-lorawan/tests/lighting-camera.test.mjs:1355:1'
  failureType: 'testCodeFailure'
  error: 'corridor door leaf: the builder emits no portal-dark in the corridor zone, so this sample would measure a surface the judge never sees'
  code: 'ERR_ASSERTION'
  name: 'AssertionError'
  expected: true
  actual: false
  operator: '=='
  stack: |-
    TestContext.<anonymous> (file:///home/cristian/prototipos/three.js/disenos/cinemex-hvac-lorawan/tests/lighting-camera.test.mjs:1362:12)
    Test.runInAsyncScope (node:async_hooks:214:14)
    Test.run (node:internal/test_runner/test:1047:25)
    Test.processPendingSubtests (node:internal/test_runner/test:744:18)
    Test.postRun (node:internal/test_runner/test:1173:19)
    Test.run (node:internal/test_runner/test:1101:12)
    async Test.processPendingSubtests (node:internal/test_runner/test:744:7)
  ...
# Subtest: attempt 3 correction 1: the corridor is a REAL tier — no structural surface is black
not ok 31 - attempt 3 correction 1: the corridor is a REAL tier — no structural surface is black
  ---
  duration_ms: 0.562403
  type: 'test'
  location: '/home/cristian/prototipos/three.js/disenos/cinemex-hvac-lorawan/tests/lighting-camera.test.mjs:1370:1'
  failureType: 'testCodeFailure'
  error: 'resolveSurfaceRadiance is not defined'
  code: 'ERR_TEST_FAILURE'
  name: 'ReferenceError'
  stack: |-
    surfaceLuminance (file:///home/cristian/prototipos/three.js/disenos/cinemex-hvac-lorawan/tests/lighting-camera.test.mjs:1284:69)
    perceived (file:///home/cristian/prototipos/three.js/disenos/cinemex-hvac-lorawan/tests/lighting-camera.test.mjs:1340:10)
    TestContext.<anonymous> (file:///home/cristian/prototipos/three.js/disenos/cinemex-hvac-lorawan/tests/lighting-camera.test.mjs:1378:7)
    Test.runInAsyncScope (node:async_hooks:214:14)
    Test.run (node:internal/test_runner/test:1047:25)
    Test.processPendingSubtests (node:internal/test_runner/test:744:18)
    Test.postRun (node:internal/test_runner/test:1173:19)
    Test.run (node:internal/test_runner/test:1101:12)
    async Test.processPendingSubtests (node:internal/test_runner/test:744:7)
  ...
# Subtest: attempt 3 correction 2: the auditorium seat blocks are CARVED OUT, not erased
not ok 32 - attempt 3 correction 2: the auditorium seat blocks are CARVED OUT, not erased
  ---
  duration_ms: 0.338695
  type: 'test'
  location: '/home/cristian/prototipos/three.js/disenos/cinemex-hvac-lorawan/tests/lighting-camera.test.mjs:1398:1'
  failureType: 'testCodeFailure'
  error: 'resolveSurfaceRadiance is not defined'
  code: 'ERR_TEST_FAILURE'
  name: 'ReferenceError'
  stack: |-
    surfaceLuminance (file:///home/cristian/prototipos/three.js/disenos/cinemex-hvac-lorawan/tests/lighting-camera.test.mjs:1284:69)
    perceived (file:///home/cristian/prototipos/three.js/disenos/cinemex-hvac-lorawan/tests/lighting-camera.test.mjs:1340:10)
    TestContext.<anonymous> (file:///home/cristian/prototipos/three.js/disenos/cinemex-hvac-lorawan/tests/lighting-camera.test.mjs:1402:7)
    Test.runInAsyncScope (node:async_hooks:214:14)
    Test.run (node:internal/test_runner/test:1047:25)
    Test.processPendingSubtests (node:internal/test_runner/test:744:18)
    Test.postRun (node:internal/test_runner/test:1173:19)
    Test.run (node:internal/test_runner/test:1101:12)
    async Test.processPendingSubtests (node:internal/test_runner/test:744:7)
  ...
# Subtest: attempt 3 correction 3: emissive exit signs exist INSIDE the auditoriums and are framed
not ok 33 - attempt 3 correction 3: emissive exit signs exist INSIDE the auditoriums and are framed
  ---
  duration_ms: 12.400714
  type: 'test'
  location: '/home/cristian/prototipos/three.js/disenos/cinemex-hvac-lorawan/tests/lighting-camera.test.mjs:1428:1'
  failureType: 'testCodeFailure'
  error: |-
    every one of the eight rooms needs its two in-room exit signs
    
    0 !== 16
    
  code: 'ERR_ASSERTION'
  name: 'AssertionError'
  expected: 16
  actual: 0
  operator: 'strictEqual'
  stack: |-
    TestContext.<anonymous> (file:///home/cristian/prototipos/three.js/disenos/cinemex-hvac-lorawan/tests/lighting-camera.test.mjs:1437:10)
    Test.runInAsyncScope (node:async_hooks:214:14)
    Test.run (node:internal/test_runner/test:1047:25)
    Test.processPendingSubtests (node:internal/test_runner/test:744:18)
    Test.postRun (node:internal/test_runner/test:1173:19)
    Test.run (node:internal/test_runner/test:1101:12)
    async Test.processPendingSubtests (node:internal/test_runner/test:744:7)
  ...
# Subtest: attempt 3 correction 4: the marquee is a REAL emission channel and its spill dies with it
not ok 34 - attempt 3 correction 4: the marquee is a REAL emission channel and its spill dies with it
  ---
  duration_ms: 8.192334
  type: 'test'
  location: '/home/cristian/prototipos/three.js/disenos/cinemex-hvac-lorawan/tests/lighting-camera.test.mjs:1464:1'
  failureType: 'testCodeFailure'
  error: 'marquee-canopy is not an emission channel at all'
  code: 'ERR_ASSERTION'
  name: 'AssertionError'
  expected: true
  operator: '=='
  stack: |-
    TestContext.<anonymous> (file:///home/cristian/prototipos/three.js/disenos/cinemex-hvac-lorawan/tests/lighting-camera.test.mjs:1472:12)
    Test.runInAsyncScope (node:async_hooks:214:14)
    Test.run (node:internal/test_runner/test:1047:25)
    Test.processPendingSubtests (node:internal/test_runner/test:744:18)
    Test.postRun (node:internal/test_runner/test:1173:19)
    Test.run (node:internal/test_runner/test:1101:12)
    async Test.processPendingSubtests (node:internal/test_runner/test:744:7)
  ...
# Subtest: attempt 3 correction 5 + 6: the facade fills the frame and the elevation has falloff
not ok 35 - attempt 3 correction 5 + 6: the facade fills the frame and the elevation has falloff
  ---
  duration_ms: 0.625658
  type: 'test'
  location: '/home/cristian/prototipos/three.js/disenos/cinemex-hvac-lorawan/tests/lighting-camera.test.mjs:1492:1'
  failureType: 'testCodeFailure'
  error: 'LIGHTING_CAPTURE_VIEWPORT is not defined'
  code: 'ERR_TEST_FAILURE'
  name: 'ReferenceError'
  stack: |-
    project (file:///home/cristian/prototipos/three.js/disenos/cinemex-hvac-lorawan/tests/lighting-camera.test.mjs:1497:63)
    TestContext.<anonymous> (file:///home/cristian/prototipos/three.js/disenos/cinemex-hvac-lorawan/tests/lighting-camera.test.mjs:1498:20)
    Test.runInAsyncScope (node:async_hooks:214:14)
    Test.run (node:internal/test_runner/test:1047:25)
    Test.processPendingSubtests (node:internal/test_runner/test:744:18)
    Test.postRun (node:internal/test_runner/test:1173:19)
    Test.run (node:internal/test_runner/test:1101:12)
    async Test.processPendingSubtests (node:internal/test_runner/test:744:7)
  ...
# Subtest: attempt 3 correction 7 + 8: the lobby ceiling is a lit surface and the corridor end wall is not unlit
not ok 36 - attempt 3 correction 7 + 8: the lobby ceiling is a lit surface and the corridor end wall is not unlit
  ---
  duration_ms: 10.405206
  type: 'test'
  location: '/home/cristian/prototipos/three.js/disenos/cinemex-hvac-lorawan/tests/lighting-camera.test.mjs:1533:1'
  failureType: 'testCodeFailure'
  error: 'ARCHITECTURE_INTERIOR_CEILING_COLOR is not defined'
  code: 'ERR_TEST_FAILURE'
  name: 'ReferenceError'
  stack: |-
    perceived (file:///home/cristian/prototipos/three.js/disenos/cinemex-hvac-lorawan/tests/lighting-camera.test.mjs:1338:16)
    TestContext.<anonymous> (file:///home/cristian/prototipos/three.js/disenos/cinemex-hvac-lorawan/tests/lighting-camera.test.mjs:1537:19)
    Test.runInAsyncScope (node:async_hooks:214:14)
    Test.run (node:internal/test_runner/test:1047:25)
    Test.processPendingSubtests (node:internal/test_runner/test:744:18)
    Test.postRun (node:internal/test_runner/test:1173:19)
    Test.run (node:internal/test_runner/test:1101:12)
    async Test.processPendingSubtests (node:internal/test_runner/test:744:7)
  ...
# Subtest: attempt 3 correction 9: the engineering fill separates device markers from the shell
not ok 37 - attempt 3 correction 9: the engineering fill separates device markers from the shell
  ---
  duration_ms: 0.493547
  type: 'test'
  location: '/home/cristian/prototipos/three.js/disenos/cinemex-hvac-lorawan/tests/lighting-camera.test.mjs:1560:1'
  failureType: 'testCodeFailure'
  error: 'resolveSurfaceRadiance is not defined'
  code: 'ERR_TEST_FAILURE'
  name: 'ReferenceError'
  stack: |-
    surfaceLuminance (file:///home/cristian/prototipos/three.js/disenos/cinemex-hvac-lorawan/tests/lighting-camera.test.mjs:1284:69)
    perceived (file:///home/cristian/prototipos/three.js/disenos/cinemex-hvac-lorawan/tests/lighting-camera.test.mjs:1340:10)
    file:///home/cristian/prototipos/three.js/disenos/cinemex-hvac-lorawan/tests/lighting-camera.test.mjs:1352:40
    Array.map (<anonymous>)
    zoneFloor (file:///home/cristian/prototipos/three.js/disenos/cinemex-hvac-lorawan/tests/lighting-camera.test.mjs:1352:24)
    TestContext.<anonymous> (file:///home/cristian/prototipos/three.js/disenos/cinemex-hvac-lorawan/tests/lighting-camera.test.mjs:1564:7)
    Test.runInAsyncScope (node:async_hooks:214:14)
    Test.run (node:internal/test_runner/test:1047:25)
    Test.processPendingSubtests (node:internal/test_runner/test:744:18)
    Test.postRun (node:internal/test_runner/test:1173:19)
  ...
# Subtest: attempt 3: the four-tier ladder is monotone AND every tier stays out of the black
not ok 38 - attempt 3: the four-tier ladder is monotone AND every tier stays out of the black
  ---
  duration_ms: 0.758157
  type: 'test'
  location: '/home/cristian/prototipos/three.js/disenos/cinemex-hvac-lorawan/tests/lighting-camera.test.mjs:1591:1'
  failureType: 'testCodeFailure'
  error: 'resolveSurfaceRadiance is not defined'
  code: 'ERR_TEST_FAILURE'
  name: 'ReferenceError'
  stack: |-
    surfaceLuminance (file:///home/cristian/prototipos/three.js/disenos/cinemex-hvac-lorawan/tests/lighting-camera.test.mjs:1284:69)
    perceived (file:///home/cristian/prototipos/three.js/disenos/cinemex-hvac-lorawan/tests/lighting-camera.test.mjs:1340:10)
    file:///home/cristian/prototipos/three.js/disenos/cinemex-hvac-lorawan/tests/lighting-camera.test.mjs:1595:11
    Array.map (<anonymous>)
    TestContext.<anonymous> (file:///home/cristian/prototipos/three.js/disenos/cinemex-hvac-lorawan/tests/lighting-camera.test.mjs:1593:23)
    Test.runInAsyncScope (node:async_hooks:214:14)
    Test.run (node:internal/test_runner/test:1047:25)
    Test.processPendingSubtests (node:internal/test_runner/test:744:18)
    Test.postRun (node:internal/test_runner/test:1173:19)
    Test.run (node:internal/test_runner/test:1101:12)
  ...
# Subtest: attempt 3: the corridor side walls are lit as CORRIDOR, not as auditorium
not ok 39 - attempt 3: the corridor side walls are lit as CORRIDOR, not as auditorium
  ---
  duration_ms: 18.720586
  type: 'test'
  location: '/home/cristian/prototipos/three.js/disenos/cinemex-hvac-lorawan/tests/lighting-camera.test.mjs:1618:1'
  failureType: 'testCodeFailure'
  error: |-
    west-corridor-upper-1 is lit on the wrong rung
    + actual - expected
    
    + 'auditorium'
    - 'corridor'
    
  code: 'ERR_ASSERTION'
  name: 'AssertionError'
  expected: 'corridor'
  actual: 'auditorium'
  operator: 'strictEqual'
  stack: |-
    TestContext.<anonymous> (file:///home/cristian/prototipos/three.js/disenos/cinemex-hvac-lorawan/tests/lighting-camera.test.mjs:1626:12)
    Test.runInAsyncScope (node:async_hooks:214:14)
    Test.run (node:internal/test_runner/test:1047:25)
    Test.processPendingSubtests (node:internal/test_runner/test:744:18)
    Test.postRun (node:internal/test_runner/test:1173:19)
    Test.run (node:internal/test_runner/test:1101:12)
    async Test.processPendingSubtests (node:internal/test_runner/test:744:7)
  ...
# Subtest: attempt 3: the light count stays inside budget
not ok 40 - attempt 3: the light count stays inside budget
  ---
  duration_ms: 0.729451
  type: 'test'
  location: '/home/cristian/prototipos/three.js/disenos/cinemex-hvac-lorawan/tests/lighting-camera.test.mjs:1636:1'
  failureType: 'testCodeFailure'
  error: 'LIGHTING_EXTERIOR_FIXTURES is not defined'
  code: 'ERR_TEST_FAILURE'
  name: 'ReferenceError'
  stack: |-
    TestContext.<anonymous> (file:///home/cristian/prototipos/three.js/disenos/cinemex-hvac-lorawan/tests/lighting-camera.test.mjs:1639:34)
    Test.runInAsyncScope (node:async_hooks:214:14)
    Test.run (node:internal/test_runner/test:1047:25)
    Test.processPendingSubtests (node:internal/test_runner/test:744:18)
    Test.postRun (node:internal/test_runner/test:1173:19)
    Test.run (node:internal/test_runner/test:1101:12)
    async Test.processPendingSubtests (node:internal/test_runner/test:744:7)
  ...
1..40
# tests 40
# suites 0
# pass 29
# fail 11
# cancelled 0
# skipped 0
# todo 0
# duration_ms 793.856686
