TAP version 13
# Subtest: the runtime rig is the house key/fill/rim/ambient rig, in the spec ratios
ok 1 - the runtime rig is the house key/fill/rim/ambient rig, in the spec ratios
  ---
  duration_ms: 17.520267
  type: 'test'
  ...
# Subtest: the key light shadow frustum encloses the whole building and is baked, not per-frame
ok 2 - the key light shadow frustum encloses the whole building and is baked, not per-frame
  ---
  duration_ms: 2.89649
  type: 'test'
  ...
# Subtest: tone mapping and fog come from the lighting authority and keep the hero framing readable
ok 3 - tone mapping and fog come from the lighting authority and keep the hero framing readable
  ---
  duration_ms: 2.382896
  type: 'test'
  ...
# Subtest: every hero framing sits inside the house azimuth/elevation band
ok 4 - every hero framing sits inside the house azimuth/elevation band
  ---
  duration_ms: 0.4459
  type: 'test'
  ...
# Subtest: the cinema emission ladder falls strictly from facade to auditorium and never goes dark
ok 5 - the cinema emission ladder falls strictly from facade to auditorium and never goes dark
  ---
  duration_ms: 3.044571
  type: 'test'
  ...
# Subtest: correction 1: no interior surface reflects the exterior rig at full strength
ok 6 - correction 1: no interior surface reflects the exterior rig at full strength
  ---
  duration_ms: 50.246434
  type: 'test'
  ...
# Subtest: correction 2: the four-tier luminance ladder is real in the pixels, not in the rig
ok 7 - correction 2: the four-tier luminance ladder is real in the pixels, not in the rig
  ---
  duration_ms: 15.58084
  type: 'test'
  ...
# Subtest: correction 3: the auditorium is a dark room whose fixtures carve the seat blocks out
ok 8 - correction 3: the auditorium is a dark room whose fixtures carve the seat blocks out
  ---
  duration_ms: 14.254526
  type: 'test'
  ...
# Subtest: correction 4: light_state=off darkens the corridor and the sala, not just a few strips
ok 9 - correction 4: light_state=off darkens the corridor and the sala, not just a few strips
  ---
  duration_ms: 17.602496
  type: 'test'
  ...
# Subtest: correction 4: the runtime switches its interior fixtures with the house lights
ok 10 - correction 4: the runtime switches its interior fixtures with the house lights
  ---
  duration_ms: 5.476972
  type: 'test'
  ...
# Subtest: correction 5: lobby ceiling panels light the room and the red accents out-luminate the wall
ok 11 - correction 5: lobby ceiling panels light the room and the red accents out-luminate the wall
  ---
  duration_ms: 24.20164
  type: 'test'
  ...
# Subtest: correction 6: the corridor is lit by its own warm strips, and stays the dim rung
ok 12 - correction 6: the corridor is lit by its own warm strips, and stays the dim rung
  ---
  duration_ms: 16.271564
  type: 'test'
  ...
# Subtest: correction 7: the rim light rims edges and never tints a roof plane or a wall green
ok 13 - correction 7: the rim light rims edges and never tints a roof plane or a wall green
  ---
  duration_ms: 0.49994
  type: 'test'
  ...
# Subtest: correction 8: the facade preset places the building instead of stranding it
ok 14 - correction 8: the facade preset places the building instead of stranding it
  ---
  duration_ms: 14.593222
  type: 'test'
  ...
# Subtest: correction 9: the lobby preset frames the entrance/concession axis, not a bare corner
ok 15 - correction 9: the lobby preset frames the entrance/concession axis, not a bare corner
  ---
  duration_ms: 0.378751
  type: 'test'
  ...
# Subtest: correction 10: the interior presets are capped by a dark ceiling, except in engineering
ok 16 - correction 10: the interior presets are capped by a dark ceiling, except in engineering
  ---
  duration_ms: 6.708451
  type: 'test'
  ...
# Subtest: correction 11: every emission channel is brighter with the lights on than with them off
ok 17 - correction 11: every emission channel is brighter with the lights on than with them off
  ---
  duration_ms: 0.857181
  type: 'test'
  ...
# Subtest: correction 12: the shell panels break their highlight up across the elevation
ok 18 - correction 12: the shell panels break their highlight up across the elevation
  ---
  duration_ms: 0.775498
  type: 'test'
  ...
# Subtest: correction 13: the engineering fill is raised so TC300 labels stay legible
ok 19 - correction 13: the engineering fill is raised so TC300 labels stay legible
  ---
  duration_ms: 0.229758
  type: 'test'
  ...
# Subtest: the lighting zone of a surface is derived from the plan bands, never hand-tagged
ok 20 - the lighting zone of a surface is derived from the plan bands, never hand-tagged
  ---
  duration_ms: 0.593442
  type: 'test'
  ...
# Subtest: light_state is a deterministic query state and only touches the emission channels
ok 21 - light_state is a deterministic query state and only touches the emission channels
  ---
  duration_ms: 3.387461
  type: 'test'
  ...
# Subtest: correction: RS-485 renders as saturated spec green rather than a blown-out mint halo
ok 22 - correction: RS-485 renders as saturated spec green rather than a blown-out mint halo
  ---
  duration_ms: 0.221389
  type: 'test'
  ...
# Subtest: correction: LoRaWAN stays in the blue family and reads as a dash, never as a white bead
ok 23 - correction: LoRaWAN stays in the blue family and reads as a dash, never as a white bead
  ---
  duration_ms: 0.377438
  type: 'test'
  ...
# Subtest: correction: the emissive media still out-luminates the translucent engineering shell
ok 24 - correction: the emissive media still out-luminates the translucent engineering shell
  ---
  duration_ms: 0.169692
  type: 'test'
  ...
# Subtest: correction: stacked translucent shell layers cannot accumulate into milky ghosting
ok 25 - correction: stacked translucent shell layers cannot accumulate into milky ghosting
  ---
  duration_ms: 18.463486
  type: 'test'
  ...
# Subtest: correction: the material registry applies the derived shell opacity in engineering mode
ok 26 - correction: the material registry applies the derived shell opacity in engineering mode
  ---
  duration_ms: 1.034395
  type: 'test'
  ...
# Subtest: correction: the TC300 status ring reads as a lit device without inflating the housing
ok 27 - correction: the TC300 status ring reads as a lit device without inflating the housing
  ---
  duration_ms: 10.464859
  type: 'test'
  ...
# Subtest: correction: the endpoint owning the active preset zone is labelled at that preset
ok 28 - correction: the endpoint owning the active preset zone is labelled at that preset
  ---
  duration_ms: 10.021275
  type: 'test'
  ...
# Subtest: correction: the reframed concessions preset holds both its service line and TC300-02
ok 29 - correction: the reframed concessions preset holds both its service line and TC300-02
  ---
  duration_ms: 0.268239
  type: 'test'
  ...
# Subtest: attempt 3 — every sampled surface is a real box the builder emits in that zone
ok 30 - attempt 3 — every sampled surface is a real box the builder emits in that zone
  ---
  duration_ms: 15.450232
  type: 'test'
  ...
# Subtest: attempt 3 correction 1: the corridor is a REAL tier — no structural surface is black
ok 31 - attempt 3 correction 1: the corridor is a REAL tier — no structural surface is black
  ---
  duration_ms: 1.873388
  type: 'test'
  ...
# Subtest: attempt 3 correction 2: the auditorium seat blocks are CARVED OUT, not erased
ok 32 - attempt 3 correction 2: the auditorium seat blocks are CARVED OUT, not erased
  ---
  duration_ms: 1.820445
  type: 'test'
  ...
# Subtest: attempt 3 correction 3: emissive exit signs exist INSIDE the auditoriums and are framed
ok 33 - attempt 3 correction 3: emissive exit signs exist INSIDE the auditoriums and are framed
  ---
  duration_ms: 8.815075
  type: 'test'
  ...
# Subtest: attempt 3 correction 4: the marquee is a REAL emission channel and its spill dies with it
ok 34 - attempt 3 correction 4: the marquee is a REAL emission channel and its spill dies with it
  ---
  duration_ms: 7.712426
  type: 'test'
  ...
# Subtest: attempt 3 correction 5 + 6: the facade fills the frame and the elevation has falloff
ok 35 - attempt 3 correction 5 + 6: the facade fills the frame and the elevation has falloff
  ---
  duration_ms: 0.719653
  type: 'test'
  ...
# Subtest: attempt 3 correction 7 + 8: the lobby ceiling is a lit surface and the corridor end wall is not unlit
ok 36 - attempt 3 correction 7 + 8: the lobby ceiling is a lit surface and the corridor end wall is not unlit
  ---
  duration_ms: 10.575072
  type: 'test'
  ...
# Subtest: attempt 3 correction 9: the engineering fill separates device markers from the shell
ok 37 - attempt 3 correction 9: the engineering fill separates device markers from the shell
  ---
  duration_ms: 2.665098
  type: 'test'
  ...
# Subtest: attempt 3: the four-tier ladder is monotone AND every tier stays out of the black
ok 38 - attempt 3: the four-tier ladder is monotone AND every tier stays out of the black
  ---
  duration_ms: 1.039772
  type: 'test'
  ...
# Subtest: attempt 3: the corridor side walls are lit as CORRIDOR, not as auditorium
ok 39 - attempt 3: the corridor side walls are lit as CORRIDOR, not as auditorium
  ---
  duration_ms: 6.889359
  type: 'test'
  ...
# Subtest: attempt 3: the light count stays inside budget
ok 40 - attempt 3: the light count stays inside budget
  ---
  duration_ms: 0.357826
  type: 'test'
  ...
# Subtest: L2 — every sampled surface is a real box the builder emits in that zone
not ok 41 - L2 — every sampled surface is a real box the builder emits in that zone
  ---
  duration_ms: 13.870244
  type: 'test'
  location: '/home/cristian/prototipos/three.js/disenos/cinemex-hvac-lorawan/tests/lighting-camera.test.mjs:1785:1'
  failureType: 'testCodeFailure'
  error: 'sala ceiling: the builder emits no interior-ceiling in the auditorium zone, so this sample measures a surface the judge never sees'
  code: 'ERR_ASSERTION'
  name: 'AssertionError'
  expected: true
  actual: false
  operator: '=='
  stack: |-
    TestContext.<anonymous> (file:///home/cristian/prototipos/three.js/disenos/cinemex-hvac-lorawan/tests/lighting-camera.test.mjs:1792:12)
    Test.runInAsyncScope (node:async_hooks:214:14)
    Test.run (node:internal/test_runner/test:1047:25)
    Test.processPendingSubtests (node:internal/test_runner/test:744:18)
    Test.postRun (node:internal/test_runner/test:1173:19)
    Test.run (node:internal/test_runner/test:1101:12)
    async Test.processPendingSubtests (node:internal/test_runner/test:744:7)
  ...
# Subtest: L2 — the four-surface contract: every zone is sampled on ceiling, floor, wall and door
not ok 42 - L2 — the four-surface contract: every zone is sampled on ceiling, floor, wall and door
  ---
  duration_ms: 0.356846
  type: 'test'
  location: '/home/cristian/prototipos/three.js/disenos/cinemex-hvac-lorawan/tests/lighting-camera.test.mjs:1800:1'
  failureType: 'testCodeFailure'
  error: 'the lobby has no door sample: an unsampled surface is an unguarded surface'
  code: 'ERR_ASSERTION'
  name: 'AssertionError'
  expected: true
  actual: false
  operator: '=='
  stack: |-
    TestContext.<anonymous> (file:///home/cristian/prototipos/three.js/disenos/cinemex-hvac-lorawan/tests/lighting-camera.test.mjs:1803:14)
    Test.runInAsyncScope (node:async_hooks:214:14)
    Test.run (node:internal/test_runner/test:1047:25)
    Test.processPendingSubtests (node:internal/test_runner/test:744:18)
    Test.postRun (node:internal/test_runner/test:1173:19)
    Test.run (node:internal/test_runner/test:1101:12)
    async Test.processPendingSubtests (node:internal/test_runner/test:744:7)
  ...
# Subtest: L2 — house lights are GLOBAL: a fixture lights every surface in range, not only its own zone
not ok 43 - L2 — house lights are GLOBAL: a fixture lights every surface in range, not only its own zone
  ---
  duration_ms: 0.427782
  type: 'test'
  location: '/home/cristian/prototipos/three.js/disenos/cinemex-hvac-lorawan/tests/lighting-camera.test.mjs:1821:1'
  failureType: 'testCodeFailure'
  error: 'the auditorium fixture at y=2.9 has a 12 m cutoff: it REACHES the ceiling at 7.9 m. That reach, on an undimmed roof panel, is the blown ceiling.'
  code: 'ERR_ASSERTION'
  name: 'AssertionError'
  expected: true
  actual: false
  operator: '=='
  stack: |-
    TestContext.<anonymous> (file:///home/cristian/prototipos/three.js/disenos/cinemex-hvac-lorawan/tests/lighting-camera.test.mjs:1848:14)
    Test.runInAsyncScope (node:async_hooks:214:14)
    Test.run (node:internal/test_runner/test:1047:25)
    Test.processPendingSubtests (node:internal/test_runner/test:744:18)
    Test.postRun (node:internal/test_runner/test:1173:19)
    Test.run (node:internal/test_runner/test:1101:12)
    async Test.processPendingSubtests (node:internal/test_runner/test:744:7)
  ...
# Subtest: L2 CORRECTION 1 — the auditorium ceiling is the DARKEST ceiling in the building
ok 44 - L2 CORRECTION 1 — the auditorium ceiling is the DARKEST ceiling in the building
  ---
  duration_ms: 0.659793
  type: 'test'
  ...
# Subtest: L2 CORRECTION 1 — no auditorium surface exceeds the corridor's brightest surface
not ok 45 - L2 CORRECTION 1 — no auditorium surface exceeds the corridor's brightest surface
  ---
  duration_ms: 1.194785
  type: 'test'
  location: '/home/cristian/prototipos/three.js/disenos/cinemex-hvac-lorawan/tests/lighting-camera.test.mjs:1879:1'
  failureType: 'testCodeFailure'
  error: 'the brightest auditorium surface (0.403) beats the brightest corridor surface (0.361): the auditorium is competing with the corridor, not sitting under it'
  code: 'ERR_ASSERTION'
  name: 'AssertionError'
  expected: true
  actual: false
  operator: '=='
  stack: |-
    TestContext.<anonymous> (file:///home/cristian/prototipos/three.js/disenos/cinemex-hvac-lorawan/tests/lighting-camera.test.mjs:1883:10)
    Test.runInAsyncScope (node:async_hooks:214:14)
    Test.run (node:internal/test_runner/test:1047:25)
    Test.processPendingSubtests (node:internal/test_runner/test:744:18)
    Test.postRun (node:internal/test_runner/test:1173:19)
    Test.run (node:internal/test_runner/test:1101:12)
    async Test.processPendingSubtests (node:internal/test_runner/test:744:7)
  ...
# Subtest: L2 CORRECTION 1 — the ladder holds SURFACE BY SURFACE, on one albedo at a time
not ok 46 - L2 CORRECTION 1 — the ladder holds SURFACE BY SURFACE, on one albedo at a time
  ---
  duration_ms: 0.679904
  type: 'test'
  location: '/home/cristian/prototipos/three.js/disenos/cinemex-hvac-lorawan/tests/lighting-camera.test.mjs:1894:1'
  failureType: 'testCodeFailure'
  error: 'floor: the auditorium (0.183) is not below the corridor (0.096)'
  code: 'ERR_ASSERTION'
  name: 'AssertionError'
  expected: true
  actual: false
  operator: '=='
  stack: |-
    TestContext.<anonymous> (file:///home/cristian/prototipos/three.js/disenos/cinemex-hvac-lorawan/tests/lighting-camera.test.mjs:1904:12)
    Test.runInAsyncScope (node:async_hooks:214:14)
    Test.run (node:internal/test_runner/test:1047:25)
    Test.processPendingSubtests (node:internal/test_runner/test:744:18)
    Test.postRun (node:internal/test_runner/test:1173:19)
    Test.run (node:internal/test_runner/test:1101:12)
    async Test.processPendingSubtests (node:internal/test_runner/test:744:7)
  ...
# Subtest: L2 CORRECTION 1 + 2 — dim is not black: every zone holds a minimum floor
not ok 47 - L2 CORRECTION 1 + 2 — dim is not black: every zone holds a minimum floor
  ---
  duration_ms: 0.911031
  type: 'test'
  location: '/home/cristian/prototipos/three.js/disenos/cinemex-hvac-lorawan/tests/lighting-camera.test.mjs:1917:1'
  failureType: 'testCodeFailure'
  error: 'auditorium "sala ceiling" renders at 0.007, under the 0.03 floor: that is black, not dim'
  code: 'ERR_ASSERTION'
  name: 'AssertionError'
  expected: true
  actual: false
  operator: '=='
  stack: |-
    TestContext.<anonymous> (file:///home/cristian/prototipos/three.js/disenos/cinemex-hvac-lorawan/tests/lighting-camera.test.mjs:1923:14)
    Test.runInAsyncScope (node:async_hooks:214:14)
    Test.run (node:internal/test_runner/test:1047:25)
    Test.processPendingSubtests (node:internal/test_runner/test:744:18)
    Test.postRun (node:internal/test_runner/test:1173:19)
    Test.run (node:internal/test_runner/test:1101:12)
    async Test.processPendingSubtests (node:internal/test_runner/test:744:7)
  ...
# Subtest: L2 CORRECTION 2 — the auditorium is CARVED by its aisle LEDs, exit signs and screen bounce
not ok 48 - L2 CORRECTION 2 — the auditorium is CARVED by its aisle LEDs, exit signs and screen bounce
  ---
  duration_ms: 0.694579
  type: 'test'
  location: '/home/cristian/prototipos/three.js/disenos/cinemex-hvac-lorawan/tests/lighting-camera.test.mjs:1932:1'
  failureType: 'testCodeFailure'
  error: 'the sala wall beside the screen fixture (0.403) still washes above the corridor wall (0.329): the wash pool is still there'
  code: 'ERR_ASSERTION'
  name: 'AssertionError'
  expected: true
  actual: false
  operator: '=='
  stack: |-
    TestContext.<anonymous> (file:///home/cristian/prototipos/three.js/disenos/cinemex-hvac-lorawan/tests/lighting-camera.test.mjs:1953:10)
    Test.runInAsyncScope (node:async_hooks:214:14)
    Test.run (node:internal/test_runner/test:1047:25)
    Test.processPendingSubtests (node:internal/test_runner/test:744:18)
    Test.postRun (node:internal/test_runner/test:1173:19)
    Test.run (node:internal/test_runner/test:1101:12)
    async Test.processPendingSubtests (node:internal/test_runner/test:744:7)
  ...
# Subtest: L2 CORRECTION 3 — the in-room exit signs present a READABLE face to the sala cameras
not ok 49 - L2 CORRECTION 3 — the in-room exit signs present a READABLE face to the sala cameras
  ---
  duration_ms: 10.190611
  type: 'test'
  location: '/home/cristian/prototipos/three.js/disenos/cinemex-hvac-lorawan/tests/lighting-camera.test.mjs:1960:1'
  failureType: 'testCodeFailure'
  error: |-
    two exit signs per auditorium
    
    0 !== 16
    
  code: 'ERR_ASSERTION'
  name: 'AssertionError'
  expected: 16
  actual: 0
  operator: 'strictEqual'
  stack: |-
    TestContext.<anonymous> (file:///home/cristian/prototipos/three.js/disenos/cinemex-hvac-lorawan/tests/lighting-camera.test.mjs:1963:10)
    Test.runInAsyncScope (node:async_hooks:214:14)
    Test.run (node:internal/test_runner/test:1047:25)
    Test.processPendingSubtests (node:internal/test_runner/test:744:18)
    Test.postRun (node:internal/test_runner/test:1173:19)
    Test.run (node:internal/test_runner/test:1101:12)
    async Test.processPendingSubtests (node:internal/test_runner/test:744:7)
  ...
# Subtest: L2 CORRECTION 4 — the facade FILLS the frame and the marquee is not clipped
not ok 50 - L2 CORRECTION 4 — the facade FILLS the frame and the marquee is not clipped
  ---
  duration_ms: 1.213239
  type: 'test'
  location: '/home/cristian/prototipos/three.js/disenos/cinemex-hvac-lorawan/tests/lighting-camera.test.mjs:1989:1'
  failureType: 'testCodeFailure'
  error: 'marquee west end projects to x=-1.40 y=0.00: still clipped by the frame edge'
  code: 'ERR_ASSERTION'
  name: 'AssertionError'
  expected: true
  actual: false
  operator: '=='
  stack: |-
    TestContext.<anonymous> (file:///home/cristian/prototipos/three.js/disenos/cinemex-hvac-lorawan/tests/lighting-camera.test.mjs:1998:12)
    Test.runInAsyncScope (node:async_hooks:214:14)
    Test.run (node:internal/test_runner/test:1047:25)
    Test.processPendingSubtests (node:internal/test_runner/test:744:18)
    Test.postRun (node:internal/test_runner/test:1173:19)
    Test.run (node:internal/test_runner/test:1101:12)
    async Test.processPendingSubtests (node:internal/test_runner/test:744:7)
  ...
# Subtest: L2 CORRECTION 5 — the forecourt is a POOL that dies with the house lights
ok 51 - L2 CORRECTION 5 — the forecourt is a POOL that dies with the house lights
  ---
  duration_ms: 0.639759
  type: 'test'
  ...
# Subtest: L2 CORRECTION 6 — the shell and the plaza break their specular up across the elevation
not ok 52 - L2 CORRECTION 6 — the shell and the plaza break their specular up across the elevation
  ---
  duration_ms: 0.415204
  type: 'test'
  location: '/home/cristian/prototipos/three.js/disenos/cinemex-hvac-lorawan/tests/lighting-camera.test.mjs:2053:1'
  failureType: 'testCodeFailure'
  error: 'a 0.05 roughness swing across a 60 m elevation is one flat gradient, not a breakup'
  code: 'ERR_ASSERTION'
  name: 'AssertionError'
  expected: true
  actual: false
  operator: '=='
  stack: |-
    TestContext.<anonymous> (file:///home/cristian/prototipos/three.js/disenos/cinemex-hvac-lorawan/tests/lighting-camera.test.mjs:2055:10)
    Test.runInAsyncScope (node:async_hooks:214:14)
    Test.run (node:internal/test_runner/test:1047:25)
    Test.processPendingSubtests (node:internal/test_runner/test:744:18)
    Test.postRun (node:internal/test_runner/test:1173:19)
    Test.run (node:internal/test_runner/test:1101:12)
    async Test.processPendingSubtests (node:internal/test_runner/test:744:7)
  ...
# Subtest: L2 CORRECTION 7 — the lobby FLOOR is gated on the house-light channel
not ok 53 - L2 CORRECTION 7 — the lobby FLOOR is gated on the house-light channel
  ---
  duration_ms: 0.436916
  type: 'test'
  location: '/home/cristian/prototipos/three.js/disenos/cinemex-hvac-lorawan/tests/lighting-camera.test.mjs:2068:1'
  failureType: 'testCodeFailure'
  error: 'LIGHTING_LIGHT_STATE_INDIRECT is not defined'
  code: 'ERR_TEST_FAILURE'
  name: 'ReferenceError'
  stack: |-
    TestContext.<anonymous> (file:///home/cristian/prototipos/three.js/disenos/cinemex-hvac-lorawan/tests/lighting-camera.test.mjs:2087:5)
    Test.runInAsyncScope (node:async_hooks:214:14)
    Test.run (node:internal/test_runner/test:1047:25)
    Test.processPendingSubtests (node:internal/test_runner/test:744:18)
    Test.postRun (node:internal/test_runner/test:1173:19)
    Test.run (node:internal/test_runner/test:1101:12)
    async Test.processPendingSubtests (node:internal/test_runner/test:744:7)
  ...
# Subtest: L2 CORRECTION 8 — the engineering neutral fill lifts the shell off the background
not ok 54 - L2 CORRECTION 8 — the engineering neutral fill lifts the shell off the background
  ---
  duration_ms: 2.700551
  type: 'test'
  location: '/home/cristian/prototipos/three.js/disenos/cinemex-hvac-lorawan/tests/lighting-camera.test.mjs:2096:1'
  failureType: 'testCodeFailure'
  error: 'the engineering fill lift is still the one the judge called underexposed'
  code: 'ERR_ASSERTION'
  name: 'AssertionError'
  expected: true
  actual: false
  operator: '=='
  stack: |-
    TestContext.<anonymous> (file:///home/cristian/prototipos/three.js/disenos/cinemex-hvac-lorawan/tests/lighting-camera.test.mjs:2108:10)
    Test.runInAsyncScope (node:async_hooks:214:14)
    Test.run (node:internal/test_runner/test:1047:25)
    Test.processPendingSubtests (node:internal/test_runner/test:744:18)
    Test.postRun (node:internal/test_runner/test:1173:19)
    Test.run (node:internal/test_runner/test:1101:12)
    async Test.processPendingSubtests (node:internal/test_runner/test:744:7)
  ...
# Subtest: L2 — the light count went DOWN, not up
not ok 55 - L2 — the light count went DOWN, not up
  ---
  duration_ms: 0.504787
  type: 'test'
  location: '/home/cristian/prototipos/three.js/disenos/cinemex-hvac-lorawan/tests/lighting-camera.test.mjs:2118:1'
  failureType: 'testCodeFailure'
  error: '28 house fixtures: the wash pools were supposed to be REMOVED, not retuned'
  code: 'ERR_ASSERTION'
  name: 'AssertionError'
  expected: true
  actual: false
  operator: '=='
  stack: |-
    TestContext.<anonymous> (file:///home/cristian/prototipos/three.js/disenos/cinemex-hvac-lorawan/tests/lighting-camera.test.mjs:2126:10)
    Test.runInAsyncScope (node:async_hooks:214:14)
    Test.run (node:internal/test_runner/test:1047:25)
    Test.processPendingSubtests (node:internal/test_runner/test:744:18)
    Test.postRun (node:internal/test_runner/test:1173:19)
    Test.run (node:internal/test_runner/test:1101:12)
    async Test.processPendingSubtests (node:internal/test_runner/test:744:7)
  ...
1..55
# tests 55
# suites 0
# pass 42
# fail 13
# cancelled 0
# skipped 0
# todo 0
# duration_ms 639.424724
