TAP version 13
# Subtest: final material response calibration publishes a physically separated shell palette
not ok 1 - final material response calibration publishes a physically separated shell palette
  ---
  duration_ms: 26.973162
  type: 'test'
  location: '/home/cristian/prototipos/three.js/disenos/cinemex-hvac-lorawan/tests/materials.test.mjs:44:1'
  failureType: 'testCodeFailure'
  error: |-
    Expected values to be strictly deep-equal:
    + actual - expected
    
      {
    +   clearcoat: 0.82,
    +   clearcoatRoughness: 0.16,
    -   clearcoat: 0.52,
    -   clearcoatRoughness: 0.24,
        color: 14096672,
    -   envMapIntensity: 1.15,
        metalness: 0.02,
    +   roughness: 0.26,
    +   specularIntensity: 0.72,
    -   roughness: 0.32,
    -   specularIntensity: 0.48,
        type: 'physical'
      }
    
  code: 'ERR_ASSERTION'
  name: 'AssertionError'
  expected:
    type: 'physical'
    color: 14096672
    metalness: 0.02
    roughness: 0.32
    clearcoat: 0.52
    clearcoatRoughness: 0.24
    specularIntensity: 0.48
    envMapIntensity: 1.15
  actual:
    type: 'physical'
    color: 14096672
    metalness: 0.02
    roughness: 0.26
    clearcoat: 0.82
    clearcoatRoughness: 0.16
    specularIntensity: 0.72
  operator: 'deepStrictEqual'
  stack: |-
    TestContext.<anonymous> (file:///home/cristian/prototipos/three.js/disenos/cinemex-hvac-lorawan/tests/materials.test.mjs:45:10)
    Test.runInAsyncScope (node:async_hooks:214:14)
    Test.run (node:internal/test_runner/test:1047:25)
    Test.start (node:internal/test_runner/test:944:17)
    startSubtestAfterBootstrap (node:internal/test_runner/harness:296:17)
  ...
# Subtest: registry creates shared procedural response maps instead of graphic textures
not ok 2 - registry creates shared procedural response maps instead of graphic textures
  ---
  duration_ms: 3.373654
  type: 'test'
  location: '/home/cristian/prototipos/three.js/disenos/cinemex-hvac-lorawan/tests/materials.test.mjs:84:1'
  failureType: 'testCodeFailure'
  error: |-
    Expected values to be strictly equal:
    
    5 !== 6
    
  code: 'ERR_ASSERTION'
  name: 'AssertionError'
  expected: 6
  actual: 5
  operator: 'strictEqual'
  stack: |-
    TestContext.<anonymous> (file:///home/cristian/prototipos/three.js/disenos/cinemex-hvac-lorawan/tests/materials.test.mjs:88:10)
    Test.runInAsyncScope (node:async_hooks:214:14)
    Test.run (node:internal/test_runner/test:1047:25)
    Test.processPendingSubtests (node:internal/test_runner/test:744:18)
    Test.postRun (node:internal/test_runner/test:1173:19)
    Test.run (node:internal/test_runner/test:1101:12)
    async startSubtestAfterBootstrap (node:internal/test_runner/harness:296:3)
  ...
# Subtest: registry shares canonical and dynamic materials without per-instance churn
ok 3 - registry shares canonical and dynamic materials without per-instance churn
  ---
  duration_ms: 2.561964
  type: 'test'
  ...
# Subtest: engineering mode makes every registered shell material translucent and restores defaults
ok 4 - engineering mode makes every registered shell material translucent and restores defaults
  ---
  duration_ms: 5.74336
  type: 'test'
  ...
# Subtest: registry disposes each shared material exactly once even through aliases
not ok 5 - registry disposes each shared material exactly once even through aliases
  ---
  duration_ms: 1.906853
  type: 'test'
  location: '/home/cristian/prototipos/three.js/disenos/cinemex-hvac-lorawan/tests/materials.test.mjs:150:1'
  failureType: 'testCodeFailure'
  error: "Cannot read properties of undefined (reading 'disposeCalls')"
  code: 'ERR_TEST_FAILURE'
  name: 'TypeError'
  stack: |-
    file:///home/cristian/prototipos/three.js/disenos/cinemex-hvac-lorawan/tests/materials.test.mjs:163:62
    Array.every (<anonymous>)
    TestContext.<anonymous> (file:///home/cristian/prototipos/three.js/disenos/cinemex-hvac-lorawan/tests/materials.test.mjs:163:35)
    Test.runInAsyncScope (node:async_hooks:214:14)
    Test.run (node:internal/test_runner/test:1047:25)
    Test.processPendingSubtests (node:internal/test_runner/test:744:18)
    Test.postRun (node:internal/test_runner/test:1173:19)
    Test.run (node:internal/test_runner/test:1101:12)
    async Test.processPendingSubtests (node:internal/test_runner/test:744:7)
  ...
# Subtest: query state has a stable canonical default and serializes in contract order
ok 6 - query state has a stable canonical default and serializes in contract order
  ---
  duration_ms: 14.014982
  type: 'test'
  ...
# Subtest: query state accepts a complete engineering inspection state
ok 7 - query state accepts a complete engineering inspection state
  ---
  duration_ms: 1.312675
  type: 'test'
  ...
# Subtest: query state accepts DesignSpec blockout camera and state vocabulary
ok 8 - query state accepts DesignSpec blockout camera and state vocabulary
  ---
  duration_ms: 0.67349
  type: 'test'
  ...
# Subtest: malformed query tokens fall back atomically and emit one warning
ok 9 - malformed query tokens fall back atomically and emit one warning
  ---
  duration_ms: 0.853828
  type: 'test'
  ...
# Subtest: camera controller applies presets and bounds first-person movement
ok 10 - camera controller applies presets and bounds first-person movement
  ---
  duration_ms: 1.952778
  type: 'test'
  ...
# Subtest: fixed evidence cameras frame targets tightly and apply their field of view
ok 11 - fixed evidence cameras frame targets tightly and apply their field of view
  ---
  duration_ms: 0.943613
  type: 'test'
  ...
# Subtest: structural evidence preserves grazing/network views and improves Sala 3 framing
ok 12 - structural evidence preserves grazing/network views and improves Sala 3 framing
  ---
  duration_ms: 4.866508
  type: 'test'
  ...
# Subtest: structural attempt 2 raises neutral scene value without entering the final lighting pass
ok 13 - structural attempt 2 raises neutral scene value without entering the final lighting pass
  ---
  duration_ms: 42.655785
  type: 'test'
  ...
# Subtest: materials realism reset adds a neutral PMREM response rig and restrained facade fill
ok 14 - materials realism reset adds a neutral PMREM response rig and restrained facade fill
  ---
  duration_ms: 3.905725
  type: 'test'
  ...
# Subtest: final materials attempt scopes exposure and key angle changes to the grazing look-dev camera
not ok 15 - final materials attempt scopes exposure and key angle changes to the grazing look-dev camera
  ---
  duration_ms: 8.375453
  type: 'test'
  location: '/home/cristian/prototipos/three.js/disenos/cinemex-hvac-lorawan/tests/shell.test.mjs:218:1'
  failureType: 'testCodeFailure'
  error: |-
    The input did not match the regular expression /function setLookdevCamera\(cameraName\)/. Input:
    
    'const SEMANTIC_GROUP_NAMES = Object.freeze([\n' +
      "  'architecture', 'roof', 'walls', 'hvac', 'zones',\n" +
      "  'rs485', 'lorawan', 'internet', 'labels',\n" +
      ']);\n' +
      '\n' +
      'export function resolvePixelRatio(devicePixelRatio, cap = 1.5) {\n' +
      '  const value = Number(devicePixelRatio);\n' +
      '  return Number.isFinite(value) && value > 0 ? Math.min(value, cap) : 1;\n' +
      '}\n' +
      '\n' +
      '/** Creates layer roots only. Asset builders populate these groups in later SDD tasks. */\n' +
      'export function createSemanticGroups(THREE) {\n' +
      "  if (!THREE?.Group) throw new TypeError('Three.Group is required.');\n" +
      '  return Object.fromEntries(SEMANTIC_GROUP_NAMES.map((name) => {\n' +
      '    const group = new THREE.Group();\n' +
      '    group.name = `layer-${name}`;\n' +
      '    return [name, group];\n' +
      '  }));\n' +
      '}\n' +
      '\n' +
      'export function createSceneRuntime({ THREE, RoomEnvironment, container, materials, windowObject = globalThis.window } = {}) {\n' +
      "  if (!THREE?.WebGLRenderer || !container) throw new TypeError('Three.js and a render container are required.');\n" +
      '\n' +
      '  const scene = new THREE.Scene();\n' +
      "  scene.name = 'cinemex-hvac-scene';\n" +
      '  scene.background = new THREE.Color(0x10131a);\n' +
      '\n' +
      '  const camera = new THREE.PerspectiveCamera(40, 1, 0.1, 300);\n' +
      '  camera.position.set(66, 52, 68);\n' +
      '\n' +
      "  const renderer = new THREE.WebGLRenderer({ antialias: true, alpha: false, powerPreference: 'high-performance' });\n" +
      '  renderer.setPixelRatio(resolvePixelRatio(windowObject?.devicePixelRatio));\n' +
      '  renderer.outputColorSpace = THREE.SRGBColorSpace;\n' +
      '  renderer.toneMapping = THREE.ACESFilmicToneMapping;\n' +
      '  renderer.toneMappingExposure = 1.05;\n' +
      '  renderer.shadowMap.enabled = true;\n' +
      '  renderer.shadowMap.type = THREE.PCFSoftShadowMap;\n' +
      '  container.append(renderer.domElement);\n' +
      '\n' +
      '  const groups = createSemanticGroups(THREE);\n' +
      '  scene.add(...Object.values(groups));\n' +
      '\n' +
      '  // Neutral PMREM look-dev response: material calibration only, not final scene lighting.\n' +
      '  let pmremGenerator = null;\n' +
      '  let roomEnvironment = null;\n' +
      '  let environmentTexture = null;\n' +
      '  if (RoomEnvironment && THREE.PMREMGenerator) {\n' +
      '    pmremGenerator = new THREE.PMREMGenerator(renderer);\n' +
      '    roomEnvironment = new RoomEnvironment();\n' +
      '    environmentTexture = pmremGenerator.fromScene(roomEnvironment, 0.04).texture;\n' +
      "    environmentTexture.name = 'cinemex-neutral-material-environment';\n" +
      '    scene.environment = environmentTexture;\n' +
      '  }\n' +
      '\n' +
      '  const hemisphere = new THREE.HemisphereLight(0xe9f2ff, 0x242936, 1.85);\n' +
      "  hemisphere.name = 'ambient-hemisphere';\n" +
      '  const sun = new THREE.DirectionalLight(0xffffff, 2.35);\n' +
      "  sun.name = 'architectural-key';\n" +
      '  sun.position.set(28, 42, 30);\n' +
      '  sun.castShadow = true;\n' +
      '  const facadeFill = new THREE.DirectionalLight(0xb9d8ff, 0.45);\n' +
      "  facadeFill.name = 'material-response-facade-fill';\n" +
      '  facadeFill.position.set(-22, 14, 34);\n' +
      '  scene.add(hemisphere, sun, facadeFill);\n' +
      '\n' +
      '  const clippingPlane = new THREE.Plane(new THREE.Vector3(-1, 0, 0), 0);\n' +
      '  let disposed = false;\n' +
      '\n' +
      '  function resize() {\n' +
      '    if (disposed) return;\n' +
      '    const { width = 1, height = 1 } = container.getBoundingClientRect();\n' +
      '    const safeWidth = Math.max(1, Math.floor(width));\n' +
      '    const safeHeight = Math.max(1, Math.floor(height));\n' +
      '    renderer.setSize(safeWidth, safeHeight, false);\n' +
      '    camera.aspect = safeWidth / safeHeight;\n' +
      '    camera.updateProjectionMatrix();\n' +
      '  }\n' +
      '\n' +
      '  const ResizeObserverClass = windowObject?.ResizeObserver;\n' +
      '  const resizeObserver = ResizeObserverClass ? new ResizeObserverClass(resize) : null;\n' +
      '  const requestFrame = windowObject?.requestAnimationFrame?.bind(windowObject);\n' +
      '  const cancelFrame = windowObject?.cancelAnimationFrame?.bind(windowObject);\n' +
      '  const scheduleTimer = windowObject?.setTimeout?.bind(windowObject);\n' +
      '  const cancelTimer = windowObject?.clearTimeout?.bind(windowObject);\n' +
      '  let resizeFrame = 0;\n' +
      '  const resizeTimers = new Set();\n' +
      '\n' +
      '  function clearResizeTimers() {\n' +
      '    for (const timer of resizeTimers) cancelTimer?.(timer);\n' +
      '    resizeTimers.clear();\n' +
      '  }\n' +
      '\n' +
      '  function scheduleWindowResize() {\n' +
      '    // Apply once immediately; software renderers can run below 10 FPS, making a RAF-only\n' +
      '    // resize settle too late for the CSS viewport that already changed.\n' +
      '    resize();\n' +
      '    clearResizeTimers();\n' +
      '    // CSS grid height can settle after the first measurement. Two short wall-clock samples\n' +
      '    // keep the backing store coherent even when SwiftShader starves ResizeObserver/RAF.\n' +
      '    for (const delay of [70, 140, 260]) {\n' +
      '      let timer = 0;\n' +
      '      timer = scheduleTimer?.(() => {\n' +
      '        resizeTimers.delete(timer);\n' +
      '        resize();\n' +
      '      }, delay) ?? 0;\n' +
      '      if (timer) resizeTimers.add(timer);\n' +
      '    }\n' +
      '    if (!requestFrame) {\n' +
      '      return;\n' +
      '    }\n' +
      '    if (resizeFrame) cancelFrame?.(resizeFrame);\n' +
      '    // Viewport resize events may precede the final CSS grid height. Measure after two frames.\n' +
      '    resizeFrame = requestFrame(() => {\n' +
      '      resizeFrame = requestFrame(() => {\n' +
      '        resizeFrame = 0;\n' +
      '        resize();\n' +
      '      });\n' +
      '    });\n' +
      '  }\n' +
      '\n' +
      '  resizeObserver?.observe(container);\n' +
      "  windowObject?.addEventListener?.('resize', scheduleWindowResize);\n" +
      '  resize();\n' +
      '\n' +
      '  function render() {\n' +
      '    if (!disposed) renderer.render(scene, camera);\n' +
      '  }\n' +
      '\n' +
      '  function dispose() {\n' +
      '    if (disposed) return;\n' +
      '    disposed = true;\n' +
      '    if (resizeFrame) cancelFrame?.(resizeFrame);\n' +
      '    clearResizeTimers();\n' +
      '    resizeObserver?.disconnect();\n' +
      "    windowObject?.removeEventListener?.('resize', scheduleWindowResize);\n" +
      '    materials?.dispose?.();\n' +
      '    environmentTexture?.dispose?.();\n' +
      '    roomEnvironment?.dispose?.();\n' +
      '    pmremGenerator?.dispose?.();\n' +
      '    renderer.dispose();\n' +
      '    renderer.domElement.remove();\n' +
      '  }\n' +
      '\n' +
      '  return { scene, camera, renderer, groups, clippingPlane, render, resize, dispose };\n' +
      '}\n'
    
  code: 'ERR_ASSERTION'
  name: 'AssertionError'
  expected:
  actual: |-
    const SEMANTIC_GROUP_NAMES = Object.freeze([
      'architecture', 'roof', 'walls', 'hvac', 'zones',
      'rs485', 'lorawan', 'internet', 'labels',
    ]);
    
    export function resolvePixelRatio(devicePixelRatio, cap = 1.5) {
      const value = Number(devicePixelRatio);
      return Number.isFinite(value) && value > 0 ? Math.min(value, cap) : 1;
    }
    
    /** Creates layer roots only. Asset builders populate these groups in later SDD tasks. */
    export function createSemanticGroups(THREE) {
      if (!THREE?.Group) throw new TypeError('Three.Group is required.');
      return Object.fromEntries(SEMANTIC_GROUP_NAMES.map((name) => {
        const group = new THREE.Group();
        group.name = `layer-${name}`;
        return [name, group];
      }));
    }
    
    export function createSceneRuntime({ THREE, RoomEnvironment, container, materials, windowObject = globalThis.window } = {}) {
      if (!THREE?.WebGLRenderer || !container) throw new TypeError('Three.js and a render container are required.');
    
      const scene = new THREE.Scene();
      scene.name = 'cinemex-hvac-scene';
      scene.background = new THREE.Color(0x10131a);
    
      const camera = new THREE.PerspectiveCamera(40, 1, 0.1, 300);
      camera.position.set(66, 52, 68);
    
      const renderer = new THREE.WebGLRenderer({ antialias: true, alpha: false, powerPreference: 'high-performance' });
      renderer.setPixelRatio(resolvePixelRatio(windowObject?.devicePixelRatio));
      renderer.outputColorSpace = THREE.SRGBColorSpace;
      renderer.toneMapping = THREE.ACESFilmicToneMapping;
      renderer.toneMappingExposure = 1.05;
      renderer.shadowMap.enabled = true;
      renderer.shadowMap.type = THREE.PCFSoftShadowMap;
      container.append(renderer.domElement);
    
      const groups = createSemanticGroups(THREE);
      scene.add(...Object.values(groups));
    
      // Neutral PMREM look-dev response: material calibration only, not final scene lighting.
      let pmremGenerator = null;
      let roomEnvironment = null;
      let environmentTexture = null;
      if (RoomEnvironment && THREE.PMREMGenerator) {
        pmremGenerator = new THREE.PMREMGenerator(renderer);
        roomEnvironment = new RoomEnvironment();
        environmentTexture = pmremGenerator.fromScene(roomEnvironment, 0.04).texture;
        environmentTexture.name = 'cinemex-neutral-material-environment';
        scene.environment = environmentTexture;
      }
    
      const hemisphere = new THREE.HemisphereLight(0xe9f2ff, 0x242936, 1.85);
      hemisphere.name = 'ambient-hemisphere';
      const sun = new THREE.DirectionalLight(0xffffff, 2.35);
      sun.name = 'architectural-key';
      sun.position.set(28, 42, 30);
      sun.castShadow = true;
      const facadeFill = new THREE.DirectionalLight(0xb9d8ff, 0.45);
      facadeFill.name = 'material-response-facade-fill';
      facadeFill.position.set(-22, 14, 34);
      scene.add(hemisphere, sun, facadeFill);
    
      const clippingPlane = new THREE.Plane(new THREE.Vector3(-1, 0, 0), 0);
      let disposed = false;
    
      function resize() {
        if (disposed) return;
        const { width = 1, height = 1 } = container.getBoundingClientRect();
        const safeWidth = Math.max(1, Math.floor(width));
        const safeHeight = Math.max(1, Math.floor(height));
        renderer.setSize(safeWidth, safeHeight, false);
        camera.aspect = safeWidth / safeHeight;
        camera.updateProjectionMatrix();
      }
    
      const ResizeObserverClass = windowObject?.ResizeObserver;
      const resizeObserver = ResizeObserverClass ? new ResizeObserverClass(resize) : null;
      const requestFrame = windowObject?.requestAnimationFrame?.bind(windowObject);
      const cancelFrame = windowObject?.cancelAnimationFrame?.bind(windowObject);
      const scheduleTimer = windowObject?.setTimeout?.bind(windowObject);
      const cancelTimer = windowObject?.clearTimeout?.bind(windowObject);
      let resizeFrame = 0;
      const resizeTimers = new Set();
    
      function clearResizeTimers() {
        for (const timer of resizeTimers) cancelTimer?.(timer);
        resizeTimers.clear();
      }
    
      function scheduleWindowResize() {
        // Apply once immediately; software renderers can run below 10 FPS, making a RAF-only
        // resize settle too late for the CSS viewport that already changed.
        resize();
        clearResizeTimers();
        // CSS grid height can settle after the first measurement. Two short wall-clock samples
        // keep the backing store coherent even when SwiftShader starves ResizeObserver/RAF.
        for (const delay of [70, 140, 260]) {
          let timer = 0;
          timer = scheduleTimer?.(() => {
            resizeTimers.delete(timer);
            resize();
          }, delay) ?? 0;
          if (timer) resizeTimers.add(timer);
        }
        if (!requestFrame) {
          return;
        }
        if (resizeFrame) cancelFrame?.(resizeFrame);
        // Viewport resize events may precede the final CSS grid height. Measure after two frames.
        resizeFrame = requestFrame(() => {
          resizeFrame = requestFrame(() => {
            resizeFrame = 0;
            resize();
          });
        });
      }
    
      resizeObserver?.observe(container);
      windowObject?.addEventListener?.('resize', scheduleWindowResize);
      resize();
    
      function render() {
        if (!disposed) renderer.render(scene, camera);
      }
    
      function dispose() {
        if (disposed) return;
        disposed = true;
        if (resizeFrame) cancelFrame?.(resizeFrame);
        clearResizeTimers();
        resizeObserver?.disconnect();
        windowObject?.removeEventListener?.('resize', scheduleWindowResize);
        materials?.dispose?.();
        environmentTexture?.dispose?.();
        roomEnvironment?.dispose?.();
        pmremGenerator?.dispose?.();
        renderer.dispose();
        renderer.domElement.remove();
      }
    
      return { scene, camera, renderer, groups, clippingPlane, render, resize, dispose };
    }
    
  operator: 'match'
  stack: |-
    TestContext.<anonymous> (file:///home/cristian/prototipos/three.js/disenos/cinemex-hvac-lorawan/tests/shell.test.mjs:222:10)
    async Test.run (node:internal/test_runner/test:1054:7)
    async Test.processPendingSubtests (node:internal/test_runner/test:744:7)
  ...
# Subtest: query state accepts the DesignSpec grazing evidence camera
ok 16 - query state accepts the DesignSpec grazing evidence camera
  ---
  duration_ms: 6.455684
  type: 'test'
  ...
# Subtest: materials pass accepts deterministic material state and reference-match camera
ok 17 - materials pass accepts deterministic material state and reference-match camera
  ---
  duration_ms: 0.52644
  type: 'test'
  ...
# Subtest: materials look-dev cameras match the DesignSpec neutral, grazing and reference views
ok 18 - materials look-dev cameras match the DesignSpec neutral, grazing and reference views
  ---
  duration_ms: 0.53578
  type: 'test'
  ...
# Subtest: structural attempt 3 accepts dedicated family, RS-485 and roof-service evidence cameras
ok 19 - structural attempt 3 accepts dedicated family, RS-485 and roof-service evidence cameras
  ---
  duration_ms: 0.681822
  type: 'test'
  ...
# Subtest: structural attempt 3 evidence cameras compare family masters and roof containment
ok 20 - structural attempt 3 evidence cameras compare family masters and roof containment
  ---
  duration_ms: 0.813327
  type: 'test'
  ...
# Subtest: materials grazing camera is a low facade and circulation three-quarter
ok 21 - materials grazing camera is a low facade and circulation three-quarter
  ---
  duration_ms: 0.609015
  type: 'test'
  ...
# Subtest: materials floor camera exposes public tile and corridor carpet in one finish comparison
ok 22 - materials floor camera exposes public tile and corridor carpet in one finish comparison
  ---
  duration_ms: 0.412525
  type: 'test'
  ...
# Subtest: layer controller switches modes, views and clipping without inventing assets
ok 23 - layer controller switches modes, views and clipping without inventing assets
  ---
  duration_ms: 1.120751
  type: 'test'
  ...
# Subtest: runtime caps DPR and creates empty semantic layer groups
ok 24 - runtime caps DPR and creates empty semantic layer groups
  ---
  duration_ms: 0.69336
  type: 'test'
  ...
# Subtest: HTML shell exposes Spanish project identity and semantic controls
ok 25 - HTML shell exposes Spanish project identity and semantic controls
  ---
  duration_ms: 14.220169
  type: 'test'
  ...
1..25
# tests 25
# suites 0
# pass 21
# fail 4
# cancelled 0
# skipped 0
# todo 0
# duration_ms 511.015205
