TAP version 13
# Subtest: shell plan preserves the 60 by 45 metre footprint and exact depth bands
ok 1 - shell plan preserves the 60 by 45 metre footprint and exact depth bands
  ---
  duration_ms: 12.884165
  type: 'test'
  ...
# Subtest: shell plan exposes four auditorium portals per side in stable room order
ok 2 - shell plan exposes four auditorium portals per side in stable room order
  ---
  duration_ms: 3.131131
  type: 'test'
  ...
# Subtest: auditorium perimeter walls rise to each configured family height
ok 3 - auditorium perimeter walls rise to each configured family height
  ---
  duration_ms: 7.164271
  type: 'test'
  ...
# Subtest: rear technical rooms remain disjoint from the service circulation strip
ok 4 - rear technical rooms remain disjoint from the service circulation strip
  ---
  duration_ms: 1.386894
  type: 'test'
  ...
# Subtest: facade plan includes a red marquee, legible identity mass and accessible entrance bank
ok 5 - facade plan includes a red marquee, legible identity mass and accessible entrance bank
  ---
  duration_ms: 1.626725
  type: 'test'
  ...
# Subtest: blockout correction exposes countable auditorium and front-of-house proxies
ok 6 - blockout correction exposes countable auditorium and front-of-house proxies
  ---
  duration_ms: 1.577625
  type: 'test'
  ...
# Subtest: final blockout retry repeats three categorical auditorium family profiles
ok 7 - final blockout retry repeats three categorical auditorium family profiles
  ---
  duration_ms: 1.154878
  type: 'test'
  ...
# Subtest: every auditorium proxy declares continuous aisle and a visibly empty wheelchair notch
ok 8 - every auditorium proxy declares continuous aisle and a visibly empty wheelchair notch
  ---
  duration_ms: 2.247551
  type: 'test'
  ...
# Subtest: Sala 3 RS-485 trunk is lowered and routed along the corridor edge
ok 9 - Sala 3 RS-485 trunk is lowered and routed along the corridor edge
  ---
  duration_ms: 1.413385
  type: 'test'
  ...
# Subtest: blockout correction exposes exact endpoint and media proxy counts
ok 10 - blockout correction exposes exact endpoint and media proxy counts
  ---
  duration_ms: 1.732015
  type: 'test'
  ...
# Subtest: application composition wires only the structural shell asset builder into the runtime
ok 11 - application composition wires only the structural shell asset builder into the runtime
  ---
  duration_ms: 13.413994
  type: 'test'
  ...
# Subtest: silhouette reset exposes one-view room, family, FOH and rear-strip billboards
ok 12 - silhouette reset exposes one-view room, family, FOH and rear-strip billboards
  ---
  duration_ms: 1.061072
  type: 'test'
  ...
# Subtest: silhouette reset keeps device geometry true-scale and adds countable halo labels
ok 13 - silhouette reset keeps device geometry true-scale and adds countable halo labels
  ---
  duration_ms: 1.538199
  type: 'test'
  ...
# Subtest: silhouette reset separates FOH silhouettes and leaves checkpoint access open
ok 14 - silhouette reset separates FOH silhouettes and leaves checkpoint access open
  ---
  duration_ms: 1.608447
  type: 'test'
  ...
# Subtest: silhouette reset spreads LoRa lanes and the external client fan without changing semantics
ok 15 - silhouette reset spreads LoRa lanes and the external client fan without changing semantics
  ---
  duration_ms: 1.071624
  type: 'test'
  ...
# Subtest: structural plan declares buildable slab, wall and family-height roof sections
ok 16 - structural plan declares buildable slab, wall and family-height roof sections
  ---
  duration_ms: 1.11078
  type: 'test'
  ...
# Subtest: structural plan uses true framed openings for auditorium and emergency doors
ok 17 - structural plan uses true framed openings for auditorium and emergency doors
  ---
  duration_ms: 0.94364
  type: 'test'
  ...
# Subtest: structural facade has five framed glazed entries with an accessible centre opening and supported signage
ok 18 - structural facade has five framed glazed entries with an accessible centre opening and supported signage
  ---
  duration_ms: 0.870544
  type: 'test'
  ...
# Subtest: structural rear technical rooms have walls and doors opening into the disjoint service corridor
ok 19 - structural rear technical rooms have walls and doors opening into the disjoint service corridor
  ---
  duration_ms: 2.424488
  type: 'test'
  ...
# Subtest: structural containment exposes owned contact-coherent sockets without physical LoRa geometry
ok 20 - structural containment exposes owned contact-coherent sockets without physical LoRa geometry
  ---
  duration_ms: 0.945801
  type: 'test'
  ...
# Subtest: structural device bodies use documented real dimensions while labels provide legibility
ok 21 - structural device bodies use documented real dimensions while labels provide legibility
  ---
  duration_ms: 0.824114
  type: 'test'
  ...
# Subtest: structural evidence corrections improve front labels and technical anchor spread
ok 22 - structural evidence corrections improve front labels and technical anchor spread
  ---
  duration_ms: 0.911234
  type: 'test'
  ...
# Subtest: materials realism reset uses charcoal frames, neutral later-asset proxies, and a true labels layer
ok 23 - materials realism reset uses charcoal frames, neutral later-asset proxies, and a true labels layer
  ---
  duration_ms: 6.16952
  type: 'test'
  ...
# Subtest: structural attempt 2 joins the kitchen hood outlet to a visible vertical extract duct
ok 24 - structural attempt 2 joins the kitchen hood outlet to a visible vertical extract duct
  ---
  duration_ms: 1.398924
  type: 'test'
  ...
# Subtest: structural attempt 2 makes every public, auditorium and emergency opening contact-readable
ok 25 - structural attempt 2 makes every public, auditorium and emergency opening contact-readable
  ---
  duration_ms: 1.111166
  type: 'test'
  ...
# Subtest: structural attempt 2 aligns the accessible forecourt route and fully attaches facade supports
ok 26 - structural attempt 2 aligns the accessible forecourt route and fully attaches facade supports
  ---
  duration_ms: 0.855091
  type: 'test'
  ...
# Subtest: structural attempt 2 containment runs terminal-to-terminal through visible junctions and sleeves
ok 27 - structural attempt 2 containment runs terminal-to-terminal through visible junctions and sleeves
  ---
  duration_ms: 0.946548
  type: 'test'
  ...
# Subtest: structural attempt 2 exposes geometry-only 2/4/2 family profiles and human scale references
ok 28 - structural attempt 2 exposes geometry-only 2/4/2 family profiles and human scale references
  ---
  duration_ms: 1.242626
  type: 'test'
  ...
# Subtest: structural attempt 3 gives every family master comparable cinema-specific geometry
ok 29 - structural attempt 3 gives every family master comparable cinema-specific geometry
  ---
  duration_ms: 1.119207
  type: 'test'
  ...
# Subtest: structural attempt 3 keeps all RS-485 routes tray-backed and terminal complete
ok 30 - structural attempt 3 keeps all RS-485 routes tray-backed and terminal complete
  ---
  duration_ms: 1.938329
  type: 'test'
  ...
# Subtest: structural attempt 3 roof services overlap plenums, mains and owned sleeves
ok 31 - structural attempt 3 roof services overlap plenums, mains and owned sleeves
  ---
  duration_ms: 0.769104
  type: 'test'
  ...
# Subtest: materials realism reset publishes a calibrated near-binary PBR shell palette
ok 32 - materials realism reset publishes a calibrated near-binary PBR shell palette
  ---
  duration_ms: 4.04902
  type: 'test'
  ...
# Subtest: registry creates shared procedural response maps instead of graphic textures
ok 33 - registry creates shared procedural response maps instead of graphic textures
  ---
  duration_ms: 1.564385
  type: 'test'
  ...
# Subtest: registry shares canonical and dynamic materials without per-instance churn
ok 34 - registry shares canonical and dynamic materials without per-instance churn
  ---
  duration_ms: 3.771622
  type: 'test'
  ...
# Subtest: engineering mode makes every registered shell material translucent and restores defaults
ok 35 - engineering mode makes every registered shell material translucent and restores defaults
  ---
  duration_ms: 1.299443
  type: 'test'
  ...
# Subtest: registry disposes each shared material exactly once even through aliases
ok 36 - registry disposes each shared material exactly once even through aliases
  ---
  duration_ms: 1.134182
  type: 'test'
  ...
# Subtest: query state has a stable canonical default and serializes in contract order
ok 37 - query state has a stable canonical default and serializes in contract order
  ---
  duration_ms: 4.687389
  type: 'test'
  ...
# Subtest: query state accepts a complete engineering inspection state
ok 38 - query state accepts a complete engineering inspection state
  ---
  duration_ms: 0.667671
  type: 'test'
  ...
# Subtest: query state accepts DesignSpec blockout camera and state vocabulary
ok 39 - query state accepts DesignSpec blockout camera and state vocabulary
  ---
  duration_ms: 0.412631
  type: 'test'
  ...
# Subtest: malformed query tokens fall back atomically and emit one warning
ok 40 - malformed query tokens fall back atomically and emit one warning
  ---
  duration_ms: 0.63647
  type: 'test'
  ...
# Subtest: camera controller applies presets and bounds first-person movement
ok 41 - camera controller applies presets and bounds first-person movement
  ---
  duration_ms: 1.334445
  type: 'test'
  ...
# Subtest: fixed evidence cameras frame targets tightly and apply their field of view
ok 42 - fixed evidence cameras frame targets tightly and apply their field of view
  ---
  duration_ms: 0.535503
  type: 'test'
  ...
# Subtest: structural evidence preserves grazing/network views and improves Sala 3 framing
ok 43 - structural evidence preserves grazing/network views and improves Sala 3 framing
  ---
  duration_ms: 0.412585
  type: 'test'
  ...
# Subtest: structural attempt 2 raises neutral scene value without entering the final lighting pass
ok 44 - structural attempt 2 raises neutral scene value without entering the final lighting pass
  ---
  duration_ms: 21.068932
  type: 'test'
  ...
# Subtest: materials realism reset adds a neutral PMREM response rig and restrained facade fill
ok 45 - materials realism reset adds a neutral PMREM response rig and restrained facade fill
  ---
  duration_ms: 2.386381
  type: 'test'
  ...
# Subtest: query state accepts the DesignSpec grazing evidence camera
ok 46 - query state accepts the DesignSpec grazing evidence camera
  ---
  duration_ms: 0.760092
  type: 'test'
  ...
# Subtest: materials pass accepts deterministic material state and reference-match camera
ok 47 - materials pass accepts deterministic material state and reference-match camera
  ---
  duration_ms: 0.342738
  type: 'test'
  ...
# Subtest: materials look-dev cameras match the DesignSpec neutral, grazing and reference views
ok 48 - materials look-dev cameras match the DesignSpec neutral, grazing and reference views
  ---
  duration_ms: 0.418445
  type: 'test'
  ...
# Subtest: structural attempt 3 accepts dedicated family, RS-485 and roof-service evidence cameras
ok 49 - structural attempt 3 accepts dedicated family, RS-485 and roof-service evidence cameras
  ---
  duration_ms: 0.341924
  type: 'test'
  ...
# Subtest: structural attempt 3 evidence cameras compare family masters and roof containment
ok 50 - structural attempt 3 evidence cameras compare family masters and roof containment
  ---
  duration_ms: 0.446315
  type: 'test'
  ...
# Subtest: materials grazing camera is a low facade and circulation three-quarter
ok 51 - materials grazing camera is a low facade and circulation three-quarter
  ---
  duration_ms: 0.175163
  type: 'test'
  ...
# Subtest: layer controller switches modes, views and clipping without inventing assets
ok 52 - layer controller switches modes, views and clipping without inventing assets
  ---
  duration_ms: 0.664741
  type: 'test'
  ...
# Subtest: runtime caps DPR and creates empty semantic layer groups
ok 53 - runtime caps DPR and creates empty semantic layer groups
  ---
  duration_ms: 0.49298
  type: 'test'
  ...
# Subtest: HTML shell exposes Spanish project identity and semantic controls
ok 54 - HTML shell exposes Spanish project identity and semantic controls
  ---
  duration_ms: 4.022236
  type: 'test'
  ...
1..54
# tests 54
# suites 0
# pass 54
# fail 0
# cancelled 0
# skipped 0
# todo 0
# duration_ms 333.395929
