TAP version 13
# Subtest: final material response calibration publishes a physically separated shell palette
ok 1 - final material response calibration publishes a physically separated shell palette
  ---
  duration_ms: 8.180538
  type: 'test'
  ...
# Subtest: registry creates shared procedural response maps instead of graphic textures
ok 2 - registry creates shared procedural response maps instead of graphic textures
  ---
  duration_ms: 4.643282
  type: 'test'
  ...
# Subtest: registry shares canonical and dynamic materials without per-instance churn
ok 3 - registry shares canonical and dynamic materials without per-instance churn
  ---
  duration_ms: 1.243837
  type: 'test'
  ...
# Subtest: engineering mode makes every registered shell material translucent and restores defaults
ok 4 - engineering mode makes every registered shell material translucent and restores defaults
  ---
  duration_ms: 1.909906
  type: 'test'
  ...
# Subtest: registry disposes each shared material exactly once even through aliases
ok 5 - registry disposes each shared material exactly once even through aliases
  ---
  duration_ms: 1.468253
  type: 'test'
  ...
# Subtest: query state has a stable canonical default and serializes in contract order
ok 6 - query state has a stable canonical default and serializes in contract order
  ---
  duration_ms: 7.68368
  type: 'test'
  ...
# Subtest: query state accepts a complete engineering inspection state
ok 7 - query state accepts a complete engineering inspection state
  ---
  duration_ms: 1.101291
  type: 'test'
  ...
# Subtest: query state accepts DesignSpec blockout camera and state vocabulary
ok 8 - query state accepts DesignSpec blockout camera and state vocabulary
  ---
  duration_ms: 1.228762
  type: 'test'
  ...
# Subtest: malformed query tokens fall back atomically and emit one warning
ok 9 - malformed query tokens fall back atomically and emit one warning
  ---
  duration_ms: 0.789145
  type: 'test'
  ...
# Subtest: camera controller applies presets and bounds first-person movement
ok 10 - camera controller applies presets and bounds first-person movement
  ---
  duration_ms: 2.551712
  type: 'test'
  ...
# Subtest: fixed evidence cameras frame targets tightly and apply their field of view
ok 11 - fixed evidence cameras frame targets tightly and apply their field of view
  ---
  duration_ms: 3.761066
  type: 'test'
  ...
# Subtest: structural evidence preserves grazing/network views and improves Sala 3 framing
ok 12 - structural evidence preserves grazing/network views and improves Sala 3 framing
  ---
  duration_ms: 0.573814
  type: 'test'
  ...
# Subtest: structural attempt 2 raises neutral scene value without entering the final lighting pass
ok 13 - structural attempt 2 raises neutral scene value without entering the final lighting pass
  ---
  duration_ms: 31.542399
  type: 'test'
  ...
# Subtest: materials realism reset adds a neutral PMREM response rig and restrained facade fill
ok 14 - materials realism reset adds a neutral PMREM response rig and restrained facade fill
  ---
  duration_ms: 3.782491
  type: 'test'
  ...
# Subtest: final materials attempt scopes exposure and key angle changes to the grazing look-dev camera
ok 15 - final materials attempt scopes exposure and key angle changes to the grazing look-dev camera
  ---
  duration_ms: 2.981184
  type: 'test'
  ...
# Subtest: query state accepts the DesignSpec grazing evidence camera
ok 16 - query state accepts the DesignSpec grazing evidence camera
  ---
  duration_ms: 0.755613
  type: 'test'
  ...
# Subtest: materials pass accepts deterministic material state and reference-match camera
ok 17 - materials pass accepts deterministic material state and reference-match camera
  ---
  duration_ms: 0.940067
  type: 'test'
  ...
# Subtest: materials look-dev cameras match the DesignSpec neutral, grazing and reference views
ok 18 - materials look-dev cameras match the DesignSpec neutral, grazing and reference views
  ---
  duration_ms: 2.882987
  type: 'test'
  ...
# Subtest: structural attempt 3 accepts dedicated family, RS-485 and roof-service evidence cameras
ok 19 - structural attempt 3 accepts dedicated family, RS-485 and roof-service evidence cameras
  ---
  duration_ms: 0.701361
  type: 'test'
  ...
# Subtest: structural attempt 3 evidence cameras compare family masters and roof containment
ok 20 - structural attempt 3 evidence cameras compare family masters and roof containment
  ---
  duration_ms: 0.661185
  type: 'test'
  ...
# Subtest: materials grazing camera is a low facade and circulation three-quarter
ok 21 - materials grazing camera is a low facade and circulation three-quarter
  ---
  duration_ms: 0.42702
  type: 'test'
  ...
# Subtest: materials floor camera exposes public tile and corridor carpet in one finish comparison
ok 22 - materials floor camera exposes public tile and corridor carpet in one finish comparison
  ---
  duration_ms: 0.37809
  type: 'test'
  ...
# Subtest: layer controller switches modes, views and clipping without inventing assets
ok 23 - layer controller switches modes, views and clipping without inventing assets
  ---
  duration_ms: 0.923117
  type: 'test'
  ...
# Subtest: runtime caps DPR and creates empty semantic layer groups
ok 24 - runtime caps DPR and creates empty semantic layer groups
  ---
  duration_ms: 0.539967
  type: 'test'
  ...
# Subtest: HTML shell exposes Spanish project identity and semantic controls
ok 25 - HTML shell exposes Spanish project identity and semantic controls
  ---
  duration_ms: 13.951547
  type: 'test'
  ...
1..25
# tests 25
# suites 0
# pass 25
# fail 0
# cancelled 0
# skipped 0
# todo 0
# duration_ms 414.136467
