[capture] DPR 3 -> 2880x2160 (6.2 MP/shot)
[console] p6-final-l5-attempt1-neutral-arch: clean -> disenos/cinemex-hvac-lorawan/runs/assets/01-shell-circulation-facade/p6-final-l5-attempt1-neutral-arch.console.json
[console] p6-final-l5-attempt1-neutral-arch-rooffoff: clean -> disenos/cinemex-hvac-lorawan/runs/assets/01-shell-circulation-facade/p6-final-l5-attempt1-neutral-arch-rooffoff.console.json
[console] p6-final-l5-attempt1-roofservice-arch: clean -> disenos/cinemex-hvac-lorawan/runs/assets/01-shell-circulation-facade/p6-final-l5-attempt1-roofservice-arch.console.json
[console] p6-final-l5-attempt1-grazing-arch: clean -> disenos/cinemex-hvac-lorawan/runs/assets/01-shell-circulation-facade/p6-final-l5-attempt1-grazing-arch.console.json
[console] p6-final-l5-attempt1-facade-arch: clean -> disenos/cinemex-hvac-lorawan/runs/assets/01-shell-circulation-facade/p6-final-l5-attempt1-facade-arch.console.json
[console] p6-final-l5-attempt1-lobby-arch: clean -> disenos/cinemex-hvac-lorawan/runs/assets/01-shell-circulation-facade/p6-final-l5-attempt1-lobby-arch.console.json
[console] p6-final-l5-attempt1-concessions-arch: clean -> disenos/cinemex-hvac-lorawan/runs/assets/01-shell-circulation-facade/p6-final-l5-attempt1-concessions-arch.console.json
[console] p6-final-l5-attempt1-kitchen-arch: clean -> disenos/cinemex-hvac-lorawan/runs/assets/01-shell-circulation-facade/p6-final-l5-attempt1-kitchen-arch.console.json
[console] p6-final-l5-attempt1-checkpoint-arch: clean -> disenos/cinemex-hvac-lorawan/runs/assets/01-shell-circulation-facade/p6-final-l5-attempt1-checkpoint-arch.console.json
[console] p6-final-l5-attempt1-corridor-arch: clean -> disenos/cinemex-hvac-lorawan/runs/assets/01-shell-circulation-facade/p6-final-l5-attempt1-corridor-arch.console.json
[console] p6-final-l5-attempt1-sala3-arch: clean -> disenos/cinemex-hvac-lorawan/runs/assets/01-shell-circulation-facade/p6-final-l5-attempt1-sala3-arch.console.json
[console] p6-final-l5-attempt1-technical-arch: clean -> disenos/cinemex-hvac-lorawan/runs/assets/01-shell-circulation-facade/p6-final-l5-attempt1-technical-arch.console.json
[console] p6-final-l5-attempt1-es-arch: clean -> disenos/cinemex-hvac-lorawan/runs/assets/01-shell-circulation-facade/p6-final-l5-attempt1-es-arch.console.json
[console] p6-final-l5-attempt1-net-arch: clean -> disenos/cinemex-hvac-lorawan/runs/assets/01-shell-circulation-facade/p6-final-l5-attempt1-net-arch.console.json
[console] p6-final-l5-attempt1-facade-poster1: clean -> disenos/cinemex-hvac-lorawan/runs/assets/01-shell-circulation-facade/p6-final-l5-attempt1-facade-poster1.console.json
[console] p6-final-l5-attempt1-concessions-display1: clean -> disenos/cinemex-hvac-lorawan/runs/assets/01-shell-circulation-facade/p6-final-l5-attempt1-concessions-display1.console.json
[console] p6-final-l5-attempt1-es-eng-t0: clean -> disenos/cinemex-hvac-lorawan/runs/assets/01-shell-circulation-facade/p6-final-l5-attempt1-es-eng-t0.console.json
[console] p6-final-l5-attempt1-es-eng-t30: clean -> disenos/cinemex-hvac-lorawan/runs/assets/01-shell-circulation-facade/p6-final-l5-attempt1-es-eng-t30.console.json
[console] p6-final-l5-attempt1-ug67-eng-t0: clean -> disenos/cinemex-hvac-lorawan/runs/assets/01-shell-circulation-facade/p6-final-l5-attempt1-ug67-eng-t0.console.json
[console] p6-final-l5-attempt1-ug67-eng-t30: clean -> disenos/cinemex-hvac-lorawan/runs/assets/01-shell-circulation-facade/p6-final-l5-attempt1-ug67-eng-t30.console.json
[console] p6-final-l5-attempt1-net-eng-t0: clean -> disenos/cinemex-hvac-lorawan/runs/assets/01-shell-circulation-facade/p6-final-l5-attempt1-net-eng-t0.console.json
[console] p6-final-l5-attempt1-net-eng-t30: clean -> disenos/cinemex-hvac-lorawan/runs/assets/01-shell-circulation-facade/p6-final-l5-attempt1-net-eng-t30.console.json
[console] p6-final-l5-attempt1-lobby-eng: clean -> disenos/cinemex-hvac-lorawan/runs/assets/01-shell-circulation-facade/p6-final-l5-attempt1-lobby-eng.console.json
[console] p6-final-l5-attempt1-concessions-eng: clean -> disenos/cinemex-hvac-lorawan/runs/assets/01-shell-circulation-facade/p6-final-l5-attempt1-concessions-eng.console.json
[console] p6-final-l5-attempt1-top-arch: clean -> disenos/cinemex-hvac-lorawan/runs/assets/01-shell-circulation-facade/p6-final-l5-attempt1-top-arch.console.json
[console] p6-final-l5-attempt1-embed-rtu02: clean -> disenos/cinemex-hvac-lorawan/runs/assets/01-shell-circulation-facade/p6-final-l5-attempt1-embed-rtu02.console.json
[
 {
  "file": "disenos/cinemex-hvac-lorawan/index.html",
  "out": "disenos/cinemex-hvac-lorawan/runs/assets/01-shell-circulation-facade/p6-final-l5-attempt1-neutral-arch.png",
  "bytes": 1086063,
  "w": 2880,
  "h": 2160
 },
 {
  "file": "disenos/cinemex-hvac-lorawan/index.html",
  "out": "disenos/cinemex-hvac-lorawan/runs/assets/01-shell-circulation-facade/p6-final-l5-attempt1-neutral-arch-rooffoff.png",
  "bytes": 1004705,
  "w": 2880,
  "h": 2160
 },
 {
  "file": "disenos/cinemex-hvac-lorawan/index.html",
  "out": "disenos/cinemex-hvac-lorawan/runs/assets/01-shell-circulation-facade/p6-final-l5-attempt1-roofservice-arch.png",
  "bytes": 836179,
  "w": 2880,
  "h": 2160
 },
 {
  "file": "disenos/cinemex-hvac-lorawan/index.html",
  "out": "disenos/cinemex-hvac-lorawan/runs/assets/01-shell-circulation-facade/p6-final-l5-attempt1-grazing-arch.png",
  "bytes": 1033054,
  "w": 2880,
  "h": 2160
 },
 {
  "file": "disenos/cinemex-hvac-lorawan/index.html",
  "out": "disenos/cinemex-hvac-lorawan/runs/assets/01-shell-circulation-facade/p6-final-l5-attempt1-facade-arch.png",
  "bytes": 1350193,
  "w": 2880,
  "h": 2160
 },
 {
  "file": "disenos/cinemex-hvac-lorawan/index.html",
  "out": "disenos/cinemex-hvac-lorawan/runs/assets/01-shell-circulation-facade/p6-final-l5-attempt1-lobby-arch.png",
  "bytes": 846253,
  "w": 2880,
  "h": 2160
 },
 {
  "file": "disenos/cinemex-hvac-lorawan/index.html",
  "out": "disenos/cinemex-hvac-lorawan/runs/assets/01-shell-circulation-facade/p6-final-l5-attempt1-concessions-arch.png",
  "bytes": 682942,
  "w": 2880,
  "h": 2160
 },
 {
  "file": "disenos/cinemex-hvac-lorawan/index.html",
  "out": "disenos/cinemex-hvac-lorawan/runs/assets/01-shell-circulation-facade/p6-final-l5-attempt1-kitchen-arch.png",
  "bytes": 665793,
  "w": 2880,
  "h": 2160
 },
 {
  "file": "disenos/cinemex-hvac-lorawan/index.html",
  "out": "disenos/cinemex-hvac-lorawan/runs/assets/01-shell-circulation-facade/p6-final-l5-attempt1-checkpoint-arch.png",
  "bytes": 537969,
  "w": 2880,
  "h": 2160
 },
 {
  "file": "disenos/cinemex-hvac-lorawan/index.html",
  "out": "disenos/cinemex-hvac-lorawan/runs/assets/01-shell-circulation-facade/p6-final-l5-attempt1-corridor-arch.png",
  "bytes": 973372,
  "w": 2880,
  "h": 2160
 },
 {
  "file": "disenos/cinemex-hvac-lorawan/index.html",
  "out": "disenos/cinemex-hvac-lorawan/runs/assets/01-shell-circulation-facade/p6-final-l5-attempt1-sala3-arch.png",
  "bytes": 456864,
  "w": 2880,
  "h": 2160
 },
 {
  "file": "disenos/cinemex-hvac-lorawan/index.html",
  "out": "disenos/cinemex-hvac-lorawan/runs/assets/01-shell-circulation-facade/p6-final-l5-attempt1-technical-arch.png",
  "bytes": 1102191,
  "w": 2880,
  "h": 2160
 },
 {
  "file": "disenos/cinemex-hvac-lorawan/index.html",
  "out": "disenos/cinemex-hvac-lorawan/runs/assets/01-shell-circulation-facade/p6-final-l5-attempt1-es-arch.png",
  "bytes": 1184298,
  "w": 2880,
  "h": 2160
 },
 {
  "file": "disenos/cinemex-hvac-lorawan/index.html",
  "out": "disenos/cinemex-hvac-lorawan/runs/assets/01-shell-circulation-facade/p6-final-l5-attempt1-net-arch.png",
  "bytes": 819502,
  "w": 2880,
  "h": 2160
 },
 {
  "file": "disenos/cinemex-hvac-lorawan/index.html",
  "out": "disenos/cinemex-hvac-lorawan/runs/assets/01-shell-circulation-facade/p6-final-l5-attempt1-facade-poster1.png",
  "bytes": 1350858,
  "w": 2880,
  "h": 2160
 },
 {
  "file": "disenos/cinemex-hvac-lorawan/index.html",
  "out": "disenos/cinemex-hvac-lorawan/runs/assets/01-shell-circulation-facade/p6-final-l5-attempt1-concessions-display1.png",
  "bytes": 684884,
  "w": 2880,
  "h": 2160
 },
 {
  "file": "disenos/cinemex-hvac-lorawan/index.html",
  "out": "disenos/cinemex-hvac-lorawan/runs/assets/01-shell-circulation-facade/p6-final-l5-attempt1-es-eng-t0.png",
  "bytes": 844007,
  "w": 2880,
  "h": 2160
 },
 {
  "file": "disenos/cinemex-hvac-lorawan/index.html",
  "out": "disenos/cinemex-hvac-lorawan/runs/assets/01-shell-circulation-facade/p6-final-l5-attempt1-es-eng-t30.png",
  "bytes": 846725,
  "w": 2880,
  "h": 2160
 },
 {
  "file": "disenos/cinemex-hvac-lorawan/index.html",
  "out": "disenos/cinemex-hvac-lorawan/runs/assets/01-shell-circulation-facade/p6-final-l5-attempt1-ug67-eng-t0.png",
  "bytes": 811940,
  "w": 2880,
  "h": 2160
 },
 {
  "file": "disenos/cinemex-hvac-lorawan/index.html",
  "out": "disenos/cinemex-hvac-lorawan/runs/assets/01-shell-circulation-facade/p6-final-l5-attempt1-ug67-eng-t30.png",
  "bytes": 881278,
  "w": 2880,
  "h": 2160
 },
 {
  "file": "disenos/cinemex-hvac-lorawan/index.html",
  "out": "disenos/cinemex-hvac-lorawan/runs/assets/01-shell-circulation-facade/p6-final-l5-attempt1-net-eng-t0.png",
  "bytes": 729767,
  "w": 2880,
  "h": 2160
 },
 {
  "file": "disenos/cinemex-hvac-lorawan/index.html",
  "out": "disenos/cinemex-hvac-lorawan/runs/assets/01-shell-circulation-facade/p6-final-l5-attempt1-net-eng-t30.png",
  "bytes": 731965,
  "w": 2880,
  "h": 2160
 },
 {
  "file": "disenos/cinemex-hvac-lorawan/index.html",
  "out": "disenos/cinemex-hvac-lorawan/runs/assets/01-shell-circulation-facade/p6-final-l5-attempt1-lobby-eng.png",
  "bytes": 578375,
  "w": 2880,
  "h": 2160
 },
 {
  "file": "disenos/cinemex-hvac-lorawan/index.html",
  "out": "disenos/cinemex-hvac-lorawan/runs/assets/01-shell-circulation-facade/p6-final-l5-attempt1-concessions-eng.png",
  "bytes": 436406,
  "w": 2880,
  "h": 2160
 },
 {
  "file": "disenos/cinemex-hvac-lorawan/index.html",
  "out": "disenos/cinemex-hvac-lorawan/runs/assets/01-shell-circulation-facade/p6-final-l5-attempt1-top-arch.png",
  "bytes": 638515,
  "w": 2880,
  "h": 2160
 },
 {
  "file": "disenos/cinemex-hvac-lorawan/index.html",
  "out": "disenos/cinemex-hvac-lorawan/runs/assets/01-shell-circulation-facade/p6-final-l5-attempt1-embed-rtu02.png",
  "bytes": 1153704,
  "w": 2880,
  "h": 2160
 }
]
[capture] 26/26 captured
capture exit: 0
