preflight: disenos/cinemex-hvac-lorawan/index.html
  ok   server 200 at :8123
  ok   page loads, <canvas> present
  ok   console + network clean
  ok   probe renders: 256 draws / 51910 tris
  .. driving 38 contract shots (this is slow; it is cheaper than a wasted gate attempt)
file:///home/cristian/.npm/_npx/7d92d9a2d2ccc630/node_modules/puppeteer-core/lib/puppeteer/common/CallbackRegistry.js:82
            this._reject(callback, new TargetCloseError('Target closed'));
                                   ^

TargetCloseError: Protocol error (Runtime.callFunctionOn): Target closed
    at CallbackRegistry.clear (file:///home/cristian/.npm/_npx/7d92d9a2d2ccc630/node_modules/puppeteer-core/lib/puppeteer/common/CallbackRegistry.js:82:36)
    at CdpCDPSession.onClosed (file:///home/cristian/.npm/_npx/7d92d9a2d2ccc630/node_modules/puppeteer-core/lib/puppeteer/cdp/CdpSession.js:121:25)
    at #onClose (file:///home/cristian/.npm/_npx/7d92d9a2d2ccc630/node_modules/puppeteer-core/lib/puppeteer/cdp/Connection.js:210:21)
    at WebSocket.<anonymous> (file:///home/cristian/.npm/_npx/7d92d9a2d2ccc630/node_modules/puppeteer-core/lib/puppeteer/node/NodeWebSocketTransport.js:43:30)
    at callListener (/home/cristian/.npm/_npx/7d92d9a2d2ccc630/node_modules/ws/lib/event-target.js:290:14)
    at WebSocket.onClose (/home/cristian/.npm/_npx/7d92d9a2d2ccc630/node_modules/ws/lib/event-target.js:220:9)
    at WebSocket.emit (node:events:519:28)
    at WebSocket.emitClose (/home/cristian/.npm/_npx/7d92d9a2d2ccc630/node_modules/ws/lib/websocket.js:279:10)
    at Socket.socketOnClose (/home/cristian/.npm/_npx/7d92d9a2d2ccc630/node_modules/ws/lib/websocket.js:1360:15)
    at Socket.emit (node:events:519:28) {
  cause: ProtocolError
      at <instance_members_initializer> (file:///home/cristian/.npm/_npx/7d92d9a2d2ccc630/node_modules/puppeteer-core/lib/puppeteer/common/CallbackRegistry.js:102:14)
      at new Callback (file:///home/cristian/.npm/_npx/7d92d9a2d2ccc630/node_modules/puppeteer-core/lib/puppeteer/common/CallbackRegistry.js:106:16)
      at CallbackRegistry.create (file:///home/cristian/.npm/_npx/7d92d9a2d2ccc630/node_modules/puppeteer-core/lib/puppeteer/common/CallbackRegistry.js:25:26)
      at Connection._rawSend (file:///home/cristian/.npm/_npx/7d92d9a2d2ccc630/node_modules/puppeteer-core/lib/puppeteer/cdp/Connection.js:118:26)
      at CdpCDPSession.send (file:///home/cristian/.npm/_npx/7d92d9a2d2ccc630/node_modules/puppeteer-core/lib/puppeteer/cdp/CdpSession.js:72:14)
      at #evaluate (file:///home/cristian/.npm/_npx/7d92d9a2d2ccc630/node_modules/puppeteer-core/lib/puppeteer/cdp/ExecutionContext.js:360:50)
      at ExecutionContext.evaluateHandle (file:///home/cristian/.npm/_npx/7d92d9a2d2ccc630/node_modules/puppeteer-core/lib/puppeteer/cdp/ExecutionContext.js:326:36)
      at IsolatedWorld.evaluateHandle (file:///home/cristian/.npm/_npx/7d92d9a2d2ccc630/node_modules/puppeteer-core/lib/puppeteer/cdp/IsolatedWorld.js:91:30)
      at #document (file:///home/cristian/.npm/_npx/7d92d9a2d2ccc630/node_modules/puppeteer-core/lib/puppeteer/api/Frame.js:285:52)
      at CdpFrame.$ (file:///home/cristian/.npm/_npx/7d92d9a2d2ccc630/node_modules/puppeteer-core/lib/puppeteer/api/Frame.js:396:50)
}

Node.js v22.22.2
