[capture] DPR 3 -> 2880x2160 (6.2 MP/shot)
[console] p6-final-l5-attempt1-neutral-arch: clean -> disenos/cinemex-hvac-lorawan/runs/assets/01-shell-circulation-facade/p6-final-l5-attempt1-neutral-arch.console.json
[console] p6-final-l5-attempt1-neutral-arch-rooffoff: clean -> disenos/cinemex-hvac-lorawan/runs/assets/01-shell-circulation-facade/p6-final-l5-attempt1-neutral-arch-rooffoff.console.json
[console] p6-final-l5-attempt1-roofservice-arch: clean -> disenos/cinemex-hvac-lorawan/runs/assets/01-shell-circulation-facade/p6-final-l5-attempt1-roofservice-arch.console.json
[console] p6-final-l5-attempt1-grazing-arch: clean -> disenos/cinemex-hvac-lorawan/runs/assets/01-shell-circulation-facade/p6-final-l5-attempt1-grazing-arch.console.json
[console] p6-final-l5-attempt1-facade-arch: clean -> disenos/cinemex-hvac-lorawan/runs/assets/01-shell-circulation-facade/p6-final-l5-attempt1-facade-arch.console.json
[console] p6-final-l5-attempt1-lobby-arch: clean -> disenos/cinemex-hvac-lorawan/runs/assets/01-shell-circulation-facade/p6-final-l5-attempt1-lobby-arch.console.json
[console] p6-final-l5-attempt1-concessions-arch: clean -> disenos/cinemex-hvac-lorawan/runs/assets/01-shell-circulation-facade/p6-final-l5-attempt1-concessions-arch.console.json
[console] p6-final-l5-attempt1-kitchen-arch: clean -> disenos/cinemex-hvac-lorawan/runs/assets/01-shell-circulation-facade/p6-final-l5-attempt1-kitchen-arch.console.json
[console] p6-final-l5-attempt1-checkpoint-arch: clean -> disenos/cinemex-hvac-lorawan/runs/assets/01-shell-circulation-facade/p6-final-l5-attempt1-checkpoint-arch.console.json
[console] p6-final-l5-attempt1-corridor-arch: clean -> disenos/cinemex-hvac-lorawan/runs/assets/01-shell-circulation-facade/p6-final-l5-attempt1-corridor-arch.console.json
[console] p6-final-l5-attempt1-sala3-arch: clean -> disenos/cinemex-hvac-lorawan/runs/assets/01-shell-circulation-facade/p6-final-l5-attempt1-sala3-arch.console.json
[console] p6-final-l5-attempt1-technical-arch: clean -> disenos/cinemex-hvac-lorawan/runs/assets/01-shell-circulation-facade/p6-final-l5-attempt1-technical-arch.console.json
[console] p6-final-l5-attempt1-es-arch: clean -> disenos/cinemex-hvac-lorawan/runs/assets/01-shell-circulation-facade/p6-final-l5-attempt1-es-arch.console.json
[console] p6-final-l5-attempt1-net-arch: clean -> disenos/cinemex-hvac-lorawan/runs/assets/01-shell-circulation-facade/p6-final-l5-attempt1-net-arch.console.json
[console] p6-final-l5-attempt1-facade-poster1: clean -> disenos/cinemex-hvac-lorawan/runs/assets/01-shell-circulation-facade/p6-final-l5-attempt1-facade-poster1.console.json
[console] p6-final-l5-attempt1-concessions-display1: 1 issue(s) -> disenos/cinemex-hvac-lorawan/runs/assets/01-shell-circulation-facade/p6-final-l5-attempt1-concessions-display1.console.json
file:///home/cristian/.npm/_npx/7d92d9a2d2ccc630/node_modules/puppeteer-core/lib/puppeteer/cdp/Connection.js:112
            return Promise.reject(new ConnectionClosedError('Connection closed.'));
                                  ^

ConnectionClosedError: Connection closed.
    at Connection._rawSend (file:///home/cristian/.npm/_npx/7d92d9a2d2ccc630/node_modules/puppeteer-core/lib/puppeteer/cdp/Connection.js:112:35)
    at Connection.send (file:///home/cristian/.npm/_npx/7d92d9a2d2ccc630/node_modules/puppeteer-core/lib/puppeteer/cdp/Connection.js:105:21)
    at CdpPage.close (file:///home/cristian/.npm/_npx/7d92d9a2d2ccc630/node_modules/puppeteer-core/lib/puppeteer/cdp/Page.js:938:34)
    at async capture (file:///home/cristian/prototipos/three.js/research/tools/capture.mjs:243:3)
    at async file:///home/cristian/prototipos/three.js/research/tools/capture.mjs:254:16
    at async Promise.all (index 0)
    at async pool (file:///home/cristian/prototipos/three.js/research/tools/capture.mjs:251:3)
    at async file:///home/cristian/prototipos/three.js/research/tools/capture.mjs:268:17

Node.js v22.22.2
