[capture] DPR 3 -> 2880x2160 (6.2 MP/shot)
[console] p6-final-l5-attempt1-neutral-arch: clean -> disenos/cinemex-hvac-lorawan/runs/assets/01-shell-circulation-facade/p6-final-l5-attempt1-neutral-arch.console.json
[console] p6-final-l5-attempt1-neutral-arch-rooffoff: clean -> disenos/cinemex-hvac-lorawan/runs/assets/01-shell-circulation-facade/p6-final-l5-attempt1-neutral-arch-rooffoff.console.json
[console] p6-final-l5-attempt1-roofservice-arch: clean -> disenos/cinemex-hvac-lorawan/runs/assets/01-shell-circulation-facade/p6-final-l5-attempt1-roofservice-arch.console.json
[console] p6-final-l5-attempt1-grazing-arch: clean -> disenos/cinemex-hvac-lorawan/runs/assets/01-shell-circulation-facade/p6-final-l5-attempt1-grazing-arch.console.json
[console] p6-final-l5-attempt1-facade-arch: clean -> disenos/cinemex-hvac-lorawan/runs/assets/01-shell-circulation-facade/p6-final-l5-attempt1-facade-arch.console.json
[console] p6-final-l5-attempt1-lobby-arch: clean -> disenos/cinemex-hvac-lorawan/runs/assets/01-shell-circulation-facade/p6-final-l5-attempt1-lobby-arch.console.json
[console] p6-final-l5-attempt1-concessions-arch: clean -> disenos/cinemex-hvac-lorawan/runs/assets/01-shell-circulation-facade/p6-final-l5-attempt1-concessions-arch.console.json
[console] p6-final-l5-attempt1-kitchen-arch: clean -> disenos/cinemex-hvac-lorawan/runs/assets/01-shell-circulation-facade/p6-final-l5-attempt1-kitchen-arch.console.json
[console] p6-final-l5-attempt1-checkpoint-arch: clean -> disenos/cinemex-hvac-lorawan/runs/assets/01-shell-circulation-facade/p6-final-l5-attempt1-checkpoint-arch.console.json
[console] p6-final-l5-attempt1-corridor-arch: clean -> disenos/cinemex-hvac-lorawan/runs/assets/01-shell-circulation-facade/p6-final-l5-attempt1-corridor-arch.console.json
[console] p6-final-l5-attempt1-sala3-arch: clean -> disenos/cinemex-hvac-lorawan/runs/assets/01-shell-circulation-facade/p6-final-l5-attempt1-sala3-arch.console.json
[console] p6-final-l5-attempt1-technical-arch: clean -> disenos/cinemex-hvac-lorawan/runs/assets/01-shell-circulation-facade/p6-final-l5-attempt1-technical-arch.console.json
[console] p6-final-l5-attempt1-es-arch: clean -> disenos/cinemex-hvac-lorawan/runs/assets/01-shell-circulation-facade/p6-final-l5-attempt1-es-arch.console.json
[console] p6-final-l5-attempt1-net-arch: clean -> disenos/cinemex-hvac-lorawan/runs/assets/01-shell-circulation-facade/p6-final-l5-attempt1-net-arch.console.json
[console] p6-final-l5-attempt1-facade-poster1: clean -> disenos/cinemex-hvac-lorawan/runs/assets/01-shell-circulation-facade/p6-final-l5-attempt1-facade-poster1.console.json
[console] p6-final-l5-attempt1-concessions-display1: clean -> disenos/cinemex-hvac-lorawan/runs/assets/01-shell-circulation-facade/p6-final-l5-attempt1-concessions-display1.console.json
[console] p6-final-l5-attempt1-lobby-lightsoff: 3 issue(s) -> disenos/cinemex-hvac-lorawan/runs/assets/01-shell-circulation-facade/p6-final-l5-attempt1-lobby-lightsoff.console.json
[console] p6-final-l5-attempt1-facade-lightsoff: clean -> disenos/cinemex-hvac-lorawan/runs/assets/01-shell-circulation-facade/p6-final-l5-attempt1-facade-lightsoff.console.json
[console] p6-final-l5-attempt1-corridor-lightsoff: clean -> disenos/cinemex-hvac-lorawan/runs/assets/01-shell-circulation-facade/p6-final-l5-attempt1-corridor-lightsoff.console.json
[console] p6-final-l5-attempt1-sala3-lightsoff: clean -> disenos/cinemex-hvac-lorawan/runs/assets/01-shell-circulation-facade/p6-final-l5-attempt1-sala3-lightsoff.console.json
[console] p6-final-l5-attempt1-es-eng-t0: 1 issue(s) -> disenos/cinemex-hvac-lorawan/runs/assets/01-shell-circulation-facade/p6-final-l5-attempt1-es-eng-t0.console.json
[console] p6-final-l5-attempt1-ug67-eng-t0: clean -> disenos/cinemex-hvac-lorawan/runs/assets/01-shell-circulation-facade/p6-final-l5-attempt1-ug67-eng-t0.console.json
[console] p6-final-l5-attempt1-es-eng-t30: clean -> disenos/cinemex-hvac-lorawan/runs/assets/01-shell-circulation-facade/p6-final-l5-attempt1-es-eng-t30.console.json
[console] p6-final-l5-attempt1-ug67-eng-t30: clean -> disenos/cinemex-hvac-lorawan/runs/assets/01-shell-circulation-facade/p6-final-l5-attempt1-ug67-eng-t30.console.json
[console] p6-final-l5-attempt1-net-eng-t0: clean -> disenos/cinemex-hvac-lorawan/runs/assets/01-shell-circulation-facade/p6-final-l5-attempt1-net-eng-t0.console.json
[console] p6-final-l5-attempt1-net-eng-t30: clean -> disenos/cinemex-hvac-lorawan/runs/assets/01-shell-circulation-facade/p6-final-l5-attempt1-net-eng-t30.console.json
[console] p6-final-l5-attempt1-lobby-eng: clean -> disenos/cinemex-hvac-lorawan/runs/assets/01-shell-circulation-facade/p6-final-l5-attempt1-lobby-eng.console.json
[console] p6-final-l5-attempt1-concessions-eng: clean -> disenos/cinemex-hvac-lorawan/runs/assets/01-shell-circulation-facade/p6-final-l5-attempt1-concessions-eng.console.json
[console] p6-final-l5-attempt1-net-fault-tc300: clean -> disenos/cinemex-hvac-lorawan/runs/assets/01-shell-circulation-facade/p6-final-l5-attempt1-net-fault-tc300.console.json
[console] p6-final-l5-attempt1-net-fault-uc100b: clean -> disenos/cinemex-hvac-lorawan/runs/assets/01-shell-circulation-facade/p6-final-l5-attempt1-net-fault-uc100b.console.json
[console] p6-final-l5-attempt1-net-fault-internet: clean -> disenos/cinemex-hvac-lorawan/runs/assets/01-shell-circulation-facade/p6-final-l5-attempt1-net-fault-internet.console.json
[console] p6-final-l5-attempt1-net-hot-sala3: clean -> disenos/cinemex-hvac-lorawan/runs/assets/01-shell-circulation-facade/p6-final-l5-attempt1-net-hot-sala3.console.json
[console] p6-final-l5-attempt1-net-hot-kitchen: clean -> disenos/cinemex-hvac-lorawan/runs/assets/01-shell-circulation-facade/p6-final-l5-attempt1-net-hot-kitchen.console.json
[console] p6-final-l5-attempt1-top-arch: clean -> disenos/cinemex-hvac-lorawan/runs/assets/01-shell-circulation-facade/p6-final-l5-attempt1-top-arch.console.json
[console] p6-final-l5-attempt1-top-hot-sala3-t0: clean -> disenos/cinemex-hvac-lorawan/runs/assets/01-shell-circulation-facade/p6-final-l5-attempt1-top-hot-sala3-t0.console.json
[console] p6-final-l5-attempt1-top-hot-sala3-t30: clean -> disenos/cinemex-hvac-lorawan/runs/assets/01-shell-circulation-facade/p6-final-l5-attempt1-top-hot-sala3-t30.console.json
[console] p6-final-l5-attempt1-facade-hot-kitchen: clean -> disenos/cinemex-hvac-lorawan/runs/assets/01-shell-circulation-facade/p6-final-l5-attempt1-facade-hot-kitchen.console.json
[console] p6-final-l5-attempt1-embed-rtu02: clean -> disenos/cinemex-hvac-lorawan/runs/assets/01-shell-circulation-facade/p6-final-l5-attempt1-embed-rtu02.console.json
[
 {
  "file": "disenos/cinemex-hvac-lorawan/index.html",
  "out": "disenos/cinemex-hvac-lorawan/runs/assets/01-shell-circulation-facade/p6-final-l5-attempt1-neutral-arch.png",
  "bytes": 1265076,
  "w": 2880,
  "h": 2160
 },
 {
  "file": "disenos/cinemex-hvac-lorawan/index.html",
  "out": "disenos/cinemex-hvac-lorawan/runs/assets/01-shell-circulation-facade/p6-final-l5-attempt1-neutral-arch-rooffoff.png",
  "bytes": 1191381,
  "w": 2880,
  "h": 2160
 },
 {
  "file": "disenos/cinemex-hvac-lorawan/index.html",
  "out": "disenos/cinemex-hvac-lorawan/runs/assets/01-shell-circulation-facade/p6-final-l5-attempt1-roofservice-arch.png",
  "bytes": 914043,
  "w": 2880,
  "h": 2160
 },
 {
  "file": "disenos/cinemex-hvac-lorawan/index.html",
  "out": "disenos/cinemex-hvac-lorawan/runs/assets/01-shell-circulation-facade/p6-final-l5-attempt1-grazing-arch.png",
  "bytes": 1162464,
  "w": 2880,
  "h": 2160
 },
 {
  "file": "disenos/cinemex-hvac-lorawan/index.html",
  "out": "disenos/cinemex-hvac-lorawan/runs/assets/01-shell-circulation-facade/p6-final-l5-attempt1-facade-arch.png",
  "bytes": 1527347,
  "w": 2880,
  "h": 2160
 },
 {
  "file": "disenos/cinemex-hvac-lorawan/index.html",
  "out": "disenos/cinemex-hvac-lorawan/runs/assets/01-shell-circulation-facade/p6-final-l5-attempt1-lobby-arch.png",
  "bytes": 936388,
  "w": 2880,
  "h": 2160
 },
 {
  "file": "disenos/cinemex-hvac-lorawan/index.html",
  "out": "disenos/cinemex-hvac-lorawan/runs/assets/01-shell-circulation-facade/p6-final-l5-attempt1-concessions-arch.png",
  "bytes": 748543,
  "w": 2880,
  "h": 2160
 },
 {
  "file": "disenos/cinemex-hvac-lorawan/index.html",
  "out": "disenos/cinemex-hvac-lorawan/runs/assets/01-shell-circulation-facade/p6-final-l5-attempt1-kitchen-arch.png",
  "bytes": 749905,
  "w": 2880,
  "h": 2160
 },
 {
  "file": "disenos/cinemex-hvac-lorawan/index.html",
  "out": "disenos/cinemex-hvac-lorawan/runs/assets/01-shell-circulation-facade/p6-final-l5-attempt1-checkpoint-arch.png",
  "bytes": 619988,
  "w": 2880,
  "h": 2160
 },
 {
  "file": "disenos/cinemex-hvac-lorawan/index.html",
  "out": "disenos/cinemex-hvac-lorawan/runs/assets/01-shell-circulation-facade/p6-final-l5-attempt1-corridor-arch.png",
  "bytes": 1074175,
  "w": 2880,
  "h": 2160
 },
 {
  "file": "disenos/cinemex-hvac-lorawan/index.html",
  "out": "disenos/cinemex-hvac-lorawan/runs/assets/01-shell-circulation-facade/p6-final-l5-attempt1-sala3-arch.png",
  "bytes": 554218,
  "w": 2880,
  "h": 2160
 },
 {
  "file": "disenos/cinemex-hvac-lorawan/index.html",
  "out": "disenos/cinemex-hvac-lorawan/runs/assets/01-shell-circulation-facade/p6-final-l5-attempt1-technical-arch.png",
  "bytes": 1187167,
  "w": 2880,
  "h": 2160
 },
 {
  "file": "disenos/cinemex-hvac-lorawan/index.html",
  "out": "disenos/cinemex-hvac-lorawan/runs/assets/01-shell-circulation-facade/p6-final-l5-attempt1-es-arch.png",
  "bytes": 1391062,
  "w": 2880,
  "h": 2160
 },
 {
  "file": "disenos/cinemex-hvac-lorawan/index.html",
  "out": "disenos/cinemex-hvac-lorawan/runs/assets/01-shell-circulation-facade/p6-final-l5-attempt1-net-arch.png",
  "bytes": 971016,
  "w": 2880,
  "h": 2160
 },
 {
  "file": "disenos/cinemex-hvac-lorawan/index.html",
  "out": "disenos/cinemex-hvac-lorawan/runs/assets/01-shell-circulation-facade/p6-final-l5-attempt1-facade-poster1.png",
  "bytes": 1527599,
  "w": 2880,
  "h": 2160
 },
 {
  "file": "disenos/cinemex-hvac-lorawan/index.html",
  "out": "disenos/cinemex-hvac-lorawan/runs/assets/01-shell-circulation-facade/p6-final-l5-attempt1-concessions-display1.png",
  "bytes": 750630,
  "w": 2880,
  "h": 2160
 },
 {
  "file": "disenos/cinemex-hvac-lorawan/index.html",
  "out": "disenos/cinemex-hvac-lorawan/runs/assets/01-shell-circulation-facade/p6-final-l5-attempt1-facade-lightsoff.png",
  "bytes": 1440129,
  "w": 2880,
  "h": 2160
 },
 {
  "file": "disenos/cinemex-hvac-lorawan/index.html",
  "error": "TimeoutError: Waiting for selector `canvas` failed"
 },
 {
  "file": "disenos/cinemex-hvac-lorawan/index.html",
  "out": "disenos/cinemex-hvac-lorawan/runs/assets/01-shell-circulation-facade/p6-final-l5-attempt1-corridor-lightsoff.png",
  "bytes": 569780,
  "w": 2880,
  "h": 2160
 },
 {
  "file": "disenos/cinemex-hvac-lorawan/index.html",
  "out": "disenos/cinemex-hvac-lorawan/runs/assets/01-shell-circulation-facade/p6-final-l5-attempt1-sala3-lightsoff.png",
  "bytes": 446624,
  "w": 2880,
  "h": 2160
 },
 {
  "file": "disenos/cinemex-hvac-lorawan/index.html",
  "error": "TimeoutError: Waiting for selector `canvas` failed"
 },
 {
  "file": "disenos/cinemex-hvac-lorawan/index.html",
  "out": "disenos/cinemex-hvac-lorawan/runs/assets/01-shell-circulation-facade/p6-final-l5-attempt1-es-eng-t30.png",
  "bytes": 1146437,
  "w": 2880,
  "h": 2160
 },
 {
  "file": "disenos/cinemex-hvac-lorawan/index.html",
  "out": "disenos/cinemex-hvac-lorawan/runs/assets/01-shell-circulation-facade/p6-final-l5-attempt1-ug67-eng-t0.png",
  "bytes": 1071586,
  "w": 2880,
  "h": 2160
 },
 {
  "file": "disenos/cinemex-hvac-lorawan/index.html",
  "out": "disenos/cinemex-hvac-lorawan/runs/assets/01-shell-circulation-facade/p6-final-l5-attempt1-ug67-eng-t30.png",
  "bytes": 1146610,
  "w": 2880,
  "h": 2160
 },
 {
  "file": "disenos/cinemex-hvac-lorawan/index.html",
  "out": "disenos/cinemex-hvac-lorawan/runs/assets/01-shell-circulation-facade/p6-final-l5-attempt1-net-eng-t0.png",
  "bytes": 994522,
  "w": 2880,
  "h": 2160
 },
 {
  "file": "disenos/cinemex-hvac-lorawan/index.html",
  "out": "disenos/cinemex-hvac-lorawan/runs/assets/01-shell-circulation-facade/p6-final-l5-attempt1-net-eng-t30.png",
  "bytes": 992071,
  "w": 2880,
  "h": 2160
 },
 {
  "file": "disenos/cinemex-hvac-lorawan/index.html",
  "out": "disenos/cinemex-hvac-lorawan/runs/assets/01-shell-circulation-facade/p6-final-l5-attempt1-lobby-eng.png",
  "bytes": 676064,
  "w": 2880,
  "h": 2160
 },
 {
  "file": "disenos/cinemex-hvac-lorawan/index.html",
  "out": "disenos/cinemex-hvac-lorawan/runs/assets/01-shell-circulation-facade/p6-final-l5-attempt1-concessions-eng.png",
  "bytes": 560907,
  "w": 2880,
  "h": 2160
 },
 {
  "file": "disenos/cinemex-hvac-lorawan/index.html",
  "out": "disenos/cinemex-hvac-lorawan/runs/assets/01-shell-circulation-facade/p6-final-l5-attempt1-net-fault-tc300.png",
  "bytes": 1204482,
  "w": 2880,
  "h": 2160
 },
 {
  "file": "disenos/cinemex-hvac-lorawan/index.html",
  "out": "disenos/cinemex-hvac-lorawan/runs/assets/01-shell-circulation-facade/p6-final-l5-attempt1-net-fault-uc100b.png",
  "bytes": 1208651,
  "w": 2880,
  "h": 2160
 },
 {
  "file": "disenos/cinemex-hvac-lorawan/index.html",
  "out": "disenos/cinemex-hvac-lorawan/runs/assets/01-shell-circulation-facade/p6-final-l5-attempt1-net-fault-internet.png",
  "bytes": 1154351,
  "w": 2880,
  "h": 2160
 },
 {
  "file": "disenos/cinemex-hvac-lorawan/index.html",
  "out": "disenos/cinemex-hvac-lorawan/runs/assets/01-shell-circulation-facade/p6-final-l5-attempt1-net-hot-sala3.png",
  "bytes": 1131798,
  "w": 2880,
  "h": 2160
 },
 {
  "file": "disenos/cinemex-hvac-lorawan/index.html",
  "out": "disenos/cinemex-hvac-lorawan/runs/assets/01-shell-circulation-facade/p6-final-l5-attempt1-net-hot-kitchen.png",
  "bytes": 1133430,
  "w": 2880,
  "h": 2160
 },
 {
  "file": "disenos/cinemex-hvac-lorawan/index.html",
  "out": "disenos/cinemex-hvac-lorawan/runs/assets/01-shell-circulation-facade/p6-final-l5-attempt1-top-arch.png",
  "bytes": 822163,
  "w": 2880,
  "h": 2160
 },
 {
  "file": "disenos/cinemex-hvac-lorawan/index.html",
  "out": "disenos/cinemex-hvac-lorawan/runs/assets/01-shell-circulation-facade/p6-final-l5-attempt1-top-hot-sala3-t0.png",
  "bytes": 849707,
  "w": 2880,
  "h": 2160
 },
 {
  "file": "disenos/cinemex-hvac-lorawan/index.html",
  "out": "disenos/cinemex-hvac-lorawan/runs/assets/01-shell-circulation-facade/p6-final-l5-attempt1-top-hot-sala3-t30.png",
  "bytes": 850673,
  "w": 2880,
  "h": 2160
 },
 {
  "file": "disenos/cinemex-hvac-lorawan/index.html",
  "out": "disenos/cinemex-hvac-lorawan/runs/assets/01-shell-circulation-facade/p6-final-l5-attempt1-facade-hot-kitchen.png",
  "bytes": 1535940,
  "w": 2880,
  "h": 2160
 },
 {
  "file": "disenos/cinemex-hvac-lorawan/index.html",
  "out": "disenos/cinemex-hvac-lorawan/runs/assets/01-shell-circulation-facade/p6-final-l5-attempt1-embed-rtu02.png",
  "bytes": 1127651,
  "w": 2880,
  "h": 2160
 }
]
[capture] 36/38 captured — 2 FAILED
[capture] FAILED disenos/cinemex-hvac-lorawan/index.html: TimeoutError: Waiting for selector `canvas` failed
[capture] FAILED disenos/cinemex-hvac-lorawan/index.html: TimeoutError: Waiting for selector `canvas` failed
[capture] EVIDENCE SET IS INCOMPLETE — do not gate on it.
capture exit: 1
