TAP version 13
# Subtest: network schematic derives the exact canonical topology without becoming physical truth
ok 1 - network schematic derives the exact canonical topology without becoming physical truth
  ---
  duration_ms: 24.337997
  type: 'test'
  ...
# Subtest: network schematic rejects membership, media, shortcut and architecture-plan drift
ok 2 - network schematic rejects membership, media, shortcut and architecture-plan drift
  ---
  duration_ms: 9.429097
  type: 'test'
  ...
# Subtest: board layout keeps four LoRaWAN lanes separated, ordered and inside safe bounds
ok 3 - board layout keeps four LoRaWAN lanes separated, ordered and inside safe bounds
  ---
  duration_ms: 7.233741
  type: 'test'
  ...
# Subtest: board texture uses one 2048 × 840 sRGB CanvasTexture and renders canonical labels
ok 4 - board texture uses one 2048 × 840 sRGB CanvasTexture and renders canonical labels
  ---
  duration_ms: 4.836703
  type: 'test'
  ...
# Subtest: camera evidence policy shows one truth and restores physical detail outside the schematic view
ok 5 - camera evidence policy shows one truth and restores physical detail outside the schematic view
  ---
  duration_ms: 0.51271
  type: 'test'
  ...
1..5
# tests 5
# suites 0
# pass 5
# fail 0
# cancelled 0
# skipped 0
# todo 0
# duration_ms 379.653758
