{
  "status": "PASS",
  "url": "http://127.0.0.1:41611/",
  "transport": "local-http-server",
  "checks": [
    "ready-marker-shell-structural-webgl-dpr-groups",
    "derived-network-schematic-canonical-order-and-viewport",
    "surface-rs485-complete-thermostat-evidence",
    "surface-arrowhead-contact-tangent-size-nonoverlap",
    "surface-frame-and-label-visibility-only",
    "live-scene-snapshot-and-masked-pixel-pairs",
    "bounded-first-person-toggle",
    "camera-preset-query-sync",
    "semantic-layer-view-toggle",
    "resize-dpr-cap",
    "runtime-disposal"
  ],
  "networkEvidencePriority": {
    "schematicVisible": true,
    "technicalLabelsVisible": 0,
    "densePhysicalVisible": 0,
    "realUg67Visible": true,
    "evidenceOnly": true,
    "topologyImpact": false,
    "thermostatCount": 14,
    "busTexts": [
      "BUS A · TC01/02/03/04/14",
      "BUS B · TC06–09",
      "BUS C · TC10–13",
      "BUS D · TC05"
    ],
    "uc100Ids": [
      "UC100-A",
      "UC100-B",
      "UC100-C",
      "UC100-D"
    ],
    "canonicalOrder": [
      "TC300",
      "RS-485 / Modbus RTU",
      "UC100",
      "LoRaWAN RF",
      "UG67-01",
      "Ethernet / Internet",
      "Niagara Supervisor",
      "PC / Tablet / Smartphone"
    ],
    "noShortcut": true,
    "lorawanPorts": [
      195,
      290,
      385,
      480
    ],
    "layoutOverlaps": 0,
    "layoutIntersections": 0,
    "bridge": {
      "origin": [
        3.15,
        3.5,
        2
      ],
      "socket": [
        34.32,
        5.55,
        0.8
      ],
      "label": "UG67-01 · UBICACIÓN REAL",
      "badge": "VÍNCULO AL MODELO"
    },
    "texture": {
      "size": [
        2048,
        840
      ],
      "colorSpace": "srgb",
      "mipmaps": true
    },
    "viewport": {
      "width": 672,
      "height": 716
    },
    "bounds": {
      "minX": 378.02994436637806,
      "minY": 311.83119453769905,
      "maxX": 618.7471962948875,
      "maxY": 519.5661355699048
    },
    "occupancyWidth": 0.35821019632218676,
    "occupancyHeight": 0.2901325992069912
  },
  "rs485Evidence": {
    "countByKind": {
      "bus-group": 4,
      "tc300": 14,
      "uc100": 4
    },
    "densePhysicalRestored": true,
    "schematicHidden": true
  },
  "directionMarkerPresetEvidence": {
    "ug67": {
      "count": 9,
      "uniqueRoutes": 9,
      "contact": true,
      "tangentAligned": true,
      "minProjectedPx": 16.479174129151748,
      "maxProjectedPx": 16.521436413321688,
      "maxProjectedWidthPx": 7.458194250763359,
      "minimumSeparationPx": 508.867737121855,
      "overlapCount": 0,
      "overlapPairs": [],
      "visibleMarkers": [
        {
          "routeComponentId": "UC100-C-contained-route",
          "bounds": {
            "minX": 311.2407924543348,
            "minY": 565.4853784580782,
            "maxX": 325.27655213792514,
            "maxY": 577.350846345074
          },
          "projectedWidthPx": 3.0445872425466805
        },
        {
          "routeComponentId": "lorawan-UC100-C-UG67-01",
          "bounds": {
            "minX": 628.4815041805792,
            "minY": 145.05325961797257,
            "maxX": 646.7322051161332,
            "maxY": 156.81297794596986
          },
          "projectedWidthPx": 7.458194250763359
        }
      ]
    }
  },
  "surfaceIntegrity": {
    "concessions-frame0-frame1": {
      "nonGeneratedCount": 75,
      "generatedCount": 90,
      "nonGeneratedHash": "1e6427b5bd60817be24afa3220992901a6f9db8b75f49e41c738239e865bcee3",
      "cameraHash": "dfa7c81223f8d0e56e39723c2d97dc29d3f8aab5f25a959d01add35fff38e12c",
      "pixelMaskHash": "72b64f5f4acb145f8aabda0d8a438b06cb9cca74046b1a3dd45dcc1f9798ff55",
      "changedGenerated": [
        "architecture:0039:surface-atlas-poster-0",
        "architecture:0040:surface-atlas-poster-1",
        "architecture:0041:surface-atlas-display-0",
        "architecture:0042:surface-atlas-display-1"
      ]
    },
    "corridor-labels-on-off": {
      "nonGeneratedCount": 75,
      "generatedCount": 90,
      "nonGeneratedHash": "6dfd8f8ff65296c579eb43406550611263f93e262d200a22c80241c91bc501ea",
      "cameraHash": "3c753ee03d51de3d6223d11acfc79fd9538a4ac59358e0a99a632ba16a046aec",
      "pixelMaskHash": "a44dd3be2e57a1618bfcbcf17dda342c8324c38972383a355887c726672e44be",
      "changedGenerated": [
        "labels:0000:structural-labels-identity-white",
        "labels:0001:surface-atlas-labels"
      ]
    },
    "sala3-frame0-frame1": {
      "nonGeneratedCount": 75,
      "generatedCount": 90,
      "nonGeneratedHash": "1e6427b5bd60817be24afa3220992901a6f9db8b75f49e41c738239e865bcee3",
      "cameraHash": "a5ccf3901e57b2083a08755046d13bf2913ad870b410703cd02df91cac59c2ae",
      "pixelMaskHash": "f71e30cb474f5add5790d2d43032eaf40538b7617b0bdc76bd42817fe4ef7704",
      "changedGenerated": [
        "architecture:0039:surface-atlas-poster-0",
        "architecture:0040:surface-atlas-poster-1",
        "architecture:0041:surface-atlas-display-0",
        "architecture:0042:surface-atlas-display-1"
      ]
    }
  },
  "issues": []
}
