TAP version 13
# node:internal/modules/esm/resolve:275
#     throw new ERR_MODULE_NOT_FOUND(
#           ^
# Error [ERR_MODULE_NOT_FOUND]: Cannot find module '/home/cristian/prototipos/three.js/disenos/cinemex-hvac-lorawan/src/scene/network-schematic.js' imported from /home/cristian/prototipos/three.js/disenos/cinemex-hvac-lorawan/tests/network-schematic.test.mjs
#     at finalizeResolution (node:internal/modules/esm/resolve:275:11)
#     at moduleResolve (node:internal/modules/esm/resolve:861:10)
#     at defaultResolve (node:internal/modules/esm/resolve:985:11)
#     at \#cachedDefaultResolve (node:internal/modules/esm/loader:731:20)
#     at ModuleLoader.resolve (node:internal/modules/esm/loader:708:38)
#     at ModuleLoader.getModuleJobForImport (node:internal/modules/esm/loader:310:38)
#     at ModuleJob._link (node:internal/modules/esm/module_job:182:49) {
#   code: 'ERR_MODULE_NOT_FOUND',
#   url: 'file:///home/cristian/prototipos/three.js/disenos/cinemex-hvac-lorawan/src/scene/network-schematic.js'
# }
# Node.js v22.22.2
# Subtest: tests/network-schematic.test.mjs
not ok 1 - tests/network-schematic.test.mjs
  ---
  duration_ms: 168.145761
  type: 'test'
  location: '/home/cristian/prototipos/three.js/disenos/cinemex-hvac-lorawan/tests/network-schematic.test.mjs:1:1'
  failureType: 'testCodeFailure'
  exitCode: 1
  signal: ~
  error: 'test failed'
  code: 'ERR_TEST_FAILURE'
  ...
1..1
# tests 1
# suites 0
# pass 0
# fail 1
# cancelled 0
# skipped 0
# todo 0
# duration_ms 180.171867
