TAP version 13
# Subtest: healthy simulation has no active alarms
ok 1 - healthy simulation has no active alarms
  ---
  duration_ms: 18.277737
  type: 'test'
  ...
# Subtest: high and low temperature faults identify device, zone, severity and Niagara delivery
ok 2 - high and low temperature faults identify device, zone, severity and Niagara delivery
  ---
  duration_ms: 5.584855
  type: 'test'
  ...
# Subtest: a TC300 communication loss stops only that device data and clears on restore
ok 3 - a TC300 communication loss stops only that device data and clears on restore
  ---
  duration_ms: 3.339494
  type: 'test'
  ...
# Subtest: UC100-B failure propagates reachability alarms only to Sala 1–4 thermostats
ok 4 - UC100-B failure propagates reachability alarms only to Sala 1–4 thermostats
  ---
  duration_ms: 2.560462
  type: 'test'
  ...
# Subtest: Internet loss marks all thermostat paths unavailable while retaining their local communication
ok 5 - Internet loss marks all thermostat paths unavailable while retaining their local communication
  ---
  duration_ms: 1.700004
  type: 'test'
  ...
# Subtest: shell plan preserves the 60 by 45 metre footprint and exact depth bands
ok 6 - shell plan preserves the 60 by 45 metre footprint and exact depth bands
  ---
  duration_ms: 41.086112
  type: 'test'
  ...
# Subtest: shell plan exposes four auditorium portals per side in stable room order
ok 7 - shell plan exposes four auditorium portals per side in stable room order
  ---
  duration_ms: 8.932904
  type: 'test'
  ...
# Subtest: auditorium perimeter walls rise to each configured family height
ok 8 - auditorium perimeter walls rise to each configured family height
  ---
  duration_ms: 4.478176
  type: 'test'
  ...
# Subtest: rear technical rooms remain disjoint from the service circulation strip
ok 9 - rear technical rooms remain disjoint from the service circulation strip
  ---
  duration_ms: 1.92061
  type: 'test'
  ...
# Subtest: facade plan includes a red marquee, legible identity mass and accessible entrance bank
ok 10 - facade plan includes a red marquee, legible identity mass and accessible entrance bank
  ---
  duration_ms: 4.536458
  type: 'test'
  ...
# Subtest: blockout correction exposes countable auditorium and front-of-house proxies
ok 11 - blockout correction exposes countable auditorium and front-of-house proxies
  ---
  duration_ms: 3.541805
  type: 'test'
  ...
# Subtest: final blockout retry repeats three categorical auditorium family profiles
ok 12 - final blockout retry repeats three categorical auditorium family profiles
  ---
  duration_ms: 2.36458
  type: 'test'
  ...
# Subtest: every auditorium proxy declares continuous aisle and a visibly empty wheelchair notch
ok 13 - every auditorium proxy declares continuous aisle and a visibly empty wheelchair notch
  ---
  duration_ms: 3.144419
  type: 'test'
  ...
# Subtest: Sala 3 RS-485 trunk is lowered and routed along the corridor edge
ok 14 - Sala 3 RS-485 trunk is lowered and routed along the corridor edge
  ---
  duration_ms: 2.096233
  type: 'test'
  ...
# Subtest: blockout correction exposes exact endpoint and media proxy counts
ok 15 - blockout correction exposes exact endpoint and media proxy counts
  ---
  duration_ms: 2.606753
  type: 'test'
  ...
# Subtest: application composition wires only the surface shell asset builder into the runtime
ok 16 - application composition wires only the surface shell asset builder into the runtime
  ---
  duration_ms: 42.007872
  type: 'test'
  ...
# Subtest: silhouette reset exposes one-view room, family, FOH and rear-strip billboards
ok 17 - silhouette reset exposes one-view room, family, FOH and rear-strip billboards
  ---
  duration_ms: 4.277942
  type: 'test'
  ...
# Subtest: silhouette reset keeps device geometry true-scale and adds countable halo labels
ok 18 - silhouette reset keeps device geometry true-scale and adds countable halo labels
  ---
  duration_ms: 4.954913
  type: 'test'
  ...
# Subtest: silhouette reset separates FOH silhouettes and leaves checkpoint access open
ok 19 - silhouette reset separates FOH silhouettes and leaves checkpoint access open
  ---
  duration_ms: 3.714595
  type: 'test'
  ...
# Subtest: silhouette reset spreads LoRa lanes and the external client fan without changing semantics
ok 20 - silhouette reset spreads LoRa lanes and the external client fan without changing semantics
  ---
  duration_ms: 2.322331
  type: 'test'
  ...
# Subtest: structural plan declares buildable slab, wall and family-height roof sections
ok 21 - structural plan declares buildable slab, wall and family-height roof sections
  ---
  duration_ms: 12.098738
  type: 'test'
  ...
# Subtest: structural plan uses true framed openings for auditorium and emergency doors
ok 22 - structural plan uses true framed openings for auditorium and emergency doors
  ---
  duration_ms: 1.98747
  type: 'test'
  ...
# Subtest: structural facade has five framed glazed entries with an accessible centre opening and supported signage
ok 23 - structural facade has five framed glazed entries with an accessible centre opening and supported signage
  ---
  duration_ms: 4.069832
  type: 'test'
  ...
# Subtest: structural rear technical rooms have walls and doors opening into the disjoint service corridor
ok 24 - structural rear technical rooms have walls and doors opening into the disjoint service corridor
  ---
  duration_ms: 2.35482
  type: 'test'
  ...
# Subtest: structural containment exposes owned contact-coherent sockets without physical LoRa geometry
ok 25 - structural containment exposes owned contact-coherent sockets without physical LoRa geometry
  ---
  duration_ms: 4.755839
  type: 'test'
  ...
# Subtest: structural device bodies use documented real dimensions while labels provide legibility
ok 26 - structural device bodies use documented real dimensions while labels provide legibility
  ---
  duration_ms: 3.067569
  type: 'test'
  ...
# Subtest: structural evidence corrections improve front labels and technical anchor spread
ok 27 - structural evidence corrections improve front labels and technical anchor spread
  ---
  duration_ms: 1.936392
  type: 'test'
  ...
# Subtest: materials realism reset uses charcoal frames, neutral later-asset proxies, and a true labels layer
ok 28 - materials realism reset uses charcoal frames, neutral later-asset proxies, and a true labels layer
  ---
  duration_ms: 13.789164
  type: 'test'
  ...
# Subtest: structural attempt 2 joins the kitchen hood outlet to a visible vertical extract duct
ok 29 - structural attempt 2 joins the kitchen hood outlet to a visible vertical extract duct
  ---
  duration_ms: 2.767743
  type: 'test'
  ...
# Subtest: structural attempt 2 makes every public, auditorium and emergency opening contact-readable
ok 30 - structural attempt 2 makes every public, auditorium and emergency opening contact-readable
  ---
  duration_ms: 2.382017
  type: 'test'
  ...
# Subtest: structural attempt 2 aligns the accessible forecourt route and fully attaches facade supports
ok 31 - structural attempt 2 aligns the accessible forecourt route and fully attaches facade supports
  ---
  duration_ms: 2.311669
  type: 'test'
  ...
# Subtest: structural attempt 2 containment runs terminal-to-terminal through visible junctions and sleeves
ok 32 - structural attempt 2 containment runs terminal-to-terminal through visible junctions and sleeves
  ---
  duration_ms: 2.904017
  type: 'test'
  ...
# Subtest: structural attempt 2 exposes geometry-only 2/4/2 family profiles and human scale references
ok 33 - structural attempt 2 exposes geometry-only 2/4/2 family profiles and human scale references
  ---
  duration_ms: 2.495721
  type: 'test'
  ...
# Subtest: structural attempt 3 gives every family master comparable cinema-specific geometry
ok 34 - structural attempt 3 gives every family master comparable cinema-specific geometry
  ---
  duration_ms: 3.354658
  type: 'test'
  ...
# Subtest: structural attempt 3 keeps all RS-485 routes tray-backed and terminal complete
ok 35 - structural attempt 3 keeps all RS-485 routes tray-backed and terminal complete
  ---
  duration_ms: 1.535551
  type: 'test'
  ...
# Subtest: structural attempt 3 roof services overlap plenums, mains and owned sleeves
ok 36 - structural attempt 3 roof services overlap plenums, mains and owned sleeves
  ---
  duration_ms: 1.422493
  type: 'test'
  ...
# Subtest: config exposes the exact cinema and device inventory
ok 37 - config exposes the exact cinema and device inventory
  ---
  duration_ms: 9.944151
  type: 'test'
  ...
# Subtest: auditorium families and capacities satisfy the required distribution
ok 38 - auditorium families and capacities satisfy the required distribution
  ---
  duration_ms: 1.215293
  type: 'test'
  ...
# Subtest: all TC300 placements are neutral, 1.5 m AFF and clear of prohibited influences
ok 39 - all TC300 placements are neutral, 1.5 m AFF and clear of prohibited influences
  ---
  duration_ms: 0.460836
  type: 'test'
  ...
# Subtest: configuration validation accepts the canonical config and rejects count or placement drift
ok 40 - configuration validation accepts the canonical config and rejects count or placement drift
  ---
  duration_ms: 10.025134
  type: 'test'
  ...
# Subtest: authoritative identifiers and collections cannot be mutated at runtime
ok 41 - authoritative identifiers and collections cannot be mutated at runtime
  ---
  duration_ms: 4.458338
  type: 'test'
  ...
# Subtest: validation enforces global identity and exact TC300, UC100, UG67 and Niagara inventories
ok 42 - validation enforces global identity and exact TC300, UC100, UG67 and Niagara inventories
  ---
  duration_ms: 7.622627
  type: 'test'
  ...
# Subtest: validation rejects any membership drift, including unknown, missing and duplicate members
ok 43 - validation rejects any membership drift, including unknown, missing and duplicate members
  ---
  duration_ms: 12.224472
  type: 'test'
  ...
# Subtest: canonical placement is exact and permits only the documented 0.15 m wall-face tolerance
ok 44 - canonical placement is exact and permits only the documented 0.15 m wall-face tolerance
  ---
  duration_ms: 2.496481
  type: 'test'
  ...
# Subtest: final material response calibration publishes a physically separated shell palette
ok 45 - final material response calibration publishes a physically separated shell palette
  ---
  duration_ms: 16.843129
  type: 'test'
  ...
# Subtest: registry creates shared procedural response maps instead of graphic textures
ok 46 - registry creates shared procedural response maps instead of graphic textures
  ---
  duration_ms: 6.958688
  type: 'test'
  ...
# Subtest: registry shares canonical and dynamic materials without per-instance churn
ok 47 - registry shares canonical and dynamic materials without per-instance churn
  ---
  duration_ms: 2.525064
  type: 'test'
  ...
# Subtest: engineering mode makes every registered shell material translucent and restores defaults
ok 48 - engineering mode makes every registered shell material translucent and restores defaults
  ---
  duration_ms: 5.310897
  type: 'test'
  ...
# Subtest: registry disposes each shared material exactly once even through aliases
ok 49 - registry disposes each shared material exactly once even through aliases
  ---
  duration_ms: 2.424176
  type: 'test'
  ...
# Subtest: network schematic derives the exact canonical topology without becoming physical truth
ok 50 - network schematic derives the exact canonical topology without becoming physical truth
  ---
  duration_ms: 24.55377
  type: 'test'
  ...
# Subtest: network schematic rejects membership, media, shortcut and architecture-plan drift
ok 51 - network schematic rejects membership, media, shortcut and architecture-plan drift
  ---
  duration_ms: 13.999228
  type: 'test'
  ...
# Subtest: board layout keeps four LoRaWAN lanes separated, ordered and inside safe bounds
ok 52 - board layout keeps four LoRaWAN lanes separated, ordered and inside safe bounds
  ---
  duration_ms: 10.322908
  type: 'test'
  ...
# Subtest: board texture uses one 2048 × 840 sRGB CanvasTexture and renders canonical labels
ok 53 - board texture uses one 2048 × 840 sRGB CanvasTexture and renders canonical labels
  ---
  duration_ms: 15.711937
  type: 'test'
  ...
# Subtest: camera evidence policy shows one truth and restores physical detail outside the schematic view
ok 54 - camera evidence policy shows one truth and restores physical detail outside the schematic view
  ---
  duration_ms: 0.861198
  type: 'test'
  ...
# Subtest: query state has a stable canonical default and serializes in contract order
ok 55 - query state has a stable canonical default and serializes in contract order
  ---
  duration_ms: 14.436733
  type: 'test'
  ...
# Subtest: query state accepts a complete engineering inspection state
ok 56 - query state accepts a complete engineering inspection state
  ---
  duration_ms: 1.636568
  type: 'test'
  ...
# Subtest: query state accepts DesignSpec blockout camera and state vocabulary
ok 57 - query state accepts DesignSpec blockout camera and state vocabulary
  ---
  duration_ms: 7.603211
  type: 'test'
  ...
# Subtest: malformed query tokens fall back atomically and emit one warning
ok 58 - malformed query tokens fall back atomically and emit one warning
  ---
  duration_ms: 1.108989
  type: 'test'
  ...
# Subtest: camera controller applies presets and bounds first-person movement
ok 59 - camera controller applies presets and bounds first-person movement
  ---
  duration_ms: 2.018013
  type: 'test'
  ...
# Subtest: fixed evidence cameras frame targets tightly and apply their field of view
ok 60 - fixed evidence cameras frame targets tightly and apply their field of view
  ---
  duration_ms: 1.279793
  type: 'test'
  ...
# Subtest: structural evidence preserves grazing/network views and improves Sala 3 framing
not ok 61 - structural evidence preserves grazing/network views and improves Sala 3 framing
  ---
  duration_ms: 11.976395
  type: 'test'
  location: '/home/cristian/prototipos/three.js/disenos/cinemex-hvac-lorawan/tests/shell.test.mjs:185:1'
  failureType: 'testCodeFailure'
  error: |-
    Expected values to be strictly deep-equal:
    + actual - expected
    
      [
    +   82,
    +   49,
    +   48
    -   64,
    -   60,
    -   58
      ]
    
  code: 'ERR_ASSERTION'
  name: 'AssertionError'
  expected:
    0: 64
    1: 60
    2: 58
  actual:
    0: 82
    1: 49
    2: 48
  operator: 'deepStrictEqual'
  stack: |-
    TestContext.<anonymous> (file:///home/cristian/prototipos/three.js/disenos/cinemex-hvac-lorawan/tests/shell.test.mjs:197:12)
    Test.runInAsyncScope (node:async_hooks:214:14)
    Test.run (node:internal/test_runner/test:1047:25)
    Test.processPendingSubtests (node:internal/test_runner/test:744:18)
    Test.postRun (node:internal/test_runner/test:1173:19)
    Test.run (node:internal/test_runner/test:1101:12)
    async Test.processPendingSubtests (node:internal/test_runner/test:744:7)
  ...
# Subtest: structural attempt 2 raises neutral scene value without entering the final lighting pass
ok 62 - structural attempt 2 raises neutral scene value without entering the final lighting pass
  ---
  duration_ms: 35.676565
  type: 'test'
  ...
# Subtest: materials realism reset adds a neutral PMREM response rig and restrained facade fill
ok 63 - materials realism reset adds a neutral PMREM response rig and restrained facade fill
  ---
  duration_ms: 2.731442
  type: 'test'
  ...
# Subtest: final materials attempt scopes exposure and key angle changes to the grazing look-dev camera
ok 64 - final materials attempt scopes exposure and key angle changes to the grazing look-dev camera
  ---
  duration_ms: 5.745787
  type: 'test'
  ...
# Subtest: query state accepts the DesignSpec grazing evidence camera
ok 65 - query state accepts the DesignSpec grazing evidence camera
  ---
  duration_ms: 0.706193
  type: 'test'
  ...
# Subtest: surface evidence frames parse and serialize deterministically
ok 66 - surface evidence frames parse and serialize deterministically
  ---
  duration_ms: 4.578616
  type: 'test'
  ...
# Subtest: materials pass accepts deterministic material state and reference-match camera
ok 67 - materials pass accepts deterministic material state and reference-match camera
  ---
  duration_ms: 0.552357
  type: 'test'
  ...
# Subtest: materials look-dev cameras match the DesignSpec neutral, grazing and reference views
ok 68 - materials look-dev cameras match the DesignSpec neutral, grazing and reference views
  ---
  duration_ms: 0.939693
  type: 'test'
  ...
# Subtest: structural attempt 3 accepts dedicated family, RS-485 and roof-service evidence cameras
ok 69 - structural attempt 3 accepts dedicated family, RS-485 and roof-service evidence cameras
  ---
  duration_ms: 0.556814
  type: 'test'
  ...
# Subtest: structural attempt 3 evidence cameras compare family masters and roof containment
ok 70 - structural attempt 3 evidence cameras compare family masters and roof containment
  ---
  duration_ms: 1.111107
  type: 'test'
  ...
# Subtest: materials grazing camera is a low facade and circulation three-quarter
ok 71 - materials grazing camera is a low facade and circulation three-quarter
  ---
  duration_ms: 0.524031
  type: 'test'
  ...
# Subtest: materials floor camera exposes public tile and corridor carpet in one finish comparison
ok 72 - materials floor camera exposes public tile and corridor carpet in one finish comparison
  ---
  duration_ms: 0.592688
  type: 'test'
  ...
# Subtest: layer controller switches modes, views and clipping without inventing assets
ok 73 - layer controller switches modes, views and clipping without inventing assets
  ---
  duration_ms: 1.562691
  type: 'test'
  ...
# Subtest: runtime caps DPR and creates empty semantic layer groups
ok 74 - runtime caps DPR and creates empty semantic layer groups
  ---
  duration_ms: 2.759306
  type: 'test'
  ...
# Subtest: HTML shell exposes Spanish project identity and semantic controls
ok 75 - HTML shell exposes Spanish project identity and semantic controls
  ---
  duration_ms: 27.530515
  type: 'test'
  ...
# Subtest: same seed and tick produce identical telemetry while another seed differs
ok 76 - same seed and tick produce identical telemetry while another seed differs
  ---
  duration_ms: 15.480322
  type: 'test'
  ...
# Subtest: normal telemetry stays bounded and changes slowly with occupancy and packet metrics
ok 77 - normal telemetry stays bounded and changes slowly with occupancy and packet metrics
  ---
  duration_ms: 2.757152
  type: 'test'
  ...
# Subtest: setpoints are configurable, clamped and do not mutate the prior snapshot
ok 78 - setpoints are configurable, clamped and do not mutate the prior snapshot
  ---
  duration_ms: 2.751746
  type: 'test'
  ...
# Subtest: fault injection is deterministic and restoring a fault rebuilds the nominal state
ok 79 - fault injection is deterministic and restoring a fault rebuilds the nominal state
  ---
  duration_ms: 6.114369
  type: 'test'
  ...
# Subtest: immutable store dispatches deterministic ticks, setpoints and reversible faults
ok 80 - immutable store dispatches deterministic ticks, setpoints and reversible faults
  ---
  duration_ms: 9.60194
  type: 'test'
  ...
# Subtest: surface plan owns every required shell detail without protected film content
ok 81 - surface plan owns every required shell detail without protected film content
  ---
  duration_ms: 15.55805
  type: 'test'
  ...
# Subtest: surface placement contract rejects giant, non-finite or wrongly parented planes
ok 82 - surface placement contract rejects giant, non-finite or wrongly parented planes
  ---
  duration_ms: 3.986789
  type: 'test'
  ...
# Subtest: surface correction caps one route-attached arrowhead without lateral or vertical float
ok 83 - surface correction caps one route-attached arrowhead without lateral or vertical float
  ---
  duration_ms: 1.249913
  type: 'test'
  ...
# Subtest: surface correction anchors the cone base on the sampled route and follows its 3D tangent
ok 84 - surface correction anchors the cone base on the sampled route and follows its 3D tangent
  ---
  duration_ms: 1.982034
  type: 'test'
  ...
# Subtest: surface correction preserves route contact while scaling arrows into the screen-space band
ok 85 - surface correction preserves route contact while scaling arrows into the screen-space band
  ---
  duration_ms: 1.978346
  type: 'test'
  ...
# Subtest: surface correction samples LoRa direction markers on rendered dash intervals
ok 86 - surface correction samples LoRa direction markers on rendered dash intervals
  ---
  duration_ms: 1.535992
  type: 'test'
  ...
# Subtest: surface correction rejects wide, crowded or duplicate projected route markers
ok 87 - surface correction rejects wide, crowded or duplicate projected route markers
  ---
  duration_ms: 1.587367
  type: 'test'
  ...
# Subtest: complete-network uses endpoint hierarchy and four TC rollups while dedicated RS-485 retains every thermostat
ok 88 - complete-network uses endpoint hierarchy and four TC rollups while dedicated RS-485 retains every thermostat
  ---
  duration_ms: 0.579889
  type: 'test'
  ...
# Subtest: complete-network preset keeps endpoint evidence inside margins with useful occupancy
not ok 89 - complete-network preset keeps endpoint evidence inside margins with useful occupancy
  ---
  duration_ms: 8.222705
  type: 'test'
  location: '/home/cristian/prototipos/three.js/disenos/cinemex-hvac-lorawan/tests/surfaces.test.mjs:228:1'
  failureType: 'testCodeFailure'
  error: |-
    Expected values to be strictly deep-equal:
    + actual - expected
    
      {
        fov: 50,
        position: [
    +     82,
    +     49,
    +     48
    -     64,
    -     60,
    -     58
        ],
        target: [
    +     10,
    +     4.2,
    +     -2
    -     20,
    -     1.5,
    -     0
        ]
      }
    
  code: 'ERR_ASSERTION'
  name: 'AssertionError'
  expected:
    position:
      0: 64
      1: 60
      2: 58
    target:
      0: 20
      1: 1.5
      2: 0
    fov: 50
  actual:
    position:
      0: 82
      1: 49
      2: 48
    target:
      0: 10
      1: 4.2
      2: -2
    fov: 50
  operator: 'deepStrictEqual'
  stack: |-
    TestContext.<anonymous> (file:///home/cristian/prototipos/three.js/disenos/cinemex-hvac-lorawan/tests/surfaces.test.mjs:229:10)
    Test.runInAsyncScope (node:async_hooks:214:14)
    Test.run (node:internal/test_runner/test:1047:25)
    Test.processPendingSubtests (node:internal/test_runner/test:744:18)
    Test.postRun (node:internal/test_runner/test:1173:19)
    Test.run (node:internal/test_runner/test:1101:12)
    async Test.processPendingSubtests (node:internal/test_runner/test:744:7)
  ...
# Subtest: corridor surface camera stays below roof members and focuses wayfinding height
ok 90 - corridor surface camera stays below roof members and focuses wayfinding height
  ---
  duration_ms: 3.029087
  type: 'test'
  ...
# Subtest: surface atlas is one deterministic shared sRGB mipmapped texture with bounded anisotropy
ok 91 - surface atlas is one deterministic shared sRGB mipmapped texture with bounded anisotropy
  ---
  duration_ms: 4.236316
  type: 'test'
  ...
# Subtest: surface integration uses one atlas and deterministic poster/display query frames
ok 92 - surface integration uses one atlas and deterministic poster/display query frames
  ---
  duration_ms: 36.840377
  type: 'test'
  ...
# Subtest: UC100 membership contains every thermostat exactly once and matches the canonical groups
ok 93 - UC100 membership contains every thermostat exactly once and matches the canonical groups
  ---
  duration_ms: 12.604822
  type: 'test'
  ...
# Subtest: a thermostat trace uses RS-485, LoRaWAN and Ethernet in canonical order
ok 94 - a thermostat trace uses RS-485, LoRaWAN and Ethernet in canonical order
  ---
  duration_ms: 1.540138
  type: 'test'
  ...
# Subtest: topology validation rejects direct TC300-to-UG67 shortcuts and incorrect media
ok 95 - topology validation rejects direct TC300-to-UG67 shortcuts and incorrect media
  ---
  duration_ms: 6.699048
  type: 'test'
  ...
# Subtest: reachability isolates failures to dependent paths and identifies the cause
ok 96 - reachability isolates failures to dependent paths and identifies the cause
  ---
  duration_ms: 1.541413
  type: 'test'
  ...
# Subtest: all configured nodes can reach Niagara without inventing reverse or shortcut links
ok 97 - all configured nodes can reach Niagara without inventing reverse or shortcut links
  ---
  duration_ms: 0.696122
  type: 'test'
  ...
# Subtest: topology validation rejects every extra edge, including non-TC shortcuts
ok 98 - topology validation rejects every extra edge, including non-TC shortcuts
  ---
  duration_ms: 4.938332
  type: 'test'
  ...
# Subtest: topology validation rejects missing edges and endpoint or type mutations
ok 99 - topology validation rejects missing edges and endpoint or type mutations
  ---
  duration_ms: 4.956773
  type: 'test'
  ...
# Subtest: topology validation rejects a native-driver claim replacing the conceptual Niagara label
ok 100 - topology validation rejects a native-driver claim replacing the conceptual Niagara label
  ---
  duration_ms: 1.431694
  type: 'test'
  ...
1..100
# tests 100
# suites 0
# pass 98
# fail 2
# cancelled 0
# skipped 0
# todo 0
# duration_ms 599.781981
