TAP version 13
# Subtest: healthy simulation has no active alarms
ok 1 - healthy simulation has no active alarms
  ---
  duration_ms: 15.308036
  type: 'test'
  ...
# Subtest: high and low temperature faults identify device, zone, severity and Niagara delivery
ok 2 - high and low temperature faults identify device, zone, severity and Niagara delivery
  ---
  duration_ms: 6.022037
  type: 'test'
  ...
# Subtest: a TC300 communication loss stops only that device data and clears on restore
ok 3 - a TC300 communication loss stops only that device data and clears on restore
  ---
  duration_ms: 3.903589
  type: 'test'
  ...
# Subtest: UC100-B failure propagates reachability alarms only to Sala 1–4 thermostats
ok 4 - UC100-B failure propagates reachability alarms only to Sala 1–4 thermostats
  ---
  duration_ms: 3.663818
  type: 'test'
  ...
# Subtest: Internet loss marks all thermostat paths unavailable while retaining their local communication
ok 5 - Internet loss marks all thermostat paths unavailable while retaining their local communication
  ---
  duration_ms: 2.386034
  type: 'test'
  ...
# Subtest: shell plan preserves the 60 by 45 metre footprint and exact depth bands
ok 6 - shell plan preserves the 60 by 45 metre footprint and exact depth bands
  ---
  duration_ms: 19.93427
  type: 'test'
  ...
# Subtest: shell plan exposes four auditorium portals per side in stable room order
ok 7 - shell plan exposes four auditorium portals per side in stable room order
  ---
  duration_ms: 9.900149
  type: 'test'
  ...
# Subtest: auditorium perimeter walls rise to each configured family height
ok 8 - auditorium perimeter walls rise to each configured family height
  ---
  duration_ms: 6.668345
  type: 'test'
  ...
# Subtest: rear technical rooms remain disjoint from the service circulation strip
ok 9 - rear technical rooms remain disjoint from the service circulation strip
  ---
  duration_ms: 2.171094
  type: 'test'
  ...
# Subtest: facade plan includes a red marquee, legible identity mass and accessible entrance bank
ok 10 - facade plan includes a red marquee, legible identity mass and accessible entrance bank
  ---
  duration_ms: 6.478325
  type: 'test'
  ...
# Subtest: blockout correction exposes countable auditorium and front-of-house proxies
ok 11 - blockout correction exposes countable auditorium and front-of-house proxies
  ---
  duration_ms: 2.04708
  type: 'test'
  ...
# Subtest: final blockout retry repeats three categorical auditorium family profiles
ok 12 - final blockout retry repeats three categorical auditorium family profiles
  ---
  duration_ms: 1.730257
  type: 'test'
  ...
# Subtest: every auditorium proxy declares continuous aisle and a visibly empty wheelchair notch
ok 13 - every auditorium proxy declares continuous aisle and a visibly empty wheelchair notch
  ---
  duration_ms: 3.71102
  type: 'test'
  ...
# Subtest: Sala 3 RS-485 trunk is lowered and routed along the corridor edge
ok 14 - Sala 3 RS-485 trunk is lowered and routed along the corridor edge
  ---
  duration_ms: 2.003322
  type: 'test'
  ...
# Subtest: blockout correction exposes exact endpoint and media proxy counts
ok 15 - blockout correction exposes exact endpoint and media proxy counts
  ---
  duration_ms: 2.564138
  type: 'test'
  ...
# Subtest: application composition wires only the surface shell asset builder into the runtime
ok 16 - application composition wires only the surface shell asset builder into the runtime
  ---
  duration_ms: 20.52354
  type: 'test'
  ...
# Subtest: silhouette reset exposes one-view room, family, FOH and rear-strip billboards
ok 17 - silhouette reset exposes one-view room, family, FOH and rear-strip billboards
  ---
  duration_ms: 1.613075
  type: 'test'
  ...
# Subtest: silhouette reset keeps device geometry true-scale and adds countable halo labels
ok 18 - silhouette reset keeps device geometry true-scale and adds countable halo labels
  ---
  duration_ms: 1.813597
  type: 'test'
  ...
# Subtest: silhouette reset separates FOH silhouettes and leaves checkpoint access open
ok 19 - silhouette reset separates FOH silhouettes and leaves checkpoint access open
  ---
  duration_ms: 2.59485
  type: 'test'
  ...
# Subtest: silhouette reset spreads LoRa lanes and the external client fan without changing semantics
ok 20 - silhouette reset spreads LoRa lanes and the external client fan without changing semantics
  ---
  duration_ms: 1.869015
  type: 'test'
  ...
# Subtest: structural plan declares buildable slab, wall and family-height roof sections
ok 21 - structural plan declares buildable slab, wall and family-height roof sections
  ---
  duration_ms: 1.408949
  type: 'test'
  ...
# Subtest: structural plan uses true framed openings for auditorium and emergency doors
ok 22 - structural plan uses true framed openings for auditorium and emergency doors
  ---
  duration_ms: 1.065755
  type: 'test'
  ...
# Subtest: structural facade has five framed glazed entries with an accessible centre opening and supported signage
ok 23 - structural facade has five framed glazed entries with an accessible centre opening and supported signage
  ---
  duration_ms: 2.668463
  type: 'test'
  ...
# Subtest: structural rear technical rooms have walls and doors opening into the disjoint service corridor
ok 24 - structural rear technical rooms have walls and doors opening into the disjoint service corridor
  ---
  duration_ms: 1.228553
  type: 'test'
  ...
# Subtest: structural containment exposes owned contact-coherent sockets without physical LoRa geometry
ok 25 - structural containment exposes owned contact-coherent sockets without physical LoRa geometry
  ---
  duration_ms: 1.009527
  type: 'test'
  ...
# Subtest: structural device bodies use documented real dimensions while labels provide legibility
ok 26 - structural device bodies use documented real dimensions while labels provide legibility
  ---
  duration_ms: 0.756615
  type: 'test'
  ...
# Subtest: structural evidence corrections improve front labels and technical anchor spread
ok 27 - structural evidence corrections improve front labels and technical anchor spread
  ---
  duration_ms: 1.008145
  type: 'test'
  ...
# Subtest: materials realism reset uses charcoal frames, neutral later-asset proxies, and a true labels layer
ok 28 - materials realism reset uses charcoal frames, neutral later-asset proxies, and a true labels layer
  ---
  duration_ms: 8.877848
  type: 'test'
  ...
# Subtest: structural attempt 2 joins the kitchen hood outlet to a visible vertical extract duct
ok 29 - structural attempt 2 joins the kitchen hood outlet to a visible vertical extract duct
  ---
  duration_ms: 1.366191
  type: 'test'
  ...
# Subtest: structural attempt 2 makes every public, auditorium and emergency opening contact-readable
ok 30 - structural attempt 2 makes every public, auditorium and emergency opening contact-readable
  ---
  duration_ms: 1.131706
  type: 'test'
  ...
# Subtest: structural attempt 2 aligns the accessible forecourt route and fully attaches facade supports
ok 31 - structural attempt 2 aligns the accessible forecourt route and fully attaches facade supports
  ---
  duration_ms: 1.349526
  type: 'test'
  ...
# Subtest: structural attempt 2 containment runs terminal-to-terminal through visible junctions and sleeves
ok 32 - structural attempt 2 containment runs terminal-to-terminal through visible junctions and sleeves
  ---
  duration_ms: 1.290317
  type: 'test'
  ...
# Subtest: structural attempt 2 exposes geometry-only 2/4/2 family profiles and human scale references
ok 33 - structural attempt 2 exposes geometry-only 2/4/2 family profiles and human scale references
  ---
  duration_ms: 2.561028
  type: 'test'
  ...
# Subtest: structural attempt 3 gives every family master comparable cinema-specific geometry
ok 34 - structural attempt 3 gives every family master comparable cinema-specific geometry
  ---
  duration_ms: 2.696452
  type: 'test'
  ...
# Subtest: structural attempt 3 keeps all RS-485 routes tray-backed and terminal complete
ok 35 - structural attempt 3 keeps all RS-485 routes tray-backed and terminal complete
  ---
  duration_ms: 0.941951
  type: 'test'
  ...
# Subtest: structural attempt 3 roof services overlap plenums, mains and owned sleeves
ok 36 - structural attempt 3 roof services overlap plenums, mains and owned sleeves
  ---
  duration_ms: 0.884397
  type: 'test'
  ...
# Subtest: config exposes the exact cinema and device inventory
ok 37 - config exposes the exact cinema and device inventory
  ---
  duration_ms: 8.45604
  type: 'test'
  ...
# Subtest: auditorium families and capacities satisfy the required distribution
ok 38 - auditorium families and capacities satisfy the required distribution
  ---
  duration_ms: 2.65009
  type: 'test'
  ...
# Subtest: all TC300 placements are neutral, 1.5 m AFF and clear of prohibited influences
ok 39 - all TC300 placements are neutral, 1.5 m AFF and clear of prohibited influences
  ---
  duration_ms: 0.253208
  type: 'test'
  ...
# Subtest: configuration validation accepts the canonical config and rejects count or placement drift
ok 40 - configuration validation accepts the canonical config and rejects count or placement drift
  ---
  duration_ms: 4.387382
  type: 'test'
  ...
# Subtest: authoritative identifiers and collections cannot be mutated at runtime
ok 41 - authoritative identifiers and collections cannot be mutated at runtime
  ---
  duration_ms: 1.084475
  type: 'test'
  ...
# Subtest: validation enforces global identity and exact TC300, UC100, UG67 and Niagara inventories
ok 42 - validation enforces global identity and exact TC300, UC100, UG67 and Niagara inventories
  ---
  duration_ms: 4.73814
  type: 'test'
  ...
# Subtest: validation rejects any membership drift, including unknown, missing and duplicate members
ok 43 - validation rejects any membership drift, including unknown, missing and duplicate members
  ---
  duration_ms: 6.495021
  type: 'test'
  ...
# Subtest: canonical placement is exact and permits only the documented 0.15 m wall-face tolerance
ok 44 - canonical placement is exact and permits only the documented 0.15 m wall-face tolerance
  ---
  duration_ms: 4.372619
  type: 'test'
  ...
# Subtest: final material response calibration publishes a physically separated shell palette
ok 45 - final material response calibration publishes a physically separated shell palette
  ---
  duration_ms: 11.845977
  type: 'test'
  ...
# Subtest: registry creates shared procedural response maps instead of graphic textures
ok 46 - registry creates shared procedural response maps instead of graphic textures
  ---
  duration_ms: 3.33712
  type: 'test'
  ...
# Subtest: registry shares canonical and dynamic materials without per-instance churn
ok 47 - registry shares canonical and dynamic materials without per-instance churn
  ---
  duration_ms: 1.308293
  type: 'test'
  ...
# Subtest: engineering mode makes every registered shell material translucent and restores defaults
ok 48 - engineering mode makes every registered shell material translucent and restores defaults
  ---
  duration_ms: 3.277128
  type: 'test'
  ...
# Subtest: registry disposes each shared material exactly once even through aliases
ok 49 - registry disposes each shared material exactly once even through aliases
  ---
  duration_ms: 2.829505
  type: 'test'
  ...
# Subtest: query state has a stable canonical default and serializes in contract order
ok 50 - query state has a stable canonical default and serializes in contract order
  ---
  duration_ms: 9.49326
  type: 'test'
  ...
# Subtest: query state accepts a complete engineering inspection state
ok 51 - query state accepts a complete engineering inspection state
  ---
  duration_ms: 1.630612
  type: 'test'
  ...
# Subtest: query state accepts DesignSpec blockout camera and state vocabulary
ok 52 - query state accepts DesignSpec blockout camera and state vocabulary
  ---
  duration_ms: 0.882356
  type: 'test'
  ...
# Subtest: malformed query tokens fall back atomically and emit one warning
ok 53 - malformed query tokens fall back atomically and emit one warning
  ---
  duration_ms: 0.66234
  type: 'test'
  ...
# Subtest: camera controller applies presets and bounds first-person movement
ok 54 - camera controller applies presets and bounds first-person movement
  ---
  duration_ms: 1.121507
  type: 'test'
  ...
# Subtest: fixed evidence cameras frame targets tightly and apply their field of view
ok 55 - fixed evidence cameras frame targets tightly and apply their field of view
  ---
  duration_ms: 0.646348
  type: 'test'
  ...
# Subtest: structural evidence preserves grazing/network views and improves Sala 3 framing
ok 56 - structural evidence preserves grazing/network views and improves Sala 3 framing
  ---
  duration_ms: 0.656207
  type: 'test'
  ...
# Subtest: structural attempt 2 raises neutral scene value without entering the final lighting pass
ok 57 - structural attempt 2 raises neutral scene value without entering the final lighting pass
  ---
  duration_ms: 32.406044
  type: 'test'
  ...
# Subtest: materials realism reset adds a neutral PMREM response rig and restrained facade fill
ok 58 - materials realism reset adds a neutral PMREM response rig and restrained facade fill
  ---
  duration_ms: 3.431405
  type: 'test'
  ...
# Subtest: final materials attempt scopes exposure and key angle changes to the grazing look-dev camera
ok 59 - final materials attempt scopes exposure and key angle changes to the grazing look-dev camera
  ---
  duration_ms: 4.484484
  type: 'test'
  ...
# Subtest: query state accepts the DesignSpec grazing evidence camera
ok 60 - query state accepts the DesignSpec grazing evidence camera
  ---
  duration_ms: 0.786089
  type: 'test'
  ...
# Subtest: surface evidence frames parse and serialize deterministically
ok 61 - surface evidence frames parse and serialize deterministically
  ---
  duration_ms: 0.857042
  type: 'test'
  ...
# Subtest: materials pass accepts deterministic material state and reference-match camera
ok 62 - materials pass accepts deterministic material state and reference-match camera
  ---
  duration_ms: 0.314012
  type: 'test'
  ...
# Subtest: materials look-dev cameras match the DesignSpec neutral, grazing and reference views
ok 63 - materials look-dev cameras match the DesignSpec neutral, grazing and reference views
  ---
  duration_ms: 0.607003
  type: 'test'
  ...
# Subtest: structural attempt 3 accepts dedicated family, RS-485 and roof-service evidence cameras
ok 64 - structural attempt 3 accepts dedicated family, RS-485 and roof-service evidence cameras
  ---
  duration_ms: 0.375801
  type: 'test'
  ...
# Subtest: structural attempt 3 evidence cameras compare family masters and roof containment
ok 65 - structural attempt 3 evidence cameras compare family masters and roof containment
  ---
  duration_ms: 0.779468
  type: 'test'
  ...
# Subtest: materials grazing camera is a low facade and circulation three-quarter
ok 66 - materials grazing camera is a low facade and circulation three-quarter
  ---
  duration_ms: 0.441395
  type: 'test'
  ...
# Subtest: materials floor camera exposes public tile and corridor carpet in one finish comparison
ok 67 - materials floor camera exposes public tile and corridor carpet in one finish comparison
  ---
  duration_ms: 0.467289
  type: 'test'
  ...
# Subtest: layer controller switches modes, views and clipping without inventing assets
ok 68 - layer controller switches modes, views and clipping without inventing assets
  ---
  duration_ms: 2.019955
  type: 'test'
  ...
# Subtest: runtime caps DPR and creates empty semantic layer groups
ok 69 - runtime caps DPR and creates empty semantic layer groups
  ---
  duration_ms: 0.651296
  type: 'test'
  ...
# Subtest: HTML shell exposes Spanish project identity and semantic controls
ok 70 - HTML shell exposes Spanish project identity and semantic controls
  ---
  duration_ms: 8.437141
  type: 'test'
  ...
# Subtest: same seed and tick produce identical telemetry while another seed differs
ok 71 - same seed and tick produce identical telemetry while another seed differs
  ---
  duration_ms: 14.523405
  type: 'test'
  ...
# Subtest: normal telemetry stays bounded and changes slowly with occupancy and packet metrics
ok 72 - normal telemetry stays bounded and changes slowly with occupancy and packet metrics
  ---
  duration_ms: 4.950338
  type: 'test'
  ...
# Subtest: setpoints are configurable, clamped and do not mutate the prior snapshot
ok 73 - setpoints are configurable, clamped and do not mutate the prior snapshot
  ---
  duration_ms: 2.487672
  type: 'test'
  ...
# Subtest: fault injection is deterministic and restoring a fault rebuilds the nominal state
ok 74 - fault injection is deterministic and restoring a fault rebuilds the nominal state
  ---
  duration_ms: 3.002577
  type: 'test'
  ...
# Subtest: immutable store dispatches deterministic ticks, setpoints and reversible faults
ok 75 - immutable store dispatches deterministic ticks, setpoints and reversible faults
  ---
  duration_ms: 8.273968
  type: 'test'
  ...
# Subtest: surface plan owns every required shell detail without protected film content
ok 76 - surface plan owns every required shell detail without protected film content
  ---
  duration_ms: 9.281042
  type: 'test'
  ...
# Subtest: surface placement contract rejects giant, non-finite or wrongly parented planes
ok 77 - surface placement contract rejects giant, non-finite or wrongly parented planes
  ---
  duration_ms: 2.454113
  type: 'test'
  ...
# Subtest: surface correction caps one route-attached arrowhead without lateral or vertical float
ok 78 - surface correction caps one route-attached arrowhead without lateral or vertical float
  ---
  duration_ms: 0.625098
  type: 'test'
  ...
# Subtest: surface correction anchors the cone base on the sampled route and follows its 3D tangent
ok 79 - surface correction anchors the cone base on the sampled route and follows its 3D tangent
  ---
  duration_ms: 1.06092
  type: 'test'
  ...
# Subtest: surface correction preserves route contact while scaling arrows into the screen-space band
ok 80 - surface correction preserves route contact while scaling arrows into the screen-space band
  ---
  duration_ms: 0.921421
  type: 'test'
  ...
# Subtest: surface correction samples LoRa direction markers on rendered dash intervals
ok 81 - surface correction samples LoRa direction markers on rendered dash intervals
  ---
  duration_ms: 0.821592
  type: 'test'
  ...
# Subtest: surface correction rejects wide, crowded or duplicate projected route markers
ok 82 - surface correction rejects wide, crowded or duplicate projected route markers
  ---
  duration_ms: 1.432925
  type: 'test'
  ...
# Subtest: complete-network uses endpoint hierarchy and four TC rollups while dedicated RS-485 retains every thermostat
ok 83 - complete-network uses endpoint hierarchy and four TC rollups while dedicated RS-485 retains every thermostat
  ---
  duration_ms: 0.507598
  type: 'test'
  ...
# Subtest: complete-network preset keeps endpoint evidence inside margins with useful occupancy
ok 84 - complete-network preset keeps endpoint evidence inside margins with useful occupancy
  ---
  duration_ms: 1.461431
  type: 'test'
  ...
# Subtest: corridor surface camera stays below roof members and focuses wayfinding height
ok 85 - corridor surface camera stays below roof members and focuses wayfinding height
  ---
  duration_ms: 1.651994
  type: 'test'
  ...
# Subtest: surface atlas is one deterministic shared sRGB mipmapped texture with bounded anisotropy
ok 86 - surface atlas is one deterministic shared sRGB mipmapped texture with bounded anisotropy
  ---
  duration_ms: 7.942446
  type: 'test'
  ...
# Subtest: surface integration uses one atlas and deterministic poster/display query frames
ok 87 - surface integration uses one atlas and deterministic poster/display query frames
  ---
  duration_ms: 31.613623
  type: 'test'
  ...
# Subtest: UC100 membership contains every thermostat exactly once and matches the canonical groups
ok 88 - UC100 membership contains every thermostat exactly once and matches the canonical groups
  ---
  duration_ms: 8.092908
  type: 'test'
  ...
# Subtest: a thermostat trace uses RS-485, LoRaWAN and Ethernet in canonical order
ok 89 - a thermostat trace uses RS-485, LoRaWAN and Ethernet in canonical order
  ---
  duration_ms: 3.495138
  type: 'test'
  ...
# Subtest: topology validation rejects direct TC300-to-UG67 shortcuts and incorrect media
ok 90 - topology validation rejects direct TC300-to-UG67 shortcuts and incorrect media
  ---
  duration_ms: 5.942686
  type: 'test'
  ...
# Subtest: reachability isolates failures to dependent paths and identifies the cause
ok 91 - reachability isolates failures to dependent paths and identifies the cause
  ---
  duration_ms: 1.200438
  type: 'test'
  ...
# Subtest: all configured nodes can reach Niagara without inventing reverse or shortcut links
ok 92 - all configured nodes can reach Niagara without inventing reverse or shortcut links
  ---
  duration_ms: 0.789231
  type: 'test'
  ...
# Subtest: topology validation rejects every extra edge, including non-TC shortcuts
ok 93 - topology validation rejects every extra edge, including non-TC shortcuts
  ---
  duration_ms: 2.472633
  type: 'test'
  ...
# Subtest: topology validation rejects missing edges and endpoint or type mutations
ok 94 - topology validation rejects missing edges and endpoint or type mutations
  ---
  duration_ms: 6.179131
  type: 'test'
  ...
# Subtest: topology validation rejects a native-driver claim replacing the conceptual Niagara label
ok 95 - topology validation rejects a native-driver claim replacing the conceptual Niagara label
  ---
  duration_ms: 2.334548
  type: 'test'
  ...
1..95
# tests 95
# suites 0
# pass 95
# fail 0
# cancelled 0
# skipped 0
# todo 0
# duration_ms 514.566879
