TAP version 13
# Subtest: healthy simulation has no active alarms
ok 1 - healthy simulation has no active alarms
  ---
  duration_ms: 8.540854
  type: 'test'
  ...
# Subtest: high and low temperature faults identify device, zone, severity and Niagara delivery
ok 2 - high and low temperature faults identify device, zone, severity and Niagara delivery
  ---
  duration_ms: 2.725857
  type: 'test'
  ...
# Subtest: a TC300 communication loss stops only that device data and clears on restore
ok 3 - a TC300 communication loss stops only that device data and clears on restore
  ---
  duration_ms: 1.616837
  type: 'test'
  ...
# Subtest: UC100-B failure propagates reachability alarms only to Sala 1–4 thermostats
ok 4 - UC100-B failure propagates reachability alarms only to Sala 1–4 thermostats
  ---
  duration_ms: 1.394073
  type: 'test'
  ...
# Subtest: Internet loss marks all thermostat paths unavailable while retaining their local communication
ok 5 - Internet loss marks all thermostat paths unavailable while retaining their local communication
  ---
  duration_ms: 4.849387
  type: 'test'
  ...
# Subtest: every alarm kind the module can emit renders its message in Spanish, not English
not ok 6 - every alarm kind the module can emit renders its message in Spanish, not English
  ---
  duration_ms: 3.691135
  type: 'test'
  location: '/home/cristian/prototipos/three.js/disenos/cinemex-hvac-lorawan/tests/alarms.test.mjs:103:1'
  failureType: 'testCodeFailure'
  error: 'alarm "communication" leaks English copy into the es-MX UI: TC300-08 is offline; data is not reaching Niagara.'
  code: 'ERR_ASSERTION'
  name: 'AssertionError'
  expected:
  actual: 'TC300-08 is offline; data is not reaching Niagara.'
  operator: 'doesNotMatch'
  stack: |-
    TestContext.<anonymous> (file:///home/cristian/prototipos/three.js/disenos/cinemex-hvac-lorawan/tests/alarms.test.mjs:117:12)
    Test.runInAsyncScope (node:async_hooks:214:14)
    Test.run (node:internal/test_runner/test:1047:25)
    Test.processPendingSubtests (node:internal/test_runner/test:744:18)
    Test.postRun (node:internal/test_runner/test:1173:19)
    Test.run (node:internal/test_runner/test:1101:12)
    async Test.processPendingSubtests (node:internal/test_runner/test:744:7)
  ...
# Subtest: no message template in alarms.mjs is written in English
not ok 7 - no message template in alarms.mjs is written in English
  ---
  duration_ms: 0.91645
  type: 'test'
  location: '/home/cristian/prototipos/three.js/disenos/cinemex-hvac-lorawan/tests/alarms.test.mjs:125:1'
  failureType: 'testCodeFailure'
  error: 'English message template in alarms.mjs: ${thermostat.id} is offline; data is not reaching Niagara.'
  code: 'ERR_ASSERTION'
  name: 'AssertionError'
  expected:
  actual: '${thermostat.id} is offline; data is not reaching Niagara.'
  operator: 'doesNotMatch'
  stack: |-
    TestContext.<anonymous> (file:///home/cristian/prototipos/three.js/disenos/cinemex-hvac-lorawan/tests/alarms.test.mjs:130:12)
    Test.runInAsyncScope (node:async_hooks:214:14)
    Test.run (node:internal/test_runner/test:1047:25)
    Test.processPendingSubtests (node:internal/test_runner/test:744:18)
    Test.postRun (node:internal/test_runner/test:1173:19)
    Test.run (node:internal/test_runner/test:1101:12)
    async Test.processPendingSubtests (node:internal/test_runner/test:744:7)
  ...
1..7
# tests 7
# suites 0
# pass 5
# fail 2
# cancelled 0
# skipped 0
# todo 0
# duration_ms 368.780965
