TAP version 13
# Subtest: healthy simulation has no active alarms
ok 1 - healthy simulation has no active alarms
  ---
  duration_ms: 21.290687
  type: 'test'
  ...
# Subtest: high and low temperature faults identify device, zone, severity and Niagara delivery
ok 2 - high and low temperature faults identify device, zone, severity and Niagara delivery
  ---
  duration_ms: 11.025198
  type: 'test'
  ...
# Subtest: a TC300 communication loss stops only that device data and clears on restore
ok 3 - a TC300 communication loss stops only that device data and clears on restore
  ---
  duration_ms: 2.738638
  type: 'test'
  ...
# Subtest: UC100-B failure propagates reachability alarms only to Sala 1–4 thermostats
ok 4 - UC100-B failure propagates reachability alarms only to Sala 1–4 thermostats
  ---
  duration_ms: 11.847859
  type: 'test'
  ...
# Subtest: Internet loss marks all thermostat paths unavailable while retaining their local communication
ok 5 - Internet loss marks all thermostat paths unavailable while retaining their local communication
  ---
  duration_ms: 2.071786
  type: 'test'
  ...
# Subtest: every alarm kind the module can emit renders its message in Spanish, not English
ok 6 - every alarm kind the module can emit renders its message in Spanish, not English
  ---
  duration_ms: 4.426781
  type: 'test'
  ...
# Subtest: no message template in alarms.mjs is written in English
ok 7 - no message template in alarms.mjs is written in English
  ---
  duration_ms: 1.488903
  type: 'test'
  ...
# Subtest: shell plan preserves the 60 by 45 metre footprint and exact depth bands
ok 8 - shell plan preserves the 60 by 45 metre footprint and exact depth bands
  ---
  duration_ms: 34.514504
  type: 'test'
  ...
# Subtest: shell plan exposes four auditorium portals per side in stable room order
ok 9 - shell plan exposes four auditorium portals per side in stable room order
  ---
  duration_ms: 15.401004
  type: 'test'
  ...
# Subtest: auditorium perimeter walls rise to each configured family height
ok 10 - auditorium perimeter walls rise to each configured family height
  ---
  duration_ms: 3.817723
  type: 'test'
  ...
# Subtest: rear technical rooms remain disjoint from the service circulation strip
ok 11 - rear technical rooms remain disjoint from the service circulation strip
  ---
  duration_ms: 2.788738
  type: 'test'
  ...
# Subtest: facade plan includes a red marquee, legible identity mass and accessible entrance bank
ok 12 - facade plan includes a red marquee, legible identity mass and accessible entrance bank
  ---
  duration_ms: 4.168804
  type: 'test'
  ...
# Subtest: blockout correction exposes countable auditorium and front-of-house proxies
ok 13 - blockout correction exposes countable auditorium and front-of-house proxies
  ---
  duration_ms: 4.777449
  type: 'test'
  ...
# Subtest: final blockout retry repeats three categorical auditorium family profiles
ok 14 - final blockout retry repeats three categorical auditorium family profiles
  ---
  duration_ms: 3.4413
  type: 'test'
  ...
# Subtest: every auditorium proxy declares continuous aisle and a visibly empty wheelchair notch
ok 15 - every auditorium proxy declares continuous aisle and a visibly empty wheelchair notch
  ---
  duration_ms: 2.656986
  type: 'test'
  ...
# Subtest: Sala 3 RS-485 trunk is lowered and routed along the corridor edge
ok 16 - Sala 3 RS-485 trunk is lowered and routed along the corridor edge
  ---
  duration_ms: 3.742585
  type: 'test'
  ...
# Subtest: blockout correction exposes exact endpoint and media proxy counts
ok 17 - blockout correction exposes exact endpoint and media proxy counts
  ---
  duration_ms: 7.015538
  type: 'test'
  ...
# Subtest: application composition wires only the surface shell asset builder into the runtime
ok 18 - application composition wires only the surface shell asset builder into the runtime
  ---
  duration_ms: 31.595391
  type: 'test'
  ...
# Subtest: silhouette reset exposes one-view room, family, FOH and rear-strip billboards
ok 19 - silhouette reset exposes one-view room, family, FOH and rear-strip billboards
  ---
  duration_ms: 2.667718
  type: 'test'
  ...
# Subtest: silhouette reset keeps device geometry true-scale and adds countable halo labels
ok 20 - silhouette reset keeps device geometry true-scale and adds countable halo labels
  ---
  duration_ms: 2.304271
  type: 'test'
  ...
# Subtest: silhouette reset separates FOH silhouettes and leaves checkpoint access open
ok 21 - silhouette reset separates FOH silhouettes and leaves checkpoint access open
  ---
  duration_ms: 2.344296
  type: 'test'
  ...
# Subtest: silhouette reset spreads LoRa lanes and the external client fan without changing semantics
ok 22 - silhouette reset spreads LoRa lanes and the external client fan without changing semantics
  ---
  duration_ms: 1.831378
  type: 'test'
  ...
# Subtest: structural plan declares buildable slab, wall and family-height roof sections
ok 23 - structural plan declares buildable slab, wall and family-height roof sections
  ---
  duration_ms: 3.700068
  type: 'test'
  ...
# Subtest: structural plan uses true framed openings for auditorium and emergency doors
ok 24 - structural plan uses true framed openings for auditorium and emergency doors
  ---
  duration_ms: 3.238147
  type: 'test'
  ...
# Subtest: structural facade has five framed glazed entries with an accessible centre opening and supported signage
ok 25 - structural facade has five framed glazed entries with an accessible centre opening and supported signage
  ---
  duration_ms: 3.420843
  type: 'test'
  ...
# Subtest: structural rear technical rooms have walls and doors opening into the disjoint service corridor
ok 26 - structural rear technical rooms have walls and doors opening into the disjoint service corridor
  ---
  duration_ms: 5.634154
  type: 'test'
  ...
# Subtest: structural containment exposes owned contact-coherent sockets without physical LoRa geometry
ok 27 - structural containment exposes owned contact-coherent sockets without physical LoRa geometry
  ---
  duration_ms: 2.440564
  type: 'test'
  ...
# Subtest: structural device bodies use documented real dimensions while labels provide legibility
ok 28 - structural device bodies use documented real dimensions while labels provide legibility
  ---
  duration_ms: 2.047054
  type: 'test'
  ...
# Subtest: structural evidence corrections improve front labels and technical anchor spread
ok 29 - structural evidence corrections improve front labels and technical anchor spread
  ---
  duration_ms: 1.467186
  type: 'test'
  ...
# Subtest: materials realism reset uses charcoal frames, neutral later-asset proxies, and a true labels layer
ok 30 - materials realism reset uses charcoal frames, neutral later-asset proxies, and a true labels layer
  ---
  duration_ms: 9.681712
  type: 'test'
  ...
# Subtest: structural attempt 2 joins the kitchen hood outlet to a visible vertical extract duct
ok 31 - structural attempt 2 joins the kitchen hood outlet to a visible vertical extract duct
  ---
  duration_ms: 2.318628
  type: 'test'
  ...
# Subtest: structural attempt 2 makes every public, auditorium and emergency opening contact-readable
ok 32 - structural attempt 2 makes every public, auditorium and emergency opening contact-readable
  ---
  duration_ms: 2.601473
  type: 'test'
  ...
# Subtest: structural attempt 2 aligns the accessible forecourt route and fully attaches facade supports
ok 33 - structural attempt 2 aligns the accessible forecourt route and fully attaches facade supports
  ---
  duration_ms: 2.317257
  type: 'test'
  ...
# Subtest: structural attempt 2 containment runs terminal-to-terminal through visible junctions and sleeves
ok 34 - structural attempt 2 containment runs terminal-to-terminal through visible junctions and sleeves
  ---
  duration_ms: 2.357588
  type: 'test'
  ...
# Subtest: structural attempt 2 exposes geometry-only 2/4/2 family profiles and human scale references
ok 35 - structural attempt 2 exposes geometry-only 2/4/2 family profiles and human scale references
  ---
  duration_ms: 3.796802
  type: 'test'
  ...
# Subtest: structural attempt 3 gives every family master comparable cinema-specific geometry
ok 36 - structural attempt 3 gives every family master comparable cinema-specific geometry
  ---
  duration_ms: 2.23596
  type: 'test'
  ...
# Subtest: structural attempt 3 keeps all RS-485 routes tray-backed and terminal complete
ok 37 - structural attempt 3 keeps all RS-485 routes tray-backed and terminal complete
  ---
  duration_ms: 1.394388
  type: 'test'
  ...
# Subtest: structural attempt 3 roof services overlap plenums, mains and owned sleeves
ok 38 - structural attempt 3 roof services overlap plenums, mains and owned sleeves
  ---
  duration_ms: 1.117092
  type: 'test'
  ...
# Subtest: config exposes the exact cinema and device inventory
ok 39 - config exposes the exact cinema and device inventory
  ---
  duration_ms: 11.03871
  type: 'test'
  ...
# Subtest: auditorium families and capacities satisfy the required distribution
ok 40 - auditorium families and capacities satisfy the required distribution
  ---
  duration_ms: 1.129392
  type: 'test'
  ...
# Subtest: all TC300 placements are neutral, 1.5 m AFF and clear of prohibited influences
ok 41 - all TC300 placements are neutral, 1.5 m AFF and clear of prohibited influences
  ---
  duration_ms: 0.458975
  type: 'test'
  ...
# Subtest: configuration validation accepts the canonical config and rejects count or placement drift
ok 42 - configuration validation accepts the canonical config and rejects count or placement drift
  ---
  duration_ms: 9.991901
  type: 'test'
  ...
# Subtest: authoritative identifiers and collections cannot be mutated at runtime
ok 43 - authoritative identifiers and collections cannot be mutated at runtime
  ---
  duration_ms: 2.604488
  type: 'test'
  ...
# Subtest: validation enforces global identity and exact TC300, UC100, UG67 and Niagara inventories
ok 44 - validation enforces global identity and exact TC300, UC100, UG67 and Niagara inventories
  ---
  duration_ms: 5.694747
  type: 'test'
  ...
# Subtest: validation rejects any membership drift, including unknown, missing and duplicate members
ok 45 - validation rejects any membership drift, including unknown, missing and duplicate members
  ---
  duration_ms: 9.770846
  type: 'test'
  ...
# Subtest: canonical placement is exact and permits only the documented 0.15 m wall-face tolerance
ok 46 - canonical placement is exact and permits only the documented 0.15 m wall-face tolerance
  ---
  duration_ms: 4.087631
  type: 'test'
  ...
# Subtest: every DesignSpec scene state is a driveable query value, not an atomic reset
ok 47 - every DesignSpec scene state is a driveable query value, not an atomic reset
  ---
  duration_ms: 22.81163
  type: 'test'
  ...
# Subtest: fault and hot states force the engineering visual mode they are captured in
ok 48 - fault and hot states force the engineering visual mode they are captured in
  ---
  duration_ms: 1.943388
  type: 'test'
  ...
# Subtest: selection and tick are parsed, not silently ignored as unknown keys
ok 49 - selection and tick are parsed, not silently ignored as unknown keys
  ---
  duration_ms: 2.077081
  type: 'test'
  ...
# Subtest: the links vocabulary implements every declared value, not only `all`
ok 50 - the links vocabulary implements every declared value, not only `all`
  ---
  duration_ms: 1.594461
  type: 'test'
  ...
# Subtest: the interaction state round-trips through the serialized capture URL
ok 51 - the interaction state round-trips through the serialized capture URL
  ---
  duration_ms: 5.070142
  type: 'test'
  ...
# Subtest: every scene state maps onto the canonical simulation fault, or onto none
ok 52 - every scene state maps onto the canonical simulation fault, or onto none
  ---
  duration_ms: 0.819379
  type: 'test'
  ...
# Subtest: a healthy engineering state leaves every endpoint and every route normal
ok 53 - a healthy engineering state leaves every endpoint and every route normal
  ---
  duration_ms: 14.453
  type: 'test'
  ...
# Subtest: fault-tc300 breaks exactly one thermostat and only its own drop route
ok 54 - fault-tc300 breaks exactly one thermostat and only its own drop route
  ---
  duration_ms: 3.953292
  type: 'test'
  ...
# Subtest: fault-uc100-b propagates along the RS-485 bus it owns, and no further
ok 55 - fault-uc100-b propagates along the RS-485 bus it owns, and no further
  ---
  duration_ms: 24.814515
  type: 'test'
  ...
# Subtest: fault-internet stops delivery on the shared backbone and spares the field devices
ok 56 - fault-internet stops delivery on the shared backbone and spares the field devices
  ---
  duration_ms: 3.013802
  type: 'test'
  ...
# Subtest: the hot states raise an active alarm without breaking a single link
ok 57 - the hot states raise an active alarm without breaking a single link
  ---
  duration_ms: 3.863157
  type: 'test'
  ...
# Subtest: restoring the state is deterministic: the healthy model returns byte for byte
ok 58 - restoring the state is deterministic: the healthy model returns byte for byte
  ---
  duration_ms: 3.330121
  type: 'test'
  ...
# Subtest: selecting a thermostat highlights exactly its canonical end-to-end path
ok 59 - selecting a thermostat highlights exactly its canonical end-to-end path
  ---
  duration_ms: 1.292031
  type: 'test'
  ...
# Subtest: selection resolves for the concentrator and the gateway too
ok 60 - selection resolves for the concentrator and the gateway too
  ---
  duration_ms: 2.434552
  type: 'test'
  ...
# Subtest: a raycast hit resolves to the device that owns the geometry it struck
ok 61 - a raycast hit resolves to the device that owns the geometry it struck
  ---
  duration_ms: 0.921452
  type: 'test'
  ...
# Subtest: tick 0 and tick 30 are two different, reproducible packet frames
ok 62 - tick 0 and tick 30 are two different, reproducible packet frames
  ---
  duration_ms: 0.604021
  type: 'test'
  ...
# Subtest: a polyline sample walks the route by arc length
ok 63 - a polyline sample walks the route by arc length
  ---
  duration_ms: 0.95632
  type: 'test'
  ...
# Subtest: the interaction pools are fixed, and empty in the gated healthy states
ok 64 - the interaction pools are fixed, and empty in the gated healthy states
  ---
  duration_ms: 103.770164
  type: 'test'
  ...
# Subtest: a fault recolours the affected instances through the gated alarm/offline palette
ok 65 - a fault recolours the affected instances through the gated alarm/offline palette
  ---
  duration_ms: 42.407087
  type: 'test'
  ...
# Subtest: restoring from a fault returns the scene to the exact gated healthy state
ok 66 - restoring from a fault returns the scene to the exact gated healthy state
  ---
  duration_ms: 23.866736
  type: 'test'
  ...
# Subtest: no zone, band or room mesh disappears in any interaction state
ok 67 - no zone, band or room mesh disappears in any interaction state
  ---
  duration_ms: 31.44186
  type: 'test'
  ...
# Subtest: selection highlights the path without hiding the medium it rides on
ok 68 - selection highlights the path without hiding the medium it rides on
  ---
  duration_ms: 22.041736
  type: 'test'
  ...
# Subtest: the HUD status line never contradicts the alarm list, in any state of the vocabulary
ok 69 - the HUD status line never contradicts the alarm list, in any state of the vocabulary
  ---
  duration_ms: 9.699294
  type: 'test'
  ...
# Subtest: the status line reports the delivery it can prove, and never a phantom Niagara outage
ok 70 - the status line reports the delivery it can prove, and never a phantom Niagara outage
  ---
  duration_ms: 3.727469
  type: 'test'
  ...
# Subtest: the boot path owns no second status writer: the HUD has one source of truth
ok 71 - the boot path owns no second status writer: the HUD has one source of truth
  ---
  duration_ms: 27.50485
  type: 'test'
  ...
# Subtest: the runtime rig is the house key/fill/rim/ambient rig, in the spec ratios
ok 72 - the runtime rig is the house key/fill/rim/ambient rig, in the spec ratios
  ---
  duration_ms: 41.564794
  type: 'test'
  ...
# Subtest: the key light shadow frustum encloses the whole building and is baked, not per-frame
ok 73 - the key light shadow frustum encloses the whole building and is baked, not per-frame
  ---
  duration_ms: 3.146307
  type: 'test'
  ...
# Subtest: tone mapping and fog come from the lighting authority and keep the hero framing readable
ok 74 - tone mapping and fog come from the lighting authority and keep the hero framing readable
  ---
  duration_ms: 2.847394
  type: 'test'
  ...
# Subtest: every hero framing sits inside the house azimuth/elevation band
ok 75 - every hero framing sits inside the house azimuth/elevation band
  ---
  duration_ms: 0.860676
  type: 'test'
  ...
# Subtest: the cinema emission ladder falls strictly from facade to auditorium and never goes dark
ok 76 - the cinema emission ladder falls strictly from facade to auditorium and never goes dark
  ---
  duration_ms: 4.375244
  type: 'test'
  ...
# Subtest: correction 1: no interior surface reflects the exterior rig at full strength
ok 77 - correction 1: no interior surface reflects the exterior rig at full strength
  ---
  duration_ms: 111.193229
  type: 'test'
  ...
# Subtest: correction 2: the four-tier luminance ladder is real in the pixels, not in the rig
ok 78 - correction 2: the four-tier luminance ladder is real in the pixels, not in the rig
  ---
  duration_ms: 36.812242
  type: 'test'
  ...
# Subtest: correction 3: the auditorium is a dark room whose fixtures carve the seat blocks out
ok 79 - correction 3: the auditorium is a dark room whose fixtures carve the seat blocks out
  ---
  duration_ms: 19.743193
  type: 'test'
  ...
# Subtest: correction 4: light_state=off darkens the corridor and the sala, not just a few strips
ok 80 - correction 4: light_state=off darkens the corridor and the sala, not just a few strips
  ---
  duration_ms: 23.282003
  type: 'test'
  ...
# Subtest: correction 4: the runtime switches its interior fixtures with the house lights
ok 81 - correction 4: the runtime switches its interior fixtures with the house lights
  ---
  duration_ms: 10.476548
  type: 'test'
  ...
# Subtest: correction 5: lobby ceiling panels light the room and the red accents out-luminate the wall
ok 82 - correction 5: lobby ceiling panels light the room and the red accents out-luminate the wall
  ---
  duration_ms: 33.757849
  type: 'test'
  ...
# Subtest: correction 6: the corridor is lit by its own warm strips, and stays the dim rung
ok 83 - correction 6: the corridor is lit by its own warm strips, and stays the dim rung
  ---
  duration_ms: 25.691311
  type: 'test'
  ...
# Subtest: correction 7: the rim light rims edges and never tints a roof plane or a wall green
ok 84 - correction 7: the rim light rims edges and never tints a roof plane or a wall green
  ---
  duration_ms: 0.679328
  type: 'test'
  ...
# Subtest: correction 8: the facade preset places the building instead of stranding it
ok 85 - correction 8: the facade preset places the building instead of stranding it
  ---
  duration_ms: 14.093251
  type: 'test'
  ...
# Subtest: correction 9: the lobby preset frames the entrance/concession axis, not a bare corner
ok 86 - correction 9: the lobby preset frames the entrance/concession axis, not a bare corner
  ---
  duration_ms: 0.992518
  type: 'test'
  ...
# Subtest: correction 10: the interior presets are capped by a dark ceiling, except in engineering
ok 87 - correction 10: the interior presets are capped by a dark ceiling, except in engineering
  ---
  duration_ms: 14.980626
  type: 'test'
  ...
# Subtest: correction 11: every emission channel is brighter with the lights on than with them off
ok 88 - correction 11: every emission channel is brighter with the lights on than with them off
  ---
  duration_ms: 1.232715
  type: 'test'
  ...
# Subtest: correction 12: the shell panels break their highlight up across the elevation
ok 89 - correction 12: the shell panels break their highlight up across the elevation
  ---
  duration_ms: 0.947496
  type: 'test'
  ...
# Subtest: correction 13: the engineering fill is raised so TC300 labels stay legible
ok 90 - correction 13: the engineering fill is raised so TC300 labels stay legible
  ---
  duration_ms: 0.328799
  type: 'test'
  ...
# Subtest: the lighting zone of a surface is derived from the plan bands, never hand-tagged
ok 91 - the lighting zone of a surface is derived from the plan bands, never hand-tagged
  ---
  duration_ms: 0.781453
  type: 'test'
  ...
# Subtest: light_state is a deterministic query state and only touches the emission channels
ok 92 - light_state is a deterministic query state and only touches the emission channels
  ---
  duration_ms: 4.578055
  type: 'test'
  ...
# Subtest: correction: RS-485 renders as saturated spec green rather than a blown-out mint halo
ok 93 - correction: RS-485 renders as saturated spec green rather than a blown-out mint halo
  ---
  duration_ms: 0.325736
  type: 'test'
  ...
# Subtest: correction: LoRaWAN stays in the blue family and reads as a dash, never as a white bead
ok 94 - correction: LoRaWAN stays in the blue family and reads as a dash, never as a white bead
  ---
  duration_ms: 0.574731
  type: 'test'
  ...
# Subtest: correction: the emissive media still out-luminates the translucent engineering shell
ok 95 - correction: the emissive media still out-luminates the translucent engineering shell
  ---
  duration_ms: 0.224854
  type: 'test'
  ...
# Subtest: correction: stacked translucent shell layers cannot accumulate into milky ghosting
ok 96 - correction: stacked translucent shell layers cannot accumulate into milky ghosting
  ---
  duration_ms: 18.855906
  type: 'test'
  ...
# Subtest: correction: the material registry applies the derived shell opacity in engineering mode
ok 97 - correction: the material registry applies the derived shell opacity in engineering mode
  ---
  duration_ms: 1.089636
  type: 'test'
  ...
# Subtest: correction: the TC300 status ring reads as a lit device without inflating the housing
ok 98 - correction: the TC300 status ring reads as a lit device without inflating the housing
  ---
  duration_ms: 13.665335
  type: 'test'
  ...
# Subtest: correction: the endpoint owning the active preset zone is labelled at that preset
ok 99 - correction: the endpoint owning the active preset zone is labelled at that preset
  ---
  duration_ms: 10.289159
  type: 'test'
  ...
# Subtest: correction: the reframed concessions preset holds both its service line and TC300-02
ok 100 - correction: the reframed concessions preset holds both its service line and TC300-02
  ---
  duration_ms: 0.301587
  type: 'test'
  ...
# Subtest: attempt 3 — every sampled surface is a real box the builder emits in that zone
ok 101 - attempt 3 — every sampled surface is a real box the builder emits in that zone
  ---
  duration_ms: 17.907561
  type: 'test'
  ...
# Subtest: attempt 3 correction 1: the corridor is a REAL tier — no structural surface is black
ok 102 - attempt 3 correction 1: the corridor is a REAL tier — no structural surface is black
  ---
  duration_ms: 1.886232
  type: 'test'
  ...
# Subtest: attempt 3 correction 2: the auditorium seat blocks are CARVED OUT, not erased
ok 103 - attempt 3 correction 2: the auditorium seat blocks are CARVED OUT, not erased
  ---
  duration_ms: 1.517487
  type: 'test'
  ...
# Subtest: attempt 3 correction 3: emissive exit signs exist INSIDE the auditoriums and are framed
ok 104 - attempt 3 correction 3: emissive exit signs exist INSIDE the auditoriums and are framed
  ---
  duration_ms: 9.869542
  type: 'test'
  ...
# Subtest: attempt 3 correction 4: the marquee is a REAL emission channel and its spill dies with it
ok 105 - attempt 3 correction 4: the marquee is a REAL emission channel and its spill dies with it
  ---
  duration_ms: 12.330057
  type: 'test'
  ...
# Subtest: attempt 3 correction 5 + 6: the facade fills the frame and the elevation has falloff
ok 106 - attempt 3 correction 5 + 6: the facade fills the frame and the elevation has falloff
  ---
  duration_ms: 1.042946
  type: 'test'
  ...
# Subtest: attempt 3 correction 7 + 8: the lobby ceiling is a lit surface and the corridor end wall is not unlit
ok 107 - attempt 3 correction 7 + 8: the lobby ceiling is a lit surface and the corridor end wall is not unlit
  ---
  duration_ms: 9.449671
  type: 'test'
  ...
# Subtest: attempt 3 correction 9: the engineering fill separates device markers from the shell
ok 108 - attempt 3 correction 9: the engineering fill separates device markers from the shell
  ---
  duration_ms: 2.858599
  type: 'test'
  ...
# Subtest: attempt 3: the four-tier ladder is monotone AND every tier stays out of the black
ok 109 - attempt 3: the four-tier ladder is monotone AND every tier stays out of the black
  ---
  duration_ms: 1.537023
  type: 'test'
  ...
# Subtest: attempt 3: the corridor side walls are lit as CORRIDOR, not as auditorium
ok 110 - attempt 3: the corridor side walls are lit as CORRIDOR, not as auditorium
  ---
  duration_ms: 10.188034
  type: 'test'
  ...
# Subtest: attempt 3: the light count stays inside budget
ok 111 - attempt 3: the light count stays inside budget
  ---
  duration_ms: 0.450891
  type: 'test'
  ...
# Subtest: L2 — every sampled surface is a real box the builder emits in that zone
ok 112 - L2 — every sampled surface is a real box the builder emits in that zone
  ---
  duration_ms: 18.134881
  type: 'test'
  ...
# Subtest: L2 — the four-surface contract: every zone is sampled on ceiling, floor, wall and door
ok 113 - L2 — the four-surface contract: every zone is sampled on ceiling, floor, wall and door
  ---
  duration_ms: 1.045928
  type: 'test'
  ...
# Subtest: L2 — house lights are GLOBAL: a fixture lights every surface in range, not only its own zone
ok 114 - L2 — house lights are GLOBAL: a fixture lights every surface in range, not only its own zone
  ---
  duration_ms: 0.655453
  type: 'test'
  ...
# Subtest: L2 CORRECTION 1 — the auditorium ceiling is the DARKEST ceiling in the building
ok 115 - L2 CORRECTION 1 — the auditorium ceiling is the DARKEST ceiling in the building
  ---
  duration_ms: 1.177174
  type: 'test'
  ...
# Subtest: L2 CORRECTION 1 — no auditorium surface exceeds the corridor's brightest surface
ok 116 - L2 CORRECTION 1 — no auditorium surface exceeds the corridor's brightest surface
  ---
  duration_ms: 1.525817
  type: 'test'
  ...
# Subtest: L2 CORRECTION 1 — the ladder holds SURFACE BY SURFACE, on one albedo at a time
ok 117 - L2 CORRECTION 1 — the ladder holds SURFACE BY SURFACE, on one albedo at a time
  ---
  duration_ms: 1.368429
  type: 'test'
  ...
# Subtest: L2 CORRECTION 1 + 2 — dim is not black: every zone holds a minimum floor
ok 118 - L2 CORRECTION 1 + 2 — dim is not black: every zone holds a minimum floor
  ---
  duration_ms: 1.345066
  type: 'test'
  ...
# Subtest: L2 CORRECTION 2 — the auditorium is CARVED by its aisle LEDs, exit signs and screen bounce
ok 119 - L2 CORRECTION 2 — the auditorium is CARVED by its aisle LEDs, exit signs and screen bounce
  ---
  duration_ms: 0.536743
  type: 'test'
  ...
# Subtest: L2 CORRECTION 3 — the in-room exit signs present a READABLE face to the sala cameras
ok 120 - L2 CORRECTION 3 — the in-room exit signs present a READABLE face to the sala cameras
  ---
  duration_ms: 10.284081
  type: 'test'
  ...
# Subtest: L2 CORRECTION 4 — the facade FILLS the frame and the marquee is not clipped
ok 121 - L2 CORRECTION 4 — the facade FILLS the frame and the marquee is not clipped
  ---
  duration_ms: 0.509543
  type: 'test'
  ...
# Subtest: L2 CORRECTION 5 — the forecourt is a POOL that dies with the house lights
ok 122 - L2 CORRECTION 5 — the forecourt is a POOL that dies with the house lights
  ---
  duration_ms: 0.598609
  type: 'test'
  ...
# Subtest: L2 CORRECTION 6 — the shell and the plaza break their specular up across the elevation
ok 123 - L2 CORRECTION 6 — the shell and the plaza break their specular up across the elevation
  ---
  duration_ms: 9.508429
  type: 'test'
  ...
# Subtest: L2 CORRECTION 7 — the lobby FLOOR is gated on the house-light channel
ok 124 - L2 CORRECTION 7 — the lobby FLOOR is gated on the house-light channel
  ---
  duration_ms: 0.438592
  type: 'test'
  ...
# Subtest: L2 CORRECTION 8 — the engineering neutral fill lifts the shell off the background
ok 125 - L2 CORRECTION 8 — the engineering neutral fill lifts the shell off the background
  ---
  duration_ms: 2.786586
  type: 'test'
  ...
# Subtest: L2 — the light count went DOWN, not up
ok 126 - L2 — the light count went DOWN, not up
  ---
  duration_ms: 0.223745
  type: 'test'
  ...
# Subtest: final material response calibration publishes a physically separated shell palette
ok 127 - final material response calibration publishes a physically separated shell palette
  ---
  duration_ms: 7.710172
  type: 'test'
  ...
# Subtest: registry creates shared procedural response maps instead of graphic textures
ok 128 - registry creates shared procedural response maps instead of graphic textures
  ---
  duration_ms: 5.193547
  type: 'test'
  ...
# Subtest: registry shares canonical and dynamic materials without per-instance churn
ok 129 - registry shares canonical and dynamic materials without per-instance churn
  ---
  duration_ms: 15.405964
  type: 'test'
  ...
# Subtest: engineering mode makes every registered shell material translucent and restores defaults
ok 130 - engineering mode makes every registered shell material translucent and restores defaults
  ---
  duration_ms: 3.525899
  type: 'test'
  ...
# Subtest: registry disposes each shared material exactly once even through aliases
ok 131 - registry disposes each shared material exactly once even through aliases
  ---
  duration_ms: 3.558912
  type: 'test'
  ...
# Subtest: network schematic derives the exact canonical topology without becoming physical truth
ok 132 - network schematic derives the exact canonical topology without becoming physical truth
  ---
  duration_ms: 41.871272
  type: 'test'
  ...
# Subtest: network schematic rejects membership, media, shortcut and architecture-plan drift
ok 133 - network schematic rejects membership, media, shortcut and architecture-plan drift
  ---
  duration_ms: 20.058244
  type: 'test'
  ...
# Subtest: board front face points toward every camera that captures the diagram
ok 134 - board front face points toward every camera that captures the diagram
  ---
  duration_ms: 0.998783
  type: 'test'
  ...
# Subtest: detail camera frames the whole board on the portrait viewport the capture harness uses
ok 135 - detail camera frames the whole board on the portrait viewport the capture harness uses
  ---
  duration_ms: 0.704041
  type: 'test'
  ...
# Subtest: board layout keeps four LoRaWAN lanes separated, ordered and inside safe bounds
ok 136 - board layout keeps four LoRaWAN lanes separated, ordered and inside safe bounds
  ---
  duration_ms: 17.842561
  type: 'test'
  ...
# Subtest: board texture uses one 2048 × 840 sRGB CanvasTexture and renders canonical labels
ok 137 - board texture uses one 2048 × 840 sRGB CanvasTexture and renders canonical labels
  ---
  duration_ms: 7.384396
  type: 'test'
  ...
# Subtest: every edge of the canonical chain is drawn with its own arrowhead glyph
ok 138 - every edge of the canonical chain is drawn with its own arrowhead glyph
  ---
  duration_ms: 8.150301
  type: 'test'
  ...
# Subtest: every board edge leaves a visible stem, so its arrowhead reads as an arrow and not as a blob
ok 139 - every board edge leaves a visible stem, so its arrowhead reads as an arrow and not as a blob
  ---
  duration_ms: 3.286446
  type: 'test'
  ...
# Subtest: layout validation rejects a stemless arrowhead and a crowded node caption
ok 140 - layout validation rejects a stemless arrowhead and a crowded node caption
  ---
  duration_ms: 4.159238
  type: 'test'
  ...
# Subtest: the UG67 node captions keep clearance from every RF port caption
ok 141 - the UG67 node captions keep clearance from every RF port caption
  ---
  duration_ms: 3.689509
  type: 'test'
  ...
# Subtest: camera evidence policy shows one truth and restores physical detail outside the schematic view
ok 142 - camera evidence policy shows one truth and restores physical detail outside the schematic view
  ---
  duration_ms: 1.066952
  type: 'test'
  ...
# Subtest: query state has a stable canonical default and serializes in contract order
ok 143 - query state has a stable canonical default and serializes in contract order
  ---
  duration_ms: 14.57254
  type: 'test'
  ...
# Subtest: query state accepts a complete engineering inspection state
ok 144 - query state accepts a complete engineering inspection state
  ---
  duration_ms: 2.830039
  type: 'test'
  ...
# Subtest: query state accepts DesignSpec blockout camera and state vocabulary
ok 145 - query state accepts DesignSpec blockout camera and state vocabulary
  ---
  duration_ms: 1.071443
  type: 'test'
  ...
# Subtest: malformed query tokens fall back atomically and emit one warning
ok 146 - malformed query tokens fall back atomically and emit one warning
  ---
  duration_ms: 1.053569
  type: 'test'
  ...
# Subtest: camera controller applies presets and bounds first-person movement
ok 147 - camera controller applies presets and bounds first-person movement
  ---
  duration_ms: 2.074191
  type: 'test'
  ...
# Subtest: fixed evidence cameras frame targets tightly and apply their field of view
ok 148 - fixed evidence cameras frame targets tightly and apply their field of view
  ---
  duration_ms: 18.481623
  type: 'test'
  ...
# Subtest: structural evidence preserves grazing/network views and improves Sala 3 framing
ok 149 - structural evidence preserves grazing/network views and improves Sala 3 framing
  ---
  duration_ms: 1.248357
  type: 'test'
  ...
# Subtest: the scene still delivers neutral interior value after the look-dev rig is replaced
ok 150 - the scene still delivers neutral interior value after the look-dev rig is replaced
  ---
  duration_ms: 17.478868
  type: 'test'
  ...
# Subtest: materials realism reset adds a neutral PMREM response rig and restrained fill
ok 151 - materials realism reset adds a neutral PMREM response rig and restrained fill
  ---
  duration_ms: 5.565939
  type: 'test'
  ...
# Subtest: final materials attempt scopes exposure and key angle changes to the grazing look-dev camera
ok 152 - final materials attempt scopes exposure and key angle changes to the grazing look-dev camera
  ---
  duration_ms: 3.974681
  type: 'test'
  ...
# Subtest: query state accepts the DesignSpec grazing evidence camera
ok 153 - query state accepts the DesignSpec grazing evidence camera
  ---
  duration_ms: 0.914513
  type: 'test'
  ...
# Subtest: surface evidence frames parse and serialize deterministically
ok 154 - surface evidence frames parse and serialize deterministically
  ---
  duration_ms: 0.709568
  type: 'test'
  ...
# Subtest: materials pass accepts deterministic material state and reference-match camera
ok 155 - materials pass accepts deterministic material state and reference-match camera
  ---
  duration_ms: 0.193105
  type: 'test'
  ...
# Subtest: materials look-dev cameras match the DesignSpec neutral, grazing and reference views
ok 156 - materials look-dev cameras match the DesignSpec neutral, grazing and reference views
  ---
  duration_ms: 0.739214
  type: 'test'
  ...
# Subtest: structural attempt 3 accepts dedicated family, RS-485 and roof-service evidence cameras
ok 157 - structural attempt 3 accepts dedicated family, RS-485 and roof-service evidence cameras
  ---
  duration_ms: 0.279398
  type: 'test'
  ...
# Subtest: structural attempt 3 evidence cameras compare family masters and roof containment
ok 158 - structural attempt 3 evidence cameras compare family masters and roof containment
  ---
  duration_ms: 0.364131
  type: 'test'
  ...
# Subtest: materials grazing camera is a low facade and circulation three-quarter
ok 159 - materials grazing camera is a low facade and circulation three-quarter
  ---
  duration_ms: 0.314666
  type: 'test'
  ...
# Subtest: materials floor camera exposes public tile and corridor carpet in one finish comparison
ok 160 - materials floor camera exposes public tile and corridor carpet in one finish comparison
  ---
  duration_ms: 0.334107
  type: 'test'
  ...
# Subtest: layer controller switches modes, views and clipping without inventing assets
ok 161 - layer controller switches modes, views and clipping without inventing assets
  ---
  duration_ms: 1.104058
  type: 'test'
  ...
# Subtest: runtime caps DPR and creates empty semantic layer groups
ok 162 - runtime caps DPR and creates empty semantic layer groups
  ---
  duration_ms: 0.474108
  type: 'test'
  ...
# Subtest: HTML shell exposes Spanish project identity and semantic controls
ok 163 - HTML shell exposes Spanish project identity and semantic controls
  ---
  duration_ms: 9.462715
  type: 'test'
  ...
# Subtest: same seed and tick produce identical telemetry while another seed differs
ok 164 - same seed and tick produce identical telemetry while another seed differs
  ---
  duration_ms: 12.310536
  type: 'test'
  ...
# Subtest: normal telemetry stays bounded and changes slowly with occupancy and packet metrics
ok 165 - normal telemetry stays bounded and changes slowly with occupancy and packet metrics
  ---
  duration_ms: 3.231211
  type: 'test'
  ...
# Subtest: setpoints are configurable, clamped and do not mutate the prior snapshot
ok 166 - setpoints are configurable, clamped and do not mutate the prior snapshot
  ---
  duration_ms: 2.086284
  type: 'test'
  ...
# Subtest: fault injection is deterministic and restoring a fault rebuilds the nominal state
ok 167 - fault injection is deterministic and restoring a fault rebuilds the nominal state
  ---
  duration_ms: 12.142354
  type: 'test'
  ...
# Subtest: immutable store dispatches deterministic ticks, setpoints and reversible faults
ok 168 - immutable store dispatches deterministic ticks, setpoints and reversible faults
  ---
  duration_ms: 9.988163
  type: 'test'
  ...
# Subtest: board correction 1/3: every schematic edge carries an arrowhead longer edges than the glyph
ok 169 - board correction 1/3: every schematic edge carries an arrowhead longer edges than the glyph
  ---
  duration_ms: 6.812647
  type: 'test'
  ...
# Subtest: board correction 2: every caption fits inside its own box at the minimum legible size
ok 170 - board correction 2: every caption fits inside its own box at the minimum legible size
  ---
  duration_ms: 1.003458
  type: 'test'
  ...
# Subtest: board correction 4: the bridge pill sits clear of the UG67 node and four RF ports are labelled
ok 171 - board correction 4: the bridge pill sits clear of the UG67 node and four RF ports are labelled
  ---
  duration_ms: 12.703176
  type: 'test'
  ...
# Subtest: correction 5: network media stay above the legibility floor at the complete-network camera
ok 172 - correction 5: network media stay above the legibility floor at the complete-network camera
  ---
  duration_ms: 2.15683
  type: 'test'
  ...
# Subtest: correction 6: the external Ethernet run connects UG67 to router, internet, Niagara and clients
ok 173 - correction 6: the external Ethernet run connects UG67 to router, internet, Niagara and clients
  ---
  duration_ms: 3.547226
  type: 'test'
  ...
# Subtest: correction 7: lobby, concessions and kitchen sit inside the public band with the roof clipped
ok 174 - correction 7: lobby, concessions and kitchen sit inside the public band with the roof clipped
  ---
  duration_ms: 2.457164
  type: 'test'
  ...
# Subtest: correction 8: technical labels are engineering-only unless labels are explicitly requested
ok 175 - correction 8: technical labels are engineering-only unless labels are explicitly requested
  ---
  duration_ms: 2.573658
  type: 'test'
  ...
# Subtest: correction 9: the facade poster bank owns four generated panels that change between frames
ok 176 - correction 9: the facade poster bank owns four generated panels that change between frames
  ---
  duration_ms: 4.836906
  type: 'test'
  ...
# Subtest: correction 10: menu boards are counter-scaled and mounted on the service back wall
ok 177 - correction 10: menu boards are counter-scaled and mounted on the service back wall
  ---
  duration_ms: 4.290342
  type: 'test'
  ...
# Subtest: correction 11: POS, snack machine and corridor wayfinding cues are generated geometry
ok 178 - correction 11: POS, snack machine and corridor wayfinding cues are generated geometry
  ---
  duration_ms: 4.769001
  type: 'test'
  ...
# Subtest: correction 12: auditorium side walls receive a charcoal acoustic lining
ok 179 - correction 12: auditorium side walls receive a charcoal acoustic lining
  ---
  duration_ms: 3.361405
  type: 'test'
  ...
# Subtest: correction 13: engineering contrast lowers seat and zone bleed and lifts media emission
ok 180 - correction 13: engineering contrast lowers seat and zone bleed and lifts media emission
  ---
  duration_ms: 2.638142
  type: 'test'
  ...
# Subtest: correction 1: every TC300 is a surface device with a dark-glass face and a blue status ring
ok 181 - correction 1: every TC300 is a surface device with a dark-glass face and a blue status ring
  ---
  duration_ms: 129.841383
  type: 'test'
  ...
# Subtest: correction 1: TC300 ID chips are readable and distance-culled at the five evidence presets
ok 182 - correction 1: TC300 ID chips are readable and distance-culled at the five evidence presets
  ---
  duration_ms: 6.588315
  type: 'test'
  ...
# Subtest: correction 2: every RS-485 drop terminates on the TC300 face behind a terminal gland
ok 183 - correction 2: every RS-485 drop terminates on the TC300 face behind a terminal gland
  ---
  duration_ms: 30.63739
  type: 'test'
  ...
# Subtest: correction 3: the diagram board occludes neither the shell nor the Ethernet run at complete-network
ok 184 - correction 3: the diagram board occludes neither the shell nor the Ethernet run at complete-network
  ---
  duration_ms: 4.691196
  type: 'test'
  ...
# Subtest: correction 4: LoRaWAN reads dashed and cyan while Ethernet stays a continuous, deeper blue tube
ok 185 - correction 4: LoRaWAN reads dashed and cyan while Ethernet stays a continuous, deeper blue tube
  ---
  duration_ms: 32.137978
  type: 'test'
  ...
# Subtest: correction 5: the RS-485 conductor is exposed beside its tray, at any evidence media scale
ok 186 - correction 5: the RS-485 conductor is exposed beside its tray, at any evidence media scale
  ---
  duration_ms: 20.952489
  type: 'test'
  ...
# Subtest: correction 6: the UG67 RF tick marks belong to engineering only
ok 187 - correction 6: the UG67 RF tick marks belong to engineering only
  ---
  duration_ms: 20.632224
  type: 'test'
  ...
# Subtest: correction 7: the UG67 node captions and the RF port captions never overlap
ok 188 - correction 7: the UG67 node captions and the RF port captions never overlap
  ---
  duration_ms: 2.420171
  type: 'test'
  ...
# Subtest: correction 8: the facade preset frames the entire poster bank in both poster frames
ok 189 - correction 8: the facade preset frames the entire poster bank in both poster frames
  ---
  duration_ms: 2.0188
  type: 'test'
  ...
# Subtest: correction 9: the concession counter carries popcorn and refrigeration displays
ok 190 - correction 9: the concession counter carries popcorn and refrigeration displays
  ---
  duration_ms: 16.129664
  type: 'test'
  ...
# Subtest: correction 9: the lobby preset centres the ticketing and kiosk cluster
ok 191 - correction 9: the lobby preset centres the ticketing and kiosk cluster
  ---
  duration_ms: 1.835591
  type: 'test'
  ...
# Subtest: surface plan owns every required shell detail without protected film content
ok 192 - surface plan owns every required shell detail without protected film content
  ---
  duration_ms: 9.817206
  type: 'test'
  ...
# Subtest: surface placement contract rejects giant, non-finite or wrongly parented planes
ok 193 - surface placement contract rejects giant, non-finite or wrongly parented planes
  ---
  duration_ms: 2.389043
  type: 'test'
  ...
# Subtest: surface correction caps one route-attached arrowhead without lateral or vertical float
ok 194 - surface correction caps one route-attached arrowhead without lateral or vertical float
  ---
  duration_ms: 0.936904
  type: 'test'
  ...
# Subtest: surface correction anchors the cone base on the sampled route and follows its 3D tangent
ok 195 - surface correction anchors the cone base on the sampled route and follows its 3D tangent
  ---
  duration_ms: 1.316865
  type: 'test'
  ...
# Subtest: surface correction preserves route contact while scaling arrows into the screen-space band
ok 196 - surface correction preserves route contact while scaling arrows into the screen-space band
  ---
  duration_ms: 1.438599
  type: 'test'
  ...
# Subtest: surface correction samples LoRa direction markers on rendered dash intervals
ok 197 - surface correction samples LoRa direction markers on rendered dash intervals
  ---
  duration_ms: 1.147146
  type: 'test'
  ...
# Subtest: surface correction rejects wide, crowded or duplicate projected route markers
ok 198 - surface correction rejects wide, crowded or duplicate projected route markers
  ---
  duration_ms: 2.266177
  type: 'test'
  ...
# Subtest: complete-network uses endpoint hierarchy and four TC rollups while dedicated RS-485 retains every thermostat
ok 199 - complete-network uses endpoint hierarchy and four TC rollups while dedicated RS-485 retains every thermostat
  ---
  duration_ms: 0.801628
  type: 'test'
  ...
# Subtest: complete-network preset keeps endpoint evidence inside margins with useful occupancy
ok 200 - complete-network preset keeps endpoint evidence inside margins with useful occupancy
  ---
  duration_ms: 1.665741
  type: 'test'
  ...
# Subtest: corridor surface camera stays below roof members and focuses wayfinding height
ok 201 - corridor surface camera stays below roof members and focuses wayfinding height
  ---
  duration_ms: 1.347783
  type: 'test'
  ...
# Subtest: surface atlas is one deterministic shared sRGB mipmapped texture with bounded anisotropy
ok 202 - surface atlas is one deterministic shared sRGB mipmapped texture with bounded anisotropy
  ---
  duration_ms: 7.756024
  type: 'test'
  ...
# Subtest: surface integration uses one atlas and deterministic poster/display query frames
ok 203 - surface integration uses one atlas and deterministic poster/display query frames
  ---
  duration_ms: 30.904646
  type: 'test'
  ...
# Subtest: UC100 membership contains every thermostat exactly once and matches the canonical groups
ok 204 - UC100 membership contains every thermostat exactly once and matches the canonical groups
  ---
  duration_ms: 6.246927
  type: 'test'
  ...
# Subtest: a thermostat trace uses RS-485, LoRaWAN and Ethernet in canonical order
ok 205 - a thermostat trace uses RS-485, LoRaWAN and Ethernet in canonical order
  ---
  duration_ms: 1.318893
  type: 'test'
  ...
# Subtest: topology validation rejects direct TC300-to-UG67 shortcuts and incorrect media
ok 206 - topology validation rejects direct TC300-to-UG67 shortcuts and incorrect media
  ---
  duration_ms: 6.470008
  type: 'test'
  ...
# Subtest: reachability isolates failures to dependent paths and identifies the cause
ok 207 - reachability isolates failures to dependent paths and identifies the cause
  ---
  duration_ms: 1.085254
  type: 'test'
  ...
# Subtest: all configured nodes can reach Niagara without inventing reverse or shortcut links
ok 208 - all configured nodes can reach Niagara without inventing reverse or shortcut links
  ---
  duration_ms: 0.842741
  type: 'test'
  ...
# Subtest: topology validation rejects every extra edge, including non-TC shortcuts
ok 209 - topology validation rejects every extra edge, including non-TC shortcuts
  ---
  duration_ms: 2.642768
  type: 'test'
  ...
# Subtest: topology validation rejects missing edges and endpoint or type mutations
ok 210 - topology validation rejects missing edges and endpoint or type mutations
  ---
  duration_ms: 6.914499
  type: 'test'
  ...
# Subtest: topology validation rejects a native-driver claim replacing the conceptual Niagara label
ok 211 - topology validation rejects a native-driver claim replacing the conceptual Niagara label
  ---
  duration_ms: 1.399834
  type: 'test'
  ...
1..211
# tests 211
# suites 0
# pass 211
# fail 0
# cancelled 0
# skipped 0
# todo 0
# duration_ms 976.205186
