TAP version 13
# Subtest: surface plan owns every required shell detail without protected film content
ok 1 - surface plan owns every required shell detail without protected film content
  ---
  duration_ms: 6.24755
  type: 'test'
  ...
# Subtest: surface placement contract rejects giant, non-finite or wrongly parented planes
ok 2 - surface placement contract rejects giant, non-finite or wrongly parented planes
  ---
  duration_ms: 1.132911
  type: 'test'
  ...
# Subtest: surface direction markers are terminal-adjacent and visually distinct from route dashes
ok 3 - surface direction markers are terminal-adjacent and visually distinct from route dashes
  ---
  duration_ms: 0.414449
  type: 'test'
  ...
# Subtest: surface atlas is one deterministic shared sRGB mipmapped texture with bounded anisotropy
ok 4 - surface atlas is one deterministic shared sRGB mipmapped texture with bounded anisotropy
  ---
  duration_ms: 2.195561
  type: 'test'
  ...
# Subtest: surface integration uses one atlas and deterministic poster/display query frames
ok 5 - surface integration uses one atlas and deterministic poster/display query frames
  ---
  duration_ms: 10.950771
  type: 'test'
  ...
1..5
# tests 5
# suites 0
# pass 5
# fail 0
# cancelled 0
# skipped 0
# todo 0
# duration_ms 248.899357
