TAP version 13
# Subtest: shell plan preserves the 60 by 45 metre footprint and exact depth bands
ok 1 - shell plan preserves the 60 by 45 metre footprint and exact depth bands
  ---
  duration_ms: 13.135544
  type: 'test'
  ...
# Subtest: shell plan exposes four auditorium portals per side in stable room order
ok 2 - shell plan exposes four auditorium portals per side in stable room order
  ---
  duration_ms: 3.819189
  type: 'test'
  ...
# Subtest: auditorium perimeter walls rise to each configured family height
ok 3 - auditorium perimeter walls rise to each configured family height
  ---
  duration_ms: 3.459152
  type: 'test'
  ...
# Subtest: rear technical rooms remain disjoint from the service circulation strip
ok 4 - rear technical rooms remain disjoint from the service circulation strip
  ---
  duration_ms: 1.245733
  type: 'test'
  ...
# Subtest: facade plan includes a red marquee, legible identity mass and accessible entrance bank
ok 5 - facade plan includes a red marquee, legible identity mass and accessible entrance bank
  ---
  duration_ms: 1.644282
  type: 'test'
  ...
# Subtest: blockout correction exposes countable auditorium and front-of-house proxies
ok 6 - blockout correction exposes countable auditorium and front-of-house proxies
  ---
  duration_ms: 1.512349
  type: 'test'
  ...
# Subtest: final blockout retry repeats three categorical auditorium family profiles
ok 7 - final blockout retry repeats three categorical auditorium family profiles
  ---
  duration_ms: 1.783974
  type: 'test'
  ...
# Subtest: every auditorium proxy declares continuous aisle and a visibly empty wheelchair notch
ok 8 - every auditorium proxy declares continuous aisle and a visibly empty wheelchair notch
  ---
  duration_ms: 3.566468
  type: 'test'
  ...
# Subtest: Sala 3 RS-485 trunk is lowered and routed along the corridor edge
ok 9 - Sala 3 RS-485 trunk is lowered and routed along the corridor edge
  ---
  duration_ms: 1.645639
  type: 'test'
  ...
# Subtest: blockout correction exposes exact endpoint and media proxy counts
ok 10 - blockout correction exposes exact endpoint and media proxy counts
  ---
  duration_ms: 1.968996
  type: 'test'
  ...
# Subtest: application composition wires only the surface shell asset builder into the runtime
ok 11 - application composition wires only the surface shell asset builder into the runtime
  ---
  duration_ms: 13.625336
  type: 'test'
  ...
# Subtest: silhouette reset exposes one-view room, family, FOH and rear-strip billboards
not ok 12 - silhouette reset exposes one-view room, family, FOH and rear-strip billboards
  ---
  duration_ms: 9.973132
  type: 'test'
  location: '/home/cristian/prototipos/three.js/disenos/cinemex-hvac-lorawan/tests/architecture.test.mjs:204:1'
  failureType: 'testCodeFailure'
  error: |-
    Expected values to be strictly equal:
    + actual - expected
    
    + {
    +   accent: '#38bdf8',
    +   billboard: true,
    +   halo: true,
    +   id: 'sala-3-wheelchair-label',
    +   kind: 'wheelchair-void',
    +   layer: 'labels',
    +   metadata: {
    +     assetId: 'shell-circulation-facade',
    +     entityId: 'sala-3-wheelchair-label',
    +     kind: 'wheelchair-void-billboard',
    +     pass: 'blockout',
    +     requirementIds: [
    +       'CIN-ARCH-001',
    +       'HVAC-IOT-003'
    +     ],
    +     temporaryProxy: true
    +   },
    +   position: [
    +     -11.2,
    +     1.15,
    +     -7.1
    +   ],
    +   scale: [
    +     1.8,
    +     0.45
    +   ],
    +   text: 'WC VOID',
    +   visibilityScope: 'sala-3'
    + }
    - undefined
    
  code: 'ERR_ASSERTION'
  name: 'AssertionError'
  actual:
    id: 'sala-3-wheelchair-label'
    kind: 'wheelchair-void'
    text: 'WC VOID'
    position:
      0: -11.2
      1: 1.15
      2: -7.1
    scale:
      0: 1.8
      1: 0.45
    layer: 'labels'
    accent: '#38bdf8'
    billboard: true
    halo: true
    visibilityScope: 'sala-3'
    metadata:
      entityId: 'sala-3-wheelchair-label'
      assetId: 'shell-circulation-facade'
      kind: 'wheelchair-void-billboard'
      requirementIds:
        0: 'CIN-ARCH-001'
        1: 'HVAC-IOT-003'
      pass: 'blockout'
      temporaryProxy: true
  operator: 'strictEqual'
  stack: |-
    TestContext.<anonymous> (file:///home/cristian/prototipos/three.js/disenos/cinemex-hvac-lorawan/tests/architecture.test.mjs:220:10)
    Test.runInAsyncScope (node:async_hooks:214:14)
    Test.run (node:internal/test_runner/test:1047:25)
    Test.processPendingSubtests (node:internal/test_runner/test:744:18)
    Test.postRun (node:internal/test_runner/test:1173:19)
    Test.run (node:internal/test_runner/test:1101:12)
    async Test.processPendingSubtests (node:internal/test_runner/test:744:7)
  ...
# Subtest: silhouette reset keeps device geometry true-scale and adds countable halo labels
ok 13 - silhouette reset keeps device geometry true-scale and adds countable halo labels
  ---
  duration_ms: 1.998859
  type: 'test'
  ...
# Subtest: silhouette reset separates FOH silhouettes and leaves checkpoint access open
ok 14 - silhouette reset separates FOH silhouettes and leaves checkpoint access open
  ---
  duration_ms: 1.583014
  type: 'test'
  ...
# Subtest: silhouette reset spreads LoRa lanes and the external client fan without changing semantics
ok 15 - silhouette reset spreads LoRa lanes and the external client fan without changing semantics
  ---
  duration_ms: 1.20838
  type: 'test'
  ...
# Subtest: structural plan declares buildable slab, wall and family-height roof sections
ok 16 - structural plan declares buildable slab, wall and family-height roof sections
  ---
  duration_ms: 1.519733
  type: 'test'
  ...
# Subtest: structural plan uses true framed openings for auditorium and emergency doors
ok 17 - structural plan uses true framed openings for auditorium and emergency doors
  ---
  duration_ms: 1.033697
  type: 'test'
  ...
# Subtest: structural facade has five framed glazed entries with an accessible centre opening and supported signage
ok 18 - structural facade has five framed glazed entries with an accessible centre opening and supported signage
  ---
  duration_ms: 2.592935
  type: 'test'
  ...
# Subtest: structural rear technical rooms have walls and doors opening into the disjoint service corridor
ok 19 - structural rear technical rooms have walls and doors opening into the disjoint service corridor
  ---
  duration_ms: 0.84137
  type: 'test'
  ...
# Subtest: structural containment exposes owned contact-coherent sockets without physical LoRa geometry
ok 20 - structural containment exposes owned contact-coherent sockets without physical LoRa geometry
  ---
  duration_ms: 0.79106
  type: 'test'
  ...
# Subtest: structural device bodies use documented real dimensions while labels provide legibility
ok 21 - structural device bodies use documented real dimensions while labels provide legibility
  ---
  duration_ms: 0.676414
  type: 'test'
  ...
# Subtest: structural evidence corrections improve front labels and technical anchor spread
ok 22 - structural evidence corrections improve front labels and technical anchor spread
  ---
  duration_ms: 0.895525
  type: 'test'
  ...
# Subtest: materials realism reset uses charcoal frames, neutral later-asset proxies, and a true labels layer
ok 23 - materials realism reset uses charcoal frames, neutral later-asset proxies, and a true labels layer
  ---
  duration_ms: 7.032954
  type: 'test'
  ...
# Subtest: structural attempt 2 joins the kitchen hood outlet to a visible vertical extract duct
ok 24 - structural attempt 2 joins the kitchen hood outlet to a visible vertical extract duct
  ---
  duration_ms: 1.72841
  type: 'test'
  ...
# Subtest: structural attempt 2 makes every public, auditorium and emergency opening contact-readable
ok 25 - structural attempt 2 makes every public, auditorium and emergency opening contact-readable
  ---
  duration_ms: 1.573825
  type: 'test'
  ...
# Subtest: structural attempt 2 aligns the accessible forecourt route and fully attaches facade supports
ok 26 - structural attempt 2 aligns the accessible forecourt route and fully attaches facade supports
  ---
  duration_ms: 1.478217
  type: 'test'
  ...
# Subtest: structural attempt 2 containment runs terminal-to-terminal through visible junctions and sleeves
ok 27 - structural attempt 2 containment runs terminal-to-terminal through visible junctions and sleeves
  ---
  duration_ms: 1.765659
  type: 'test'
  ...
# Subtest: structural attempt 2 exposes geometry-only 2/4/2 family profiles and human scale references
ok 28 - structural attempt 2 exposes geometry-only 2/4/2 family profiles and human scale references
  ---
  duration_ms: 1.71265
  type: 'test'
  ...
# Subtest: structural attempt 3 gives every family master comparable cinema-specific geometry
ok 29 - structural attempt 3 gives every family master comparable cinema-specific geometry
  ---
  duration_ms: 2.989543
  type: 'test'
  ...
# Subtest: structural attempt 3 keeps all RS-485 routes tray-backed and terminal complete
ok 30 - structural attempt 3 keeps all RS-485 routes tray-backed and terminal complete
  ---
  duration_ms: 1.126824
  type: 'test'
  ...
# Subtest: structural attempt 3 roof services overlap plenums, mains and owned sleeves
ok 31 - structural attempt 3 roof services overlap plenums, mains and owned sleeves
  ---
  duration_ms: 0.810028
  type: 'test'
  ...
# Subtest: query state has a stable canonical default and serializes in contract order
ok 32 - query state has a stable canonical default and serializes in contract order
  ---
  duration_ms: 5.633163
  type: 'test'
  ...
# Subtest: query state accepts a complete engineering inspection state
ok 33 - query state accepts a complete engineering inspection state
  ---
  duration_ms: 0.88747
  type: 'test'
  ...
# Subtest: query state accepts DesignSpec blockout camera and state vocabulary
ok 34 - query state accepts DesignSpec blockout camera and state vocabulary
  ---
  duration_ms: 0.718769
  type: 'test'
  ...
# Subtest: malformed query tokens fall back atomically and emit one warning
ok 35 - malformed query tokens fall back atomically and emit one warning
  ---
  duration_ms: 1.062003
  type: 'test'
  ...
# Subtest: camera controller applies presets and bounds first-person movement
ok 36 - camera controller applies presets and bounds first-person movement
  ---
  duration_ms: 1.460362
  type: 'test'
  ...
# Subtest: fixed evidence cameras frame targets tightly and apply their field of view
ok 37 - fixed evidence cameras frame targets tightly and apply their field of view
  ---
  duration_ms: 0.565284
  type: 'test'
  ...
# Subtest: structural evidence preserves grazing/network views and improves Sala 3 framing
not ok 38 - structural evidence preserves grazing/network views and improves Sala 3 framing
  ---
  duration_ms: 3.862064
  type: 'test'
  location: '/home/cristian/prototipos/three.js/disenos/cinemex-hvac-lorawan/tests/shell.test.mjs:184:1'
  failureType: 'testCodeFailure'
  error: |-
    Expected values to be strictly deep-equal:
    + actual - expected
    
      [
    +   -5.2,
    +   4.6,
    -   -8.2,
    -   5.8,
        -8.95
      ]
    
  code: 'ERR_ASSERTION'
  name: 'AssertionError'
  expected:
    0: -8.2
    1: 5.8
    2: -8.95
  actual:
    0: -5.2
    1: 4.6
    2: -8.95
  operator: 'deepStrictEqual'
  stack: |-
    TestContext.<anonymous> (file:///home/cristian/prototipos/three.js/disenos/cinemex-hvac-lorawan/tests/shell.test.mjs:196:12)
    Test.runInAsyncScope (node:async_hooks:214:14)
    Test.run (node:internal/test_runner/test:1047:25)
    Test.processPendingSubtests (node:internal/test_runner/test:744:18)
    Test.postRun (node:internal/test_runner/test:1173:19)
    Test.run (node:internal/test_runner/test:1101:12)
    async Test.processPendingSubtests (node:internal/test_runner/test:744:7)
  ...
# Subtest: structural attempt 2 raises neutral scene value without entering the final lighting pass
ok 39 - structural attempt 2 raises neutral scene value without entering the final lighting pass
  ---
  duration_ms: 15.93714
  type: 'test'
  ...
# Subtest: materials realism reset adds a neutral PMREM response rig and restrained facade fill
ok 40 - materials realism reset adds a neutral PMREM response rig and restrained facade fill
  ---
  duration_ms: 3.10285
  type: 'test'
  ...
# Subtest: final materials attempt scopes exposure and key angle changes to the grazing look-dev camera
ok 41 - final materials attempt scopes exposure and key angle changes to the grazing look-dev camera
  ---
  duration_ms: 2.771991
  type: 'test'
  ...
# Subtest: query state accepts the DesignSpec grazing evidence camera
ok 42 - query state accepts the DesignSpec grazing evidence camera
  ---
  duration_ms: 0.473913
  type: 'test'
  ...
# Subtest: surface evidence frames parse and serialize deterministically
ok 43 - surface evidence frames parse and serialize deterministically
  ---
  duration_ms: 0.55867
  type: 'test'
  ...
# Subtest: materials pass accepts deterministic material state and reference-match camera
ok 44 - materials pass accepts deterministic material state and reference-match camera
  ---
  duration_ms: 0.164394
  type: 'test'
  ...
# Subtest: materials look-dev cameras match the DesignSpec neutral, grazing and reference views
ok 45 - materials look-dev cameras match the DesignSpec neutral, grazing and reference views
  ---
  duration_ms: 0.325173
  type: 'test'
  ...
# Subtest: structural attempt 3 accepts dedicated family, RS-485 and roof-service evidence cameras
ok 46 - structural attempt 3 accepts dedicated family, RS-485 and roof-service evidence cameras
  ---
  duration_ms: 0.164054
  type: 'test'
  ...
# Subtest: structural attempt 3 evidence cameras compare family masters and roof containment
ok 47 - structural attempt 3 evidence cameras compare family masters and roof containment
  ---
  duration_ms: 0.234247
  type: 'test'
  ...
# Subtest: materials grazing camera is a low facade and circulation three-quarter
ok 48 - materials grazing camera is a low facade and circulation three-quarter
  ---
  duration_ms: 0.148893
  type: 'test'
  ...
# Subtest: materials floor camera exposes public tile and corridor carpet in one finish comparison
ok 49 - materials floor camera exposes public tile and corridor carpet in one finish comparison
  ---
  duration_ms: 0.319843
  type: 'test'
  ...
# Subtest: layer controller switches modes, views and clipping without inventing assets
ok 50 - layer controller switches modes, views and clipping without inventing assets
  ---
  duration_ms: 0.883319
  type: 'test'
  ...
# Subtest: runtime caps DPR and creates empty semantic layer groups
ok 51 - runtime caps DPR and creates empty semantic layer groups
  ---
  duration_ms: 0.480573
  type: 'test'
  ...
# Subtest: HTML shell exposes Spanish project identity and semantic controls
ok 52 - HTML shell exposes Spanish project identity and semantic controls
  ---
  duration_ms: 8.128954
  type: 'test'
  ...
# file:///home/cristian/prototipos/three.js/disenos/cinemex-hvac-lorawan/tests/surfaces.test.mjs:9
#   validateSurfacePlacements,
#   ^^^^^^^^^^^^^^^^^^^^^^^^^
# SyntaxError: The requested module '../src/scene/surfaces.js' does not provide an export named 'validateSurfacePlacements'
#     at ModuleJob._instantiate (node:internal/modules/esm/module_job:226:21)
#     at async ModuleJob.run (node:internal/modules/esm/module_job:335:5)
#     at async onImport.tracePromise.__proto__ (node:internal/modules/esm/loader:665:26)
#     at async asyncRunEntryPointWithESMLoader (node:internal/modules/run_main:117:5)
# Node.js v22.22.2
# Subtest: tests/surfaces.test.mjs
not ok 3 - tests/surfaces.test.mjs
  ---
  duration_ms: 194.113799
  type: 'test'
  location: '/home/cristian/prototipos/three.js/disenos/cinemex-hvac-lorawan/tests/surfaces.test.mjs:1:1'
  failureType: 'testCodeFailure'
  exitCode: 1
  signal: ~
  error: 'test failed'
  code: 'ERR_TEST_FAILURE'
  ...
1..53
# tests 53
# suites 0
# pass 50
# fail 3
# cancelled 0
# skipped 0
# todo 0
# duration_ms 373.830495
