TAP version 13
# Subtest: surface plan owns every required shell detail without protected film content
ok 1 - surface plan owns every required shell detail without protected film content
  ---
  duration_ms: 5.610609
  type: 'test'
  ...
# Subtest: surface atlas is one deterministic shared sRGB mipmapped texture with bounded anisotropy
not ok 2 - surface atlas is one deterministic shared sRGB mipmapped texture with bounded anisotropy
  ---
  duration_ms: 2.604072
  type: 'test'
  location: '/home/cristian/prototipos/three.js/disenos/cinemex-hvac-lorawan/tests/surfaces.test.mjs:53:1'
  failureType: 'testCodeFailure'
  error: 'wordmark atlas allocation must preserve a readable banner aspect'
  code: 'ERR_ASSERTION'
  name: 'AssertionError'
  expected: true
  actual: false
  operator: '=='
  stack: |-
    TestContext.<anonymous> (file:///home/cristian/prototipos/three.js/disenos/cinemex-hvac-lorawan/tests/surfaces.test.mjs:86:10)
    Test.runInAsyncScope (node:async_hooks:214:14)
    Test.run (node:internal/test_runner/test:1047:25)
    Test.processPendingSubtests (node:internal/test_runner/test:744:18)
    Test.postRun (node:internal/test_runner/test:1173:19)
    Test.run (node:internal/test_runner/test:1101:12)
    async startSubtestAfterBootstrap (node:internal/test_runner/harness:296:3)
  ...
# Subtest: surface integration uses one atlas and deterministic poster/display query frames
ok 3 - surface integration uses one atlas and deterministic poster/display query frames
  ---
  duration_ms: 13.4509
  type: 'test'
  ...
1..3
# tests 3
# suites 0
# pass 2
# fail 1
# cancelled 0
# skipped 0
# todo 0
# duration_ms 231.709505
