TAP version 13
# Subtest: surface plan owns every required shell detail without protected film content
ok 1 - surface plan owns every required shell detail without protected film content
  ---
  duration_ms: 4.259937
  type: 'test'
  ...
# Subtest: surface placement contract rejects giant, non-finite or wrongly parented planes
ok 2 - surface placement contract rejects giant, non-finite or wrongly parented planes
  ---
  duration_ms: 2.152553
  type: 'test'
  ...
# Subtest: surface direction markers are terminal-adjacent and visually distinct from route dashes
not ok 3 - surface direction markers are terminal-adjacent and visually distinct from route dashes
  ---
  duration_ms: 4.191317
  type: 'test'
  location: '/home/cristian/prototipos/three.js/disenos/cinemex-hvac-lorawan/tests/surfaces.test.mjs:75:1'
  failureType: 'testCodeFailure'
  error: |-
    Expected values to be strictly deep-equal:
    + actual - expected
    
      {
        armSize: [
    +     0.14,
    +     0.14,
    +     0.62
    -     0.18,
    -     0.18,
    -     0.82
        ],
        emissive: true,
    -   engineeringOpaque: true,
        hubSize: [
    +     0.24,
    +     0.18,
    +     0.24
    -     0.3,
    -     0.22,
    -     0.3
        ],
        materialKey: 'direction-amber',
        terminalT: 0.9,
        topologyImpact: false
      }
    
  code: 'ERR_ASSERTION'
  name: 'AssertionError'
  expected:
    materialKey: 'direction-amber'
    armSize:
      0: 0.18
      1: 0.18
      2: 0.82
    hubSize:
      0: 0.3
      1: 0.22
      2: 0.3
    terminalT: 0.9
    emissive: true
    engineeringOpaque: true
    topologyImpact: false
  actual:
    materialKey: 'direction-amber'
    armSize:
      0: 0.14
      1: 0.14
      2: 0.62
    hubSize:
      0: 0.24
      1: 0.18
      2: 0.24
    terminalT: 0.9
    emissive: true
    topologyImpact: false
  operator: 'deepStrictEqual'
  stack: |-
    TestContext.<anonymous> (file:///home/cristian/prototipos/three.js/disenos/cinemex-hvac-lorawan/tests/surfaces.test.mjs:76:10)
    Test.runInAsyncScope (node:async_hooks:214:14)
    Test.run (node:internal/test_runner/test:1047:25)
    Test.processPendingSubtests (node:internal/test_runner/test:744:18)
    Test.postRun (node:internal/test_runner/test:1173:19)
    Test.run (node:internal/test_runner/test:1101:12)
    async Test.processPendingSubtests (node:internal/test_runner/test:744:7)
  ...
# Subtest: surface atlas is one deterministic shared sRGB mipmapped texture with bounded anisotropy
ok 4 - surface atlas is one deterministic shared sRGB mipmapped texture with bounded anisotropy
  ---
  duration_ms: 2.119331
  type: 'test'
  ...
# Subtest: surface integration uses one atlas and deterministic poster/display query frames
ok 5 - surface integration uses one atlas and deterministic poster/display query frames
  ---
  duration_ms: 13.5019
  type: 'test'
  ...
1..5
# tests 5
# suites 0
# pass 4
# fail 1
# cancelled 0
# skipped 0
# todo 0
# duration_ms 213.508577
