=== surface-attempt1-facade-frame0 :: state=architecture&camera=facade&poster_frame=0&display_frame=0&labels=on&tick=0 ===
[console] index: clean -> disenos/cinemex-hvac-lorawan/runs/assets/01-shell-circulation-facade/index.console.json
[
 {
  "file": "disenos/cinemex-hvac-lorawan/index.html",
  "out": "disenos/cinemex-hvac-lorawan/runs/assets/01-shell-circulation-facade/index.png",
  "w": 3840,
  "h": 2880
 }
]
=== surface-attempt1-lobby-frame0 :: state=architecture&camera=lobby&poster_frame=0&display_frame=0&labels=on&roof=off&tick=0 ===
[console] index: clean -> disenos/cinemex-hvac-lorawan/runs/assets/01-shell-circulation-facade/index.console.json
[
 {
  "file": "disenos/cinemex-hvac-lorawan/index.html",
  "out": "disenos/cinemex-hvac-lorawan/runs/assets/01-shell-circulation-facade/index.png",
  "w": 3840,
  "h": 2880
 }
]
=== surface-attempt1-concessions-frame0 :: state=architecture&camera=concessions&poster_frame=0&display_frame=0&labels=on&roof=off&tick=0 ===
[console] index: clean -> disenos/cinemex-hvac-lorawan/runs/assets/01-shell-circulation-facade/index.console.json
[
 {
  "file": "disenos/cinemex-hvac-lorawan/index.html",
  "out": "disenos/cinemex-hvac-lorawan/runs/assets/01-shell-circulation-facade/index.png",
  "w": 3840,
  "h": 2880
 }
]
=== surface-attempt1-concessions-frame1 :: state=architecture&camera=concessions&poster_frame=1&display_frame=1&labels=on&roof=off&tick=0 ===
[console] index: clean -> disenos/cinemex-hvac-lorawan/runs/assets/01-shell-circulation-facade/index.console.json
[
 {
  "file": "disenos/cinemex-hvac-lorawan/index.html",
  "out": "disenos/cinemex-hvac-lorawan/runs/assets/01-shell-circulation-facade/index.png",
  "w": 3840,
  "h": 2880
 }
]
=== surface-attempt1-kitchen :: state=architecture&camera=kitchen&poster_frame=0&display_frame=0&labels=on&roof=off&tick=0 ===
[console] index: clean -> disenos/cinemex-hvac-lorawan/runs/assets/01-shell-circulation-facade/index.console.json
[
 {
  "file": "disenos/cinemex-hvac-lorawan/index.html",
  "out": "disenos/cinemex-hvac-lorawan/runs/assets/01-shell-circulation-facade/index.png",
  "w": 3840,
  "h": 2880
 }
]
=== surface-attempt1-corridor-frame0 :: state=architecture&camera=corridor&poster_frame=0&display_frame=0&labels=on&roof=off&walls=off&tick=0 ===
[console] index: 3 issue(s) -> disenos/cinemex-hvac-lorawan/runs/assets/01-shell-circulation-facade/index.console.json
[
 {
  "file": "disenos/cinemex-hvac-lorawan/index.html",
  "error": "Error: no <canvas> found"
 }
]
=== surface-attempt1-corridor-frame0 :: state=architecture&camera=corridor&poster_frame=0&display_frame=0&labels=on&roof=off&walls=off&tick=0 ===
[console] index: clean -> disenos/cinemex-hvac-lorawan/runs/assets/01-shell-circulation-facade/index.console.json
[
 {
  "file": "disenos/cinemex-hvac-lorawan/index.html",
  "out": "disenos/cinemex-hvac-lorawan/runs/assets/01-shell-circulation-facade/index.png",
  "w": 3840,
  "h": 2880
 }
]
=== surface-attempt1-corridor-frame1 :: state=architecture&camera=corridor&poster_frame=1&display_frame=1&labels=on&roof=off&walls=off&tick=0 ===
[console] index: 5 issue(s) -> disenos/cinemex-hvac-lorawan/runs/assets/01-shell-circulation-facade/index.console.json
[
 {
  "file": "disenos/cinemex-hvac-lorawan/index.html",
  "error": "Error: no <canvas> found"
 }
]
retry 1 for surface-attempt1-corridor-frame1
[console] index: clean -> disenos/cinemex-hvac-lorawan/runs/assets/01-shell-circulation-facade/index.console.json
[
 {
  "file": "disenos/cinemex-hvac-lorawan/index.html",
  "out": "disenos/cinemex-hvac-lorawan/runs/assets/01-shell-circulation-facade/index.png",
  "w": 3840,
  "h": 2880
 }
]
=== surface-attempt1-corridor-labels-off :: state=architecture&camera=corridor&poster_frame=1&display_frame=1&labels=off&roof=off&walls=off&tick=0 ===
[console] index: clean -> disenos/cinemex-hvac-lorawan/runs/assets/01-shell-circulation-facade/index.console.json
[
 {
  "file": "disenos/cinemex-hvac-lorawan/index.html",
  "out": "disenos/cinemex-hvac-lorawan/runs/assets/01-shell-circulation-facade/index.png",
  "w": 3840,
  "h": 2880
 }
]
=== surface-attempt1-sala3 :: state=architecture&camera=sala-3&poster_frame=0&display_frame=0&labels=on&roof=off&walls=on&tick=0 ===
[console] index: clean -> disenos/cinemex-hvac-lorawan/runs/assets/01-shell-circulation-facade/index.console.json
[
 {
  "file": "disenos/cinemex-hvac-lorawan/index.html",
  "out": "disenos/cinemex-hvac-lorawan/runs/assets/01-shell-circulation-facade/index.png",
  "w": 3840,
  "h": 2880
 }
]
=== surface-attempt1-ug67-engineering :: state=engineering&camera=ug67&poster_frame=0&display_frame=0&labels=on&links=all&roof=off&cutaway=on&tick=0 ===
[console] index: clean -> disenos/cinemex-hvac-lorawan/runs/assets/01-shell-circulation-facade/index.console.json
[
 {
  "file": "disenos/cinemex-hvac-lorawan/index.html",
  "out": "disenos/cinemex-hvac-lorawan/runs/assets/01-shell-circulation-facade/index.png",
  "w": 3840,
  "h": 2880
 }
]
=== surface-attempt1-grazing-details :: state=architecture&camera=grazing&poster_frame=0&display_frame=0&labels=on&tick=0 ===
[console] index: clean -> disenos/cinemex-hvac-lorawan/runs/assets/01-shell-circulation-facade/index.console.json
[
 {
  "file": "disenos/cinemex-hvac-lorawan/index.html",
  "out": "disenos/cinemex-hvac-lorawan/runs/assets/01-shell-circulation-facade/index.png",
  "w": 3840,
  "h": 2880
 }
]
=== surface-attempt1-engineering-network :: state=engineering&camera=complete-network&poster_frame=1&display_frame=1&labels=on&links=all&roof=off&cutaway=on&tick=0 ===
[console] index: clean -> disenos/cinemex-hvac-lorawan/runs/assets/01-shell-circulation-facade/index.console.json
[
 {
  "file": "disenos/cinemex-hvac-lorawan/index.html",
  "out": "disenos/cinemex-hvac-lorawan/runs/assets/01-shell-circulation-facade/index.png",
  "w": 3840,
  "h": 2880
 }
]
