TAP version 13
# Subtest: surface plan owns every required shell detail without protected film content
ok 1 - surface plan owns every required shell detail without protected film content
  ---
  duration_ms: 3.527888
  type: 'test'
  ...
# Subtest: surface atlas is one deterministic shared sRGB mipmapped texture with bounded anisotropy
ok 2 - surface atlas is one deterministic shared sRGB mipmapped texture with bounded anisotropy
  ---
  duration_ms: 1.593648
  type: 'test'
  ...
# Subtest: surface integration uses one atlas and deterministic poster/display query frames
ok 3 - surface integration uses one atlas and deterministic poster/display query frames
  ---
  duration_ms: 9.675177
  type: 'test'
  ...
1..3
# tests 3
# suites 0
# pass 3
# fail 0
# cancelled 0
# skipped 0
# todo 0
# duration_ms 205.389663
