TAP version 13
# Subtest: shell plan preserves the 60 by 45 metre footprint and exact depth bands
ok 1 - shell plan preserves the 60 by 45 metre footprint and exact depth bands
  ---
  duration_ms: 13.105005
  type: 'test'
  ...
# Subtest: shell plan exposes four auditorium portals per side in stable room order
ok 2 - shell plan exposes four auditorium portals per side in stable room order
  ---
  duration_ms: 5.03985
  type: 'test'
  ...
# Subtest: auditorium perimeter walls rise to each configured family height
ok 3 - auditorium perimeter walls rise to each configured family height
  ---
  duration_ms: 2.910435
  type: 'test'
  ...
# Subtest: rear technical rooms remain disjoint from the service circulation strip
ok 4 - rear technical rooms remain disjoint from the service circulation strip
  ---
  duration_ms: 3.457717
  type: 'test'
  ...
# Subtest: facade plan includes a red marquee, legible identity mass and accessible entrance bank
ok 5 - facade plan includes a red marquee, legible identity mass and accessible entrance bank
  ---
  duration_ms: 2.192957
  type: 'test'
  ...
# Subtest: blockout correction exposes countable auditorium and front-of-house proxies
ok 6 - blockout correction exposes countable auditorium and front-of-house proxies
  ---
  duration_ms: 1.907215
  type: 'test'
  ...
# Subtest: final blockout retry repeats three categorical auditorium family profiles
ok 7 - final blockout retry repeats three categorical auditorium family profiles
  ---
  duration_ms: 2.354203
  type: 'test'
  ...
# Subtest: every auditorium proxy declares continuous aisle and a visibly empty wheelchair notch
ok 8 - every auditorium proxy declares continuous aisle and a visibly empty wheelchair notch
  ---
  duration_ms: 1.351468
  type: 'test'
  ...
# Subtest: Sala 3 RS-485 trunk is lowered and routed along the corridor edge
ok 9 - Sala 3 RS-485 trunk is lowered and routed along the corridor edge
  ---
  duration_ms: 3.118046
  type: 'test'
  ...
# Subtest: blockout correction exposes exact endpoint and media proxy counts
ok 10 - blockout correction exposes exact endpoint and media proxy counts
  ---
  duration_ms: 1.883168
  type: 'test'
  ...
# Subtest: application composition wires only the surface shell asset builder into the runtime
ok 11 - application composition wires only the surface shell asset builder into the runtime
  ---
  duration_ms: 17.505256
  type: 'test'
  ...
# Subtest: silhouette reset exposes one-view room, family, FOH and rear-strip billboards
ok 12 - silhouette reset exposes one-view room, family, FOH and rear-strip billboards
  ---
  duration_ms: 1.156788
  type: 'test'
  ...
# Subtest: silhouette reset keeps device geometry true-scale and adds countable halo labels
ok 13 - silhouette reset keeps device geometry true-scale and adds countable halo labels
  ---
  duration_ms: 1.167159
  type: 'test'
  ...
# Subtest: silhouette reset separates FOH silhouettes and leaves checkpoint access open
ok 14 - silhouette reset separates FOH silhouettes and leaves checkpoint access open
  ---
  duration_ms: 1.133147
  type: 'test'
  ...
# Subtest: silhouette reset spreads LoRa lanes and the external client fan without changing semantics
ok 15 - silhouette reset spreads LoRa lanes and the external client fan without changing semantics
  ---
  duration_ms: 1.079123
  type: 'test'
  ...
# Subtest: structural plan declares buildable slab, wall and family-height roof sections
ok 16 - structural plan declares buildable slab, wall and family-height roof sections
  ---
  duration_ms: 1.219526
  type: 'test'
  ...
# Subtest: structural plan uses true framed openings for auditorium and emergency doors
ok 17 - structural plan uses true framed openings for auditorium and emergency doors
  ---
  duration_ms: 0.98774
  type: 'test'
  ...
# Subtest: structural facade has five framed glazed entries with an accessible centre opening and supported signage
ok 18 - structural facade has five framed glazed entries with an accessible centre opening and supported signage
  ---
  duration_ms: 1.230732
  type: 'test'
  ...
# Subtest: structural rear technical rooms have walls and doors opening into the disjoint service corridor
ok 19 - structural rear technical rooms have walls and doors opening into the disjoint service corridor
  ---
  duration_ms: 2.303068
  type: 'test'
  ...
# Subtest: structural containment exposes owned contact-coherent sockets without physical LoRa geometry
ok 20 - structural containment exposes owned contact-coherent sockets without physical LoRa geometry
  ---
  duration_ms: 0.915166
  type: 'test'
  ...
# Subtest: structural device bodies use documented real dimensions while labels provide legibility
ok 21 - structural device bodies use documented real dimensions while labels provide legibility
  ---
  duration_ms: 0.742251
  type: 'test'
  ...
# Subtest: structural evidence corrections improve front labels and technical anchor spread
ok 22 - structural evidence corrections improve front labels and technical anchor spread
  ---
  duration_ms: 0.919245
  type: 'test'
  ...
# Subtest: materials realism reset uses charcoal frames, neutral later-asset proxies, and a true labels layer
ok 23 - materials realism reset uses charcoal frames, neutral later-asset proxies, and a true labels layer
  ---
  duration_ms: 4.9862
  type: 'test'
  ...
# Subtest: structural attempt 2 joins the kitchen hood outlet to a visible vertical extract duct
ok 24 - structural attempt 2 joins the kitchen hood outlet to a visible vertical extract duct
  ---
  duration_ms: 2.138274
  type: 'test'
  ...
# Subtest: structural attempt 2 makes every public, auditorium and emergency opening contact-readable
ok 25 - structural attempt 2 makes every public, auditorium and emergency opening contact-readable
  ---
  duration_ms: 1.664807
  type: 'test'
  ...
# Subtest: structural attempt 2 aligns the accessible forecourt route and fully attaches facade supports
ok 26 - structural attempt 2 aligns the accessible forecourt route and fully attaches facade supports
  ---
  duration_ms: 1.369863
  type: 'test'
  ...
# Subtest: structural attempt 2 containment runs terminal-to-terminal through visible junctions and sleeves
ok 27 - structural attempt 2 containment runs terminal-to-terminal through visible junctions and sleeves
  ---
  duration_ms: 1.357825
  type: 'test'
  ...
# Subtest: structural attempt 2 exposes geometry-only 2/4/2 family profiles and human scale references
ok 28 - structural attempt 2 exposes geometry-only 2/4/2 family profiles and human scale references
  ---
  duration_ms: 1.535155
  type: 'test'
  ...
# Subtest: structural attempt 3 gives every family master comparable cinema-specific geometry
ok 29 - structural attempt 3 gives every family master comparable cinema-specific geometry
  ---
  duration_ms: 1.083668
  type: 'test'
  ...
# Subtest: structural attempt 3 keeps all RS-485 routes tray-backed and terminal complete
ok 30 - structural attempt 3 keeps all RS-485 routes tray-backed and terminal complete
  ---
  duration_ms: 2.781952
  type: 'test'
  ...
# Subtest: structural attempt 3 roof services overlap plenums, mains and owned sleeves
ok 31 - structural attempt 3 roof services overlap plenums, mains and owned sleeves
  ---
  duration_ms: 0.830493
  type: 'test'
  ...
# Subtest: query state has a stable canonical default and serializes in contract order
ok 32 - query state has a stable canonical default and serializes in contract order
  ---
  duration_ms: 7.330613
  type: 'test'
  ...
# Subtest: query state accepts a complete engineering inspection state
ok 33 - query state accepts a complete engineering inspection state
  ---
  duration_ms: 1.251955
  type: 'test'
  ...
# Subtest: query state accepts DesignSpec blockout camera and state vocabulary
ok 34 - query state accepts DesignSpec blockout camera and state vocabulary
  ---
  duration_ms: 0.886223
  type: 'test'
  ...
# Subtest: malformed query tokens fall back atomically and emit one warning
ok 35 - malformed query tokens fall back atomically and emit one warning
  ---
  duration_ms: 0.786444
  type: 'test'
  ...
# Subtest: camera controller applies presets and bounds first-person movement
ok 36 - camera controller applies presets and bounds first-person movement
  ---
  duration_ms: 1.41097
  type: 'test'
  ...
# Subtest: fixed evidence cameras frame targets tightly and apply their field of view
ok 37 - fixed evidence cameras frame targets tightly and apply their field of view
  ---
  duration_ms: 0.767959
  type: 'test'
  ...
# Subtest: structural evidence preserves grazing/network views and improves Sala 3 framing
ok 38 - structural evidence preserves grazing/network views and improves Sala 3 framing
  ---
  duration_ms: 0.784509
  type: 'test'
  ...
# Subtest: structural attempt 2 raises neutral scene value without entering the final lighting pass
ok 39 - structural attempt 2 raises neutral scene value without entering the final lighting pass
  ---
  duration_ms: 17.427522
  type: 'test'
  ...
# Subtest: materials realism reset adds a neutral PMREM response rig and restrained facade fill
ok 40 - materials realism reset adds a neutral PMREM response rig and restrained facade fill
  ---
  duration_ms: 3.705777
  type: 'test'
  ...
# Subtest: final materials attempt scopes exposure and key angle changes to the grazing look-dev camera
ok 41 - final materials attempt scopes exposure and key angle changes to the grazing look-dev camera
  ---
  duration_ms: 4.403271
  type: 'test'
  ...
# Subtest: query state accepts the DesignSpec grazing evidence camera
ok 42 - query state accepts the DesignSpec grazing evidence camera
  ---
  duration_ms: 0.852041
  type: 'test'
  ...
# Subtest: surface evidence frames parse and serialize deterministically
ok 43 - surface evidence frames parse and serialize deterministically
  ---
  duration_ms: 0.592074
  type: 'test'
  ...
# Subtest: materials pass accepts deterministic material state and reference-match camera
ok 44 - materials pass accepts deterministic material state and reference-match camera
  ---
  duration_ms: 0.155087
  type: 'test'
  ...
# Subtest: materials look-dev cameras match the DesignSpec neutral, grazing and reference views
ok 45 - materials look-dev cameras match the DesignSpec neutral, grazing and reference views
  ---
  duration_ms: 0.331706
  type: 'test'
  ...
# Subtest: structural attempt 3 accepts dedicated family, RS-485 and roof-service evidence cameras
ok 46 - structural attempt 3 accepts dedicated family, RS-485 and roof-service evidence cameras
  ---
  duration_ms: 0.354332
  type: 'test'
  ...
# Subtest: structural attempt 3 evidence cameras compare family masters and roof containment
ok 47 - structural attempt 3 evidence cameras compare family masters and roof containment
  ---
  duration_ms: 0.653079
  type: 'test'
  ...
# Subtest: materials grazing camera is a low facade and circulation three-quarter
ok 48 - materials grazing camera is a low facade and circulation three-quarter
  ---
  duration_ms: 0.253983
  type: 'test'
  ...
# Subtest: materials floor camera exposes public tile and corridor carpet in one finish comparison
ok 49 - materials floor camera exposes public tile and corridor carpet in one finish comparison
  ---
  duration_ms: 0.190911
  type: 'test'
  ...
# Subtest: layer controller switches modes, views and clipping without inventing assets
ok 50 - layer controller switches modes, views and clipping without inventing assets
  ---
  duration_ms: 0.840801
  type: 'test'
  ...
# Subtest: runtime caps DPR and creates empty semantic layer groups
ok 51 - runtime caps DPR and creates empty semantic layer groups
  ---
  duration_ms: 0.348887
  type: 'test'
  ...
# Subtest: HTML shell exposes Spanish project identity and semantic controls
ok 52 - HTML shell exposes Spanish project identity and semantic controls
  ---
  duration_ms: 11.780519
  type: 'test'
  ...
# Subtest: surface plan owns every required shell detail without protected film content
ok 53 - surface plan owns every required shell detail without protected film content
  ---
  duration_ms: 4.85945
  type: 'test'
  ...
# Subtest: surface placement contract rejects giant, non-finite or wrongly parented planes
ok 54 - surface placement contract rejects giant, non-finite or wrongly parented planes
  ---
  duration_ms: 1.206436
  type: 'test'
  ...
# Subtest: surface atlas is one deterministic shared sRGB mipmapped texture with bounded anisotropy
ok 55 - surface atlas is one deterministic shared sRGB mipmapped texture with bounded anisotropy
  ---
  duration_ms: 2.706674
  type: 'test'
  ...
# Subtest: surface integration uses one atlas and deterministic poster/display query frames
ok 56 - surface integration uses one atlas and deterministic poster/display query frames
  ---
  duration_ms: 13.682952
  type: 'test'
  ...
1..56
# tests 56
# suites 0
# pass 56
# fail 0
# cancelled 0
# skipped 0
# todo 0
# duration_ms 427.283509
