TAP version 13
# Subtest: surface plan owns every required shell detail without protected film content
not ok 1 - surface plan owns every required shell detail without protected film content
  ---
  duration_ms: 3.230962
  type: 'test'
  location: '/home/cristian/prototipos/three.js/disenos/cinemex-hvac-lorawan/tests/surfaces.test.mjs:34:1'
  failureType: 'testCodeFailure'
  error: 'missing surface detail category: acoustic-panel-rhythm'
  code: 'ERR_ASSERTION'
  name: 'AssertionError'
  expected: true
  actual: false
  operator: '=='
  stack: |-
    TestContext.<anonymous> (file:///home/cristian/prototipos/three.js/disenos/cinemex-hvac-lorawan/tests/surfaces.test.mjs:44:13)
    Test.runInAsyncScope (node:async_hooks:214:14)
    Test.run (node:internal/test_runner/test:1047:25)
    Test.start (node:internal/test_runner/test:944:17)
    startSubtestAfterBootstrap (node:internal/test_runner/harness:296:17)
  ...
# Subtest: surface atlas is one deterministic shared sRGB mipmapped texture with bounded anisotropy
ok 2 - surface atlas is one deterministic shared sRGB mipmapped texture with bounded anisotropy
  ---
  duration_ms: 2.43013
  type: 'test'
  ...
# Subtest: surface integration uses one atlas and deterministic poster/display query frames
ok 3 - surface integration uses one atlas and deterministic poster/display query frames
  ---
  duration_ms: 11.049789
  type: 'test'
  ...
1..3
# tests 3
# suites 0
# pass 2
# fail 1
# cancelled 0
# skipped 0
# todo 0
# duration_ms 236.272852
