TAP version 13
# Subtest: surface plan owns every required shell detail without protected film content
ok 1 - surface plan owns every required shell detail without protected film content
  ---
  duration_ms: 5.103558
  type: 'test'
  ...
# Subtest: surface placement contract rejects giant, non-finite or wrongly parented planes
ok 2 - surface placement contract rejects giant, non-finite or wrongly parented planes
  ---
  duration_ms: 1.232287
  type: 'test'
  ...
# Subtest: surface correction caps one route-attached arrowhead without lateral or vertical float
ok 3 - surface correction caps one route-attached arrowhead without lateral or vertical float
  ---
  duration_ms: 0.548506
  type: 'test'
  ...
# Subtest: surface correction anchors the cone base on the sampled route and follows its 3D tangent
ok 4 - surface correction anchors the cone base on the sampled route and follows its 3D tangent
  ---
  duration_ms: 1.044991
  type: 'test'
  ...
# Subtest: surface correction preserves route contact while scaling arrows into the screen-space band
ok 5 - surface correction preserves route contact while scaling arrows into the screen-space band
  ---
  duration_ms: 0.503538
  type: 'test'
  ...
# Subtest: surface correction rejects overlapping or duplicate projected route markers
ok 6 - surface correction rejects overlapping or duplicate projected route markers
  ---
  duration_ms: 0.894835
  type: 'test'
  ...
# Subtest: complete-network prioritizes canonical endpoint IDs and culls competing zone labels
ok 7 - complete-network prioritizes canonical endpoint IDs and culls competing zone labels
  ---
  duration_ms: 0.228277
  type: 'test'
  ...
# Subtest: corridor surface camera stays below roof members and focuses wayfinding height
ok 8 - corridor surface camera stays below roof members and focuses wayfinding height
  ---
  duration_ms: 0.281968
  type: 'test'
  ...
# Subtest: surface atlas is one deterministic shared sRGB mipmapped texture with bounded anisotropy
ok 9 - surface atlas is one deterministic shared sRGB mipmapped texture with bounded anisotropy
  ---
  duration_ms: 4.382194
  type: 'test'
  ...
# Subtest: surface integration uses one atlas and deterministic poster/display query frames
ok 10 - surface integration uses one atlas and deterministic poster/display query frames
  ---
  duration_ms: 27.211272
  type: 'test'
  ...
1..10
# tests 10
# suites 0
# pass 10
# fail 0
# cancelled 0
# skipped 0
# todo 0
# duration_ms 299.867048
