CAPTURE facade-frame0 try=1
[console] index: clean -> /tmp/cinemex-surface-attempt3-captures/facade-frame0/index.console.json
[
 {
  "file": "disenos/cinemex-hvac-lorawan/index.html",
  "out": "/tmp/cinemex-surface-attempt3-captures/facade-frame0/index.png",
  "w": 3840,
  "h": 2880
 }
]
DONE facade-frame0
CAPTURE lobby-frame0 try=1
[console] index: clean -> /tmp/cinemex-surface-attempt3-captures/lobby-frame0/index.console.json
[
 {
  "file": "disenos/cinemex-hvac-lorawan/index.html",
  "out": "/tmp/cinemex-surface-attempt3-captures/lobby-frame0/index.png",
  "w": 3840,
  "h": 2880
 }
]
DONE lobby-frame0
CAPTURE concessions-frame0 try=1
[console] index: clean -> /tmp/cinemex-surface-attempt3-captures/concessions-frame0/index.console.json
[
 {
  "file": "disenos/cinemex-hvac-lorawan/index.html",
  "out": "/tmp/cinemex-surface-attempt3-captures/concessions-frame0/index.png",
  "w": 3840,
  "h": 2880
 }
]
DONE concessions-frame0
CAPTURE concessions-frame1 try=1
[console] index: clean -> /tmp/cinemex-surface-attempt3-captures/concessions-frame1/index.console.json
[
 {
  "file": "disenos/cinemex-hvac-lorawan/index.html",
  "out": "/tmp/cinemex-surface-attempt3-captures/concessions-frame1/index.png",
  "w": 3840,
  "h": 2880
 }
]
DONE concessions-frame1
CAPTURE kitchen try=1
[console] index: clean -> /tmp/cinemex-surface-attempt3-captures/kitchen/index.console.json
[
 {
  "file": "disenos/cinemex-hvac-lorawan/index.html",
  "out": "/tmp/cinemex-surface-attempt3-captures/kitchen/index.png",
  "w": 3840,
  "h": 2880
 }
]
DONE kitchen
CAPTURE corridor-frame0 try=1
[console] index: clean -> /tmp/cinemex-surface-attempt3-captures/corridor-frame0/index.console.json
[
 {
  "file": "disenos/cinemex-hvac-lorawan/index.html",
  "out": "/tmp/cinemex-surface-attempt3-captures/corridor-frame0/index.png",
  "w": 3840,
  "h": 2880
 }
]
DONE corridor-frame0
CAPTURE corridor-frame1 try=1
[console] index: clean -> /tmp/cinemex-surface-attempt3-captures/corridor-frame1/index.console.json
[
 {
  "file": "disenos/cinemex-hvac-lorawan/index.html",
  "out": "/tmp/cinemex-surface-attempt3-captures/corridor-frame1/index.png",
  "w": 3840,
  "h": 2880
 }
]
DONE corridor-frame1
CAPTURE corridor-labels-off try=1
[console] index: clean -> /tmp/cinemex-surface-attempt3-captures/corridor-labels-off/index.console.json
[
 {
  "file": "disenos/cinemex-hvac-lorawan/index.html",
  "out": "/tmp/cinemex-surface-attempt3-captures/corridor-labels-off/index.png",
  "w": 3840,
  "h": 2880
 }
]
DONE corridor-labels-off
CAPTURE sala3-frame0 try=1
[console] index: clean -> /tmp/cinemex-surface-attempt3-captures/sala3-frame0/index.console.json
[
 {
  "file": "disenos/cinemex-hvac-lorawan/index.html",
  "out": "/tmp/cinemex-surface-attempt3-captures/sala3-frame0/index.png",
  "w": 3840,
  "h": 2880
 }
]
DONE sala3-frame0
CAPTURE sala3-frame1 try=1
[console] index: clean -> /tmp/cinemex-surface-attempt3-captures/sala3-frame1/index.console.json
[
 {
  "file": "disenos/cinemex-hvac-lorawan/index.html",
  "out": "/tmp/cinemex-surface-attempt3-captures/sala3-frame1/index.png",
  "w": 3840,
  "h": 2880
 }
]
DONE sala3-frame1
CAPTURE ug67-engineering try=1
[console] index: clean -> /tmp/cinemex-surface-attempt3-captures/ug67-engineering/index.console.json
[
 {
  "file": "disenos/cinemex-hvac-lorawan/index.html",
  "out": "/tmp/cinemex-surface-attempt3-captures/ug67-engineering/index.png",
  "w": 3840,
  "h": 2880
 }
]
DONE ug67-engineering
CAPTURE rs485-master try=1
[console] index: clean -> /tmp/cinemex-surface-attempt3-captures/rs485-master/index.console.json
[
 {
  "file": "disenos/cinemex-hvac-lorawan/index.html",
  "out": "/tmp/cinemex-surface-attempt3-captures/rs485-master/index.png",
  "w": 3840,
  "h": 2880
 }
]
DONE rs485-master
CAPTURE grazing-details try=1
[console] index: clean -> /tmp/cinemex-surface-attempt3-captures/grazing-details/index.console.json
[
 {
  "file": "disenos/cinemex-hvac-lorawan/index.html",
  "out": "/tmp/cinemex-surface-attempt3-captures/grazing-details/index.png",
  "w": 3840,
  "h": 2880
 }
]
DONE grazing-details
CAPTURE engineering-network try=1
[console] index: clean -> /tmp/cinemex-surface-attempt3-captures/engineering-network/index.console.json
[
 {
  "file": "disenos/cinemex-hvac-lorawan/index.html",
  "out": "/tmp/cinemex-surface-attempt3-captures/engineering-network/index.png",
  "w": 3840,
  "h": 2880
 }
]
DONE engineering-network
CAPTURE roof-curb-details try=1
[console] index: clean -> /tmp/cinemex-surface-attempt3-captures/roof-curb-details/index.console.json
[
 {
  "file": "disenos/cinemex-hvac-lorawan/index.html",
  "out": "/tmp/cinemex-surface-attempt3-captures/roof-curb-details/index.png",
  "w": 3840,
  "h": 2880
 }
]
DONE roof-curb-details
captured=15
[
 {
  "file": "disenos/cinemex-hvac-lorawan/index.html",
  "out": "/tmp/cinemex-surface-attempt3-rs485-fix/index.png",
  "w": 3840,
  "h": 2880
 }
]
DONE rs485-master corrected-query
