TAP version 13
# file:///home/cristian/prototipos/three.js/disenos/cinemex-hvac-lorawan/tests/surfaces.test.mjs:8
#   SURFACE_DIRECTION_MARKER_VIEW_POLICY,
#   ^^^^^^^^^^^^^^^^^^^^^^^^^^^^^^^^^^^^
# SyntaxError: The requested module '../src/scene/surfaces.js' does not provide an export named 'SURFACE_DIRECTION_MARKER_VIEW_POLICY'
#     at ModuleJob._instantiate (node:internal/modules/esm/module_job:226:21)
#     at async ModuleJob.run (node:internal/modules/esm/module_job:335:5)
#     at async onImport.tracePromise.__proto__ (node:internal/modules/esm/loader:665:26)
#     at async asyncRunEntryPointWithESMLoader (node:internal/modules/run_main:117:5)
# Node.js v22.22.2
# Subtest: tests/surfaces.test.mjs
not ok 1 - tests/surfaces.test.mjs
  ---
  duration_ms: 257.26254
  type: 'test'
  location: '/home/cristian/prototipos/three.js/disenos/cinemex-hvac-lorawan/tests/surfaces.test.mjs:1:1'
  failureType: 'testCodeFailure'
  exitCode: 1
  signal: ~
  error: 'test failed'
  code: 'ERR_TEST_FAILURE'
  ...
1..1
# tests 1
# suites 0
# pass 0
# fail 1
# cancelled 0
# skipped 0
# todo 0
# duration_ms 278.507213
