TAP version 13
# Subtest: query state has a stable canonical default and serializes in contract order
ok 1 - query state has a stable canonical default and serializes in contract order
  ---
  duration_ms: 6.850161
  type: 'test'
  ...
# Subtest: query state accepts a complete engineering inspection state
ok 2 - query state accepts a complete engineering inspection state
  ---
  duration_ms: 0.904213
  type: 'test'
  ...
# Subtest: query state accepts DesignSpec blockout camera and state vocabulary
ok 3 - query state accepts DesignSpec blockout camera and state vocabulary
  ---
  duration_ms: 0.626278
  type: 'test'
  ...
# Subtest: malformed query tokens fall back atomically and emit one warning
ok 4 - malformed query tokens fall back atomically and emit one warning
  ---
  duration_ms: 0.456155
  type: 'test'
  ...
# Subtest: camera controller applies presets and bounds first-person movement
ok 5 - camera controller applies presets and bounds first-person movement
  ---
  duration_ms: 1.018266
  type: 'test'
  ...
# Subtest: fixed evidence cameras frame targets tightly and apply their field of view
not ok 6 - fixed evidence cameras frame targets tightly and apply their field of view
  ---
  duration_ms: 6.401916
  type: 'test'
  location: '/home/cristian/prototipos/three.js/disenos/cinemex-hvac-lorawan/tests/shell.test.mjs:163:1'
  failureType: 'testCodeFailure'
  error: |-
    Expected values to be strictly deep-equal:
    + actual - expected
    
      [
    +   13,
    +   12,
    +   16
    -   7.5,
    -   4.2,
    -   10.2
      ]
    
  code: 'ERR_ASSERTION'
  name: 'AssertionError'
  expected:
    0: 7.5
    1: 4.2
    2: 10.2
  actual:
    0: 13
    1: 12
    2: 16
  operator: 'deepStrictEqual'
  stack: |-
    TestContext.<anonymous> (file:///home/cristian/prototipos/three.js/disenos/cinemex-hvac-lorawan/tests/shell.test.mjs:177:12)
    Test.runInAsyncScope (node:async_hooks:214:14)
    Test.run (node:internal/test_runner/test:1047:25)
    Test.processPendingSubtests (node:internal/test_runner/test:744:18)
    Test.postRun (node:internal/test_runner/test:1173:19)
    Test.run (node:internal/test_runner/test:1101:12)
    async Test.processPendingSubtests (node:internal/test_runner/test:744:7)
  ...
# Subtest: structural evidence preserves grazing/network views and improves Sala 3 framing
ok 7 - structural evidence preserves grazing/network views and improves Sala 3 framing
  ---
  duration_ms: 0.55106
  type: 'test'
  ...
# Subtest: structural attempt 2 raises neutral scene value without entering the final lighting pass
ok 8 - structural attempt 2 raises neutral scene value without entering the final lighting pass
  ---
  duration_ms: 24.139843
  type: 'test'
  ...
# Subtest: materials realism reset adds a neutral PMREM response rig and restrained facade fill
ok 9 - materials realism reset adds a neutral PMREM response rig and restrained facade fill
  ---
  duration_ms: 7.72002
  type: 'test'
  ...
# Subtest: final materials attempt scopes exposure and key angle changes to the grazing look-dev camera
ok 10 - final materials attempt scopes exposure and key angle changes to the grazing look-dev camera
  ---
  duration_ms: 2.942367
  type: 'test'
  ...
# Subtest: query state accepts the DesignSpec grazing evidence camera
ok 11 - query state accepts the DesignSpec grazing evidence camera
  ---
  duration_ms: 0.647166
  type: 'test'
  ...
# Subtest: surface evidence frames parse and serialize deterministically
ok 12 - surface evidence frames parse and serialize deterministically
  ---
  duration_ms: 0.764935
  type: 'test'
  ...
# Subtest: materials pass accepts deterministic material state and reference-match camera
ok 13 - materials pass accepts deterministic material state and reference-match camera
  ---
  duration_ms: 0.279011
  type: 'test'
  ...
# Subtest: materials look-dev cameras match the DesignSpec neutral, grazing and reference views
ok 14 - materials look-dev cameras match the DesignSpec neutral, grazing and reference views
  ---
  duration_ms: 0.552777
  type: 'test'
  ...
# Subtest: structural attempt 3 accepts dedicated family, RS-485 and roof-service evidence cameras
ok 15 - structural attempt 3 accepts dedicated family, RS-485 and roof-service evidence cameras
  ---
  duration_ms: 0.317209
  type: 'test'
  ...
# Subtest: structural attempt 3 evidence cameras compare family masters and roof containment
ok 16 - structural attempt 3 evidence cameras compare family masters and roof containment
  ---
  duration_ms: 0.322629
  type: 'test'
  ...
# Subtest: materials grazing camera is a low facade and circulation three-quarter
ok 17 - materials grazing camera is a low facade and circulation three-quarter
  ---
  duration_ms: 0.35646
  type: 'test'
  ...
# Subtest: materials floor camera exposes public tile and corridor carpet in one finish comparison
ok 18 - materials floor camera exposes public tile and corridor carpet in one finish comparison
  ---
  duration_ms: 0.25995
  type: 'test'
  ...
# Subtest: layer controller switches modes, views and clipping without inventing assets
ok 19 - layer controller switches modes, views and clipping without inventing assets
  ---
  duration_ms: 1.135571
  type: 'test'
  ...
# Subtest: runtime caps DPR and creates empty semantic layer groups
ok 20 - runtime caps DPR and creates empty semantic layer groups
  ---
  duration_ms: 0.414375
  type: 'test'
  ...
# Subtest: HTML shell exposes Spanish project identity and semantic controls
ok 21 - HTML shell exposes Spanish project identity and semantic controls
  ---
  duration_ms: 9.62388
  type: 'test'
  ...
# file:///home/cristian/prototipos/three.js/disenos/cinemex-hvac-lorawan/tests/surfaces.test.mjs:8
#   SURFACE_NETWORK_LABEL_POLICY,
#   ^^^^^^^^^^^^^^^^^^^^^^^^^^^^
# SyntaxError: The requested module '../src/scene/surfaces.js' does not provide an export named 'SURFACE_NETWORK_LABEL_POLICY'
#     at ModuleJob._instantiate (node:internal/modules/esm/module_job:226:21)
#     at async ModuleJob.run (node:internal/modules/esm/module_job:335:5)
#     at async onImport.tracePromise.__proto__ (node:internal/modules/esm/loader:665:26)
#     at async asyncRunEntryPointWithESMLoader (node:internal/modules/run_main:117:5)
# Node.js v22.22.2
# Subtest: tests/surfaces.test.mjs
not ok 2 - tests/surfaces.test.mjs
  ---
  duration_ms: 175.842243
  type: 'test'
  location: '/home/cristian/prototipos/three.js/disenos/cinemex-hvac-lorawan/tests/surfaces.test.mjs:1:1'
  failureType: 'testCodeFailure'
  exitCode: 1
  signal: ~
  error: 'test failed'
  code: 'ERR_TEST_FAILURE'
  ...
1..22
# tests 22
# suites 0
# pass 20
# fail 2
# cancelled 0
# skipped 0
# todo 0
# duration_ms 266.220273
