TAP version 13
# Subtest: surface plan owns every required shell detail without protected film content
ok 1 - surface plan owns every required shell detail without protected film content
  ---
  duration_ms: 3.805312
  type: 'test'
  ...
# Subtest: surface placement contract rejects giant, non-finite or wrongly parented planes
ok 2 - surface placement contract rejects giant, non-finite or wrongly parented planes
  ---
  duration_ms: 0.888495
  type: 'test'
  ...
# Subtest: surface correction caps one route-attached arrowhead without lateral or vertical float
ok 3 - surface correction caps one route-attached arrowhead without lateral or vertical float
  ---
  duration_ms: 0.32461
  type: 'test'
  ...
# Subtest: surface correction anchors the cone base on the sampled route and follows its 3D tangent
ok 4 - surface correction anchors the cone base on the sampled route and follows its 3D tangent
  ---
  duration_ms: 0.521085
  type: 'test'
  ...
# Subtest: surface correction preserves route contact while scaling arrows into the screen-space band
ok 5 - surface correction preserves route contact while scaling arrows into the screen-space band
  ---
  duration_ms: 0.462383
  type: 'test'
  ...
# Subtest: surface correction samples LoRa direction markers on rendered dash intervals
ok 6 - surface correction samples LoRa direction markers on rendered dash intervals
  ---
  duration_ms: 0.221272
  type: 'test'
  ...
# Subtest: surface correction rejects overlapping or duplicate projected route markers
ok 7 - surface correction rejects overlapping or duplicate projected route markers
  ---
  duration_ms: 0.453225
  type: 'test'
  ...
# Subtest: complete-network prioritizes canonical endpoint IDs and culls competing zone labels
ok 8 - complete-network prioritizes canonical endpoint IDs and culls competing zone labels
  ---
  duration_ms: 0.185687
  type: 'test'
  ...
# Subtest: corridor surface camera stays below roof members and focuses wayfinding height
ok 9 - corridor surface camera stays below roof members and focuses wayfinding height
  ---
  duration_ms: 0.481223
  type: 'test'
  ...
# Subtest: surface atlas is one deterministic shared sRGB mipmapped texture with bounded anisotropy
ok 10 - surface atlas is one deterministic shared sRGB mipmapped texture with bounded anisotropy
  ---
  duration_ms: 2.486857
  type: 'test'
  ...
# Subtest: surface integration uses one atlas and deterministic poster/display query frames
ok 11 - surface integration uses one atlas and deterministic poster/display query frames
  ---
  duration_ms: 13.384197
  type: 'test'
  ...
1..11
# tests 11
# suites 0
# pass 11
# fail 0
# cancelled 0
# skipped 0
# todo 0
# duration_ms 206.432268
