TAP version 13
# Subtest: surface plan owns every required shell detail without protected film content
ok 1 - surface plan owns every required shell detail without protected film content
  ---
  duration_ms: 5.252523
  type: 'test'
  ...
# Subtest: surface placement contract rejects giant, non-finite or wrongly parented planes
ok 2 - surface placement contract rejects giant, non-finite or wrongly parented planes
  ---
  duration_ms: 0.800906
  type: 'test'
  ...
# Subtest: surface correction caps one route-attached arrowhead without lateral or vertical float
not ok 3 - surface correction caps one route-attached arrowhead without lateral or vertical float
  ---
  duration_ms: 4.171973
  type: 'test'
  location: '/home/cristian/prototipos/three.js/disenos/cinemex-hvac-lorawan/tests/surfaces.test.mjs:89:1'
  failureType: 'testCodeFailure'
  error: |-
    Expected values to be strictly deep-equal:
    + actual - expected
    ... Skipped lines
    
      {
        depthTest: true,
        depthWrite: false,
        emissive: true,
        emissiveIntensity: 0.65,
    ...
        projectedTargetPx: 16.5,
    +   radius: 0.12,
    -   radius: 0.075,
        renderOrder: 1180,
        terminalT: 0.82,
        topologyImpact: false,
        viewPriority: 'network-terminal-overlay'
      }
    
  code: 'ERR_ASSERTION'
  name: 'AssertionError'
  expected:
    materialKey: 'direction-amber'
    geometry: 'triangular-cone'
    radius: 0.075
    length: 0.9
    instancesPerMarker: 1
    terminalT: 0.82
    projectedMinPx: 16
    projectedMaxPx: 18
    projectedTargetPx: 16.5
    projectedMaxWidthPx: 8
    minimumGlyphSeparationPx: 8
    viewPriority: 'network-terminal-overlay'
    emissive: true
    engineeringOpaque: true
    emissiveIntensity: 0.65
    depthTest: true
    depthWrite: false
    renderOrder: 1180
    topologyImpact: false
  actual:
    materialKey: 'direction-amber'
    geometry: 'triangular-cone'
    radius: 0.12
    length: 0.9
    instancesPerMarker: 1
    terminalT: 0.82
    projectedMinPx: 16
    projectedMaxPx: 18
    projectedTargetPx: 16.5
    projectedMaxWidthPx: 8
    minimumGlyphSeparationPx: 8
    viewPriority: 'network-terminal-overlay'
    emissive: true
    engineeringOpaque: true
    emissiveIntensity: 0.65
    depthTest: true
    depthWrite: false
    renderOrder: 1180
    topologyImpact: false
  operator: 'deepStrictEqual'
  stack: |-
    TestContext.<anonymous> (file:///home/cristian/prototipos/three.js/disenos/cinemex-hvac-lorawan/tests/surfaces.test.mjs:90:10)
    Test.runInAsyncScope (node:async_hooks:214:14)
    Test.run (node:internal/test_runner/test:1047:25)
    Test.processPendingSubtests (node:internal/test_runner/test:744:18)
    Test.postRun (node:internal/test_runner/test:1173:19)
    Test.run (node:internal/test_runner/test:1101:12)
    async Test.processPendingSubtests (node:internal/test_runner/test:744:7)
  ...
# Subtest: surface correction anchors the cone base on the sampled route and follows its 3D tangent
ok 4 - surface correction anchors the cone base on the sampled route and follows its 3D tangent
  ---
  duration_ms: 0.621035
  type: 'test'
  ...
# Subtest: surface correction preserves route contact while scaling arrows into the screen-space band
ok 5 - surface correction preserves route contact while scaling arrows into the screen-space band
  ---
  duration_ms: 0.801212
  type: 'test'
  ...
# Subtest: surface correction samples LoRa direction markers on rendered dash intervals
ok 6 - surface correction samples LoRa direction markers on rendered dash intervals
  ---
  duration_ms: 0.491939
  type: 'test'
  ...
# Subtest: surface correction rejects wide, crowded or duplicate projected route markers
ok 7 - surface correction rejects wide, crowded or duplicate projected route markers
  ---
  duration_ms: 0.944056
  type: 'test'
  ...
# Subtest: complete-network uses endpoint hierarchy and four TC rollups while dedicated RS-485 retains every thermostat
ok 8 - complete-network uses endpoint hierarchy and four TC rollups while dedicated RS-485 retains every thermostat
  ---
  duration_ms: 0.316309
  type: 'test'
  ...
# Subtest: complete-network preset keeps endpoint evidence inside margins with useful occupancy
ok 9 - complete-network preset keeps endpoint evidence inside margins with useful occupancy
  ---
  duration_ms: 0.713131
  type: 'test'
  ...
# Subtest: corridor surface camera stays below roof members and focuses wayfinding height
ok 10 - corridor surface camera stays below roof members and focuses wayfinding height
  ---
  duration_ms: 0.535149
  type: 'test'
  ...
# Subtest: surface atlas is one deterministic shared sRGB mipmapped texture with bounded anisotropy
ok 11 - surface atlas is one deterministic shared sRGB mipmapped texture with bounded anisotropy
  ---
  duration_ms: 3.126826
  type: 'test'
  ...
# Subtest: surface integration uses one atlas and deterministic poster/display query frames
ok 12 - surface integration uses one atlas and deterministic poster/display query frames
  ---
  duration_ms: 19.354829
  type: 'test'
  ...
1..12
# tests 12
# suites 0
# pass 11
# fail 1
# cancelled 0
# skipped 0
# todo 0
# duration_ms 252.650958
