TAP version 13
# Subtest: surface plan owns every required shell detail without protected film content
ok 1 - surface plan owns every required shell detail without protected film content
  ---
  duration_ms: 8.461702
  type: 'test'
  ...
# Subtest: surface placement contract rejects giant, non-finite or wrongly parented planes
ok 2 - surface placement contract rejects giant, non-finite or wrongly parented planes
  ---
  duration_ms: 1.386242
  type: 'test'
  ...
# Subtest: surface correction caps one route-attached arrowhead without lateral or vertical float
ok 3 - surface correction caps one route-attached arrowhead without lateral or vertical float
  ---
  duration_ms: 0.883282
  type: 'test'
  ...
# Subtest: surface correction anchors the cone base on the sampled route and follows its 3D tangent
ok 4 - surface correction anchors the cone base on the sampled route and follows its 3D tangent
  ---
  duration_ms: 1.141257
  type: 'test'
  ...
# Subtest: surface correction preserves route contact while scaling arrows into the screen-space band
ok 5 - surface correction preserves route contact while scaling arrows into the screen-space band
  ---
  duration_ms: 0.683004
  type: 'test'
  ...
# Subtest: surface correction samples LoRa direction markers on rendered dash intervals
ok 6 - surface correction samples LoRa direction markers on rendered dash intervals
  ---
  duration_ms: 0.462573
  type: 'test'
  ...
# Subtest: surface correction rejects overlapping or duplicate projected route markers
ok 7 - surface correction rejects overlapping or duplicate projected route markers
  ---
  duration_ms: 0.668448
  type: 'test'
  ...
# Subtest: complete-network prioritizes canonical endpoint IDs and culls competing zone labels
ok 8 - complete-network prioritizes canonical endpoint IDs and culls competing zone labels
  ---
  duration_ms: 0.305613
  type: 'test'
  ...
# Subtest: corridor surface camera stays below roof members and focuses wayfinding height
ok 9 - corridor surface camera stays below roof members and focuses wayfinding height
  ---
  duration_ms: 0.652047
  type: 'test'
  ...
# Subtest: surface atlas is one deterministic shared sRGB mipmapped texture with bounded anisotropy
ok 10 - surface atlas is one deterministic shared sRGB mipmapped texture with bounded anisotropy
  ---
  duration_ms: 3.851888
  type: 'test'
  ...
# Subtest: surface integration uses one atlas and deterministic poster/display query frames
ok 11 - surface integration uses one atlas and deterministic poster/display query frames
  ---
  duration_ms: 28.63272
  type: 'test'
  ...
1..11
# tests 11
# suites 0
# pass 11
# fail 0
# cancelled 0
# skipped 0
# todo 0
# duration_ms 297.994524
