TAP version 13
# Subtest: surface plan owns every required shell detail without protected film content
ok 1 - surface plan owns every required shell detail without protected film content
  ---
  duration_ms: 9.224854
  type: 'test'
  ...
# Subtest: surface placement contract rejects giant, non-finite or wrongly parented planes
ok 2 - surface placement contract rejects giant, non-finite or wrongly parented planes
  ---
  duration_ms: 2.18928
  type: 'test'
  ...
# Subtest: surface correction caps one route-attached arrowhead without lateral or vertical float
ok 3 - surface correction caps one route-attached arrowhead without lateral or vertical float
  ---
  duration_ms: 0.697693
  type: 'test'
  ...
# Subtest: surface correction anchors the cone base on the sampled route and follows its 3D tangent
ok 4 - surface correction anchors the cone base on the sampled route and follows its 3D tangent
  ---
  duration_ms: 1.251162
  type: 'test'
  ...
# Subtest: surface correction preserves route contact while scaling arrows into the screen-space band
ok 5 - surface correction preserves route contact while scaling arrows into the screen-space band
  ---
  duration_ms: 1.144211
  type: 'test'
  ...
# Subtest: surface correction samples LoRa direction markers on rendered dash intervals
ok 6 - surface correction samples LoRa direction markers on rendered dash intervals
  ---
  duration_ms: 1.006045
  type: 'test'
  ...
# Subtest: surface correction rejects wide, crowded or duplicate projected route markers
ok 7 - surface correction rejects wide, crowded or duplicate projected route markers
  ---
  duration_ms: 4.053339
  type: 'test'
  ...
# Subtest: complete-network uses endpoint hierarchy and four TC rollups while dedicated RS-485 retains every thermostat
ok 8 - complete-network uses endpoint hierarchy and four TC rollups while dedicated RS-485 retains every thermostat
  ---
  duration_ms: 0.58101
  type: 'test'
  ...
# Subtest: complete-network preset keeps endpoint evidence inside margins with useful occupancy
ok 9 - complete-network preset keeps endpoint evidence inside margins with useful occupancy
  ---
  duration_ms: 3.945512
  type: 'test'
  ...
# Subtest: corridor surface camera stays below roof members and focuses wayfinding height
ok 10 - corridor surface camera stays below roof members and focuses wayfinding height
  ---
  duration_ms: 1.364733
  type: 'test'
  ...
# Subtest: surface atlas is one deterministic shared sRGB mipmapped texture with bounded anisotropy
ok 11 - surface atlas is one deterministic shared sRGB mipmapped texture with bounded anisotropy
  ---
  duration_ms: 5.554163
  type: 'test'
  ...
# Subtest: surface integration uses one atlas and deterministic poster/display query frames
ok 12 - surface integration uses one atlas and deterministic poster/display query frames
  ---
  duration_ms: 36.619104
  type: 'test'
  ...
1..12
# tests 12
# suites 0
# pass 12
# fail 0
# cancelled 0
# skipped 0
# todo 0
# duration_ms 510.60349
