TAP version 13
# Subtest: surface plan owns every required shell detail without protected film content
ok 1 - surface plan owns every required shell detail without protected film content
  ---
  duration_ms: 6.075756
  type: 'test'
  ...
# Subtest: surface placement contract rejects giant, non-finite or wrongly parented planes
ok 2 - surface placement contract rejects giant, non-finite or wrongly parented planes
  ---
  duration_ms: 1.273898
  type: 'test'
  ...
# Subtest: surface correction caps one route-attached arrowhead without lateral or vertical float
ok 3 - surface correction caps one route-attached arrowhead without lateral or vertical float
  ---
  duration_ms: 0.430994
  type: 'test'
  ...
# Subtest: surface correction anchors the cone base on the sampled route and follows its 3D tangent
ok 4 - surface correction anchors the cone base on the sampled route and follows its 3D tangent
  ---
  duration_ms: 0.843421
  type: 'test'
  ...
# Subtest: surface correction preserves route contact while scaling arrows into the screen-space band
ok 5 - surface correction preserves route contact while scaling arrows into the screen-space band
  ---
  duration_ms: 0.876782
  type: 'test'
  ...
# Subtest: surface correction samples LoRa direction markers on rendered dash intervals
ok 6 - surface correction samples LoRa direction markers on rendered dash intervals
  ---
  duration_ms: 0.731651
  type: 'test'
  ...
# Subtest: surface correction rejects wide, crowded or duplicate projected route markers
ok 7 - surface correction rejects wide, crowded or duplicate projected route markers
  ---
  duration_ms: 1.223072
  type: 'test'
  ...
# Subtest: complete-network uses endpoint hierarchy and four TC rollups while dedicated RS-485 retains every thermostat
ok 8 - complete-network uses endpoint hierarchy and four TC rollups while dedicated RS-485 retains every thermostat
  ---
  duration_ms: 0.426714
  type: 'test'
  ...
# Subtest: complete-network preset keeps endpoint evidence inside margins with useful occupancy
not ok 9 - complete-network preset keeps endpoint evidence inside margins with useful occupancy
  ---
  duration_ms: 13.124502
  type: 'test'
  location: '/home/cristian/prototipos/three.js/disenos/cinemex-hvac-lorawan/tests/surfaces.test.mjs:225:1'
  failureType: 'testCodeFailure'
  error: |-
    Expected values to be strictly deep-equal:
    + actual - expected
    ... Skipped lines
    
      {
        fov: 50,
        position: [
          64,
          60,
    ...
        target: [
    +     18,
    -     20,
          1.5,
          0
        ]
      }
    
  code: 'ERR_ASSERTION'
  name: 'AssertionError'
  expected:
    position:
      0: 64
      1: 60
      2: 58
    target:
      0: 20
      1: 1.5
      2: 0
    fov: 50
  actual:
    position:
      0: 64
      1: 60
      2: 58
    target:
      0: 18
      1: 1.5
      2: 0
    fov: 50
  operator: 'deepStrictEqual'
  stack: |-
    TestContext.<anonymous> (file:///home/cristian/prototipos/three.js/disenos/cinemex-hvac-lorawan/tests/surfaces.test.mjs:226:10)
    Test.runInAsyncScope (node:async_hooks:214:14)
    Test.run (node:internal/test_runner/test:1047:25)
    Test.processPendingSubtests (node:internal/test_runner/test:744:18)
    Test.postRun (node:internal/test_runner/test:1173:19)
    Test.run (node:internal/test_runner/test:1101:12)
    async Test.processPendingSubtests (node:internal/test_runner/test:744:7)
  ...
# Subtest: corridor surface camera stays below roof members and focuses wayfinding height
ok 10 - corridor surface camera stays below roof members and focuses wayfinding height
  ---
  duration_ms: 0.68735
  type: 'test'
  ...
# Subtest: surface atlas is one deterministic shared sRGB mipmapped texture with bounded anisotropy
ok 11 - surface atlas is one deterministic shared sRGB mipmapped texture with bounded anisotropy
  ---
  duration_ms: 2.943476
  type: 'test'
  ...
# Subtest: surface integration uses one atlas and deterministic poster/display query frames
ok 12 - surface integration uses one atlas and deterministic poster/display query frames
  ---
  duration_ms: 31.054546
  type: 'test'
  ...
1..12
# tests 12
# suites 0
# pass 11
# fail 1
# cancelled 0
# skipped 0
# todo 0
# duration_ms 326.681938
