TAP version 13
# Subtest: query state has a stable canonical default and serializes in contract order
ok 1 - query state has a stable canonical default and serializes in contract order
  ---
  duration_ms: 5.378537
  type: 'test'
  ...
# Subtest: query state accepts a complete engineering inspection state
ok 2 - query state accepts a complete engineering inspection state
  ---
  duration_ms: 0.704956
  type: 'test'
  ...
# Subtest: query state accepts DesignSpec blockout camera and state vocabulary
ok 3 - query state accepts DesignSpec blockout camera and state vocabulary
  ---
  duration_ms: 0.521034
  type: 'test'
  ...
# Subtest: malformed query tokens fall back atomically and emit one warning
ok 4 - malformed query tokens fall back atomically and emit one warning
  ---
  duration_ms: 0.430836
  type: 'test'
  ...
# Subtest: camera controller applies presets and bounds first-person movement
ok 5 - camera controller applies presets and bounds first-person movement
  ---
  duration_ms: 0.996451
  type: 'test'
  ...
# Subtest: fixed evidence cameras frame targets tightly and apply their field of view
ok 6 - fixed evidence cameras frame targets tightly and apply their field of view
  ---
  duration_ms: 0.541114
  type: 'test'
  ...
# Subtest: structural evidence preserves grazing/network views and improves Sala 3 framing
ok 7 - structural evidence preserves grazing/network views and improves Sala 3 framing
  ---
  duration_ms: 0.448957
  type: 'test'
  ...
# Subtest: structural attempt 2 raises neutral scene value without entering the final lighting pass
ok 8 - structural attempt 2 raises neutral scene value without entering the final lighting pass
  ---
  duration_ms: 14.988704
  type: 'test'
  ...
# Subtest: materials realism reset adds a neutral PMREM response rig and restrained facade fill
ok 9 - materials realism reset adds a neutral PMREM response rig and restrained facade fill
  ---
  duration_ms: 2.677392
  type: 'test'
  ...
# Subtest: final materials attempt scopes exposure and key angle changes to the grazing look-dev camera
ok 10 - final materials attempt scopes exposure and key angle changes to the grazing look-dev camera
  ---
  duration_ms: 2.273205
  type: 'test'
  ...
# Subtest: query state accepts the DesignSpec grazing evidence camera
ok 11 - query state accepts the DesignSpec grazing evidence camera
  ---
  duration_ms: 0.648123
  type: 'test'
  ...
# Subtest: surface evidence frames parse and serialize deterministically
ok 12 - surface evidence frames parse and serialize deterministically
  ---
  duration_ms: 1.010317
  type: 'test'
  ...
# Subtest: materials pass accepts deterministic material state and reference-match camera
ok 13 - materials pass accepts deterministic material state and reference-match camera
  ---
  duration_ms: 0.171073
  type: 'test'
  ...
# Subtest: materials look-dev cameras match the DesignSpec neutral, grazing and reference views
ok 14 - materials look-dev cameras match the DesignSpec neutral, grazing and reference views
  ---
  duration_ms: 0.304431
  type: 'test'
  ...
# Subtest: structural attempt 3 accepts dedicated family, RS-485 and roof-service evidence cameras
ok 15 - structural attempt 3 accepts dedicated family, RS-485 and roof-service evidence cameras
  ---
  duration_ms: 0.19662
  type: 'test'
  ...
# Subtest: structural attempt 3 evidence cameras compare family masters and roof containment
ok 16 - structural attempt 3 evidence cameras compare family masters and roof containment
  ---
  duration_ms: 0.565107
  type: 'test'
  ...
# Subtest: materials grazing camera is a low facade and circulation three-quarter
ok 17 - materials grazing camera is a low facade and circulation three-quarter
  ---
  duration_ms: 0.215293
  type: 'test'
  ...
# Subtest: materials floor camera exposes public tile and corridor carpet in one finish comparison
ok 18 - materials floor camera exposes public tile and corridor carpet in one finish comparison
  ---
  duration_ms: 0.223156
  type: 'test'
  ...
# Subtest: layer controller switches modes, views and clipping without inventing assets
ok 19 - layer controller switches modes, views and clipping without inventing assets
  ---
  duration_ms: 0.680823
  type: 'test'
  ...
# Subtest: runtime caps DPR and creates empty semantic layer groups
ok 20 - runtime caps DPR and creates empty semantic layer groups
  ---
  duration_ms: 0.478376
  type: 'test'
  ...
# Subtest: HTML shell exposes Spanish project identity and semantic controls
ok 21 - HTML shell exposes Spanish project identity and semantic controls
  ---
  duration_ms: 7.376457
  type: 'test'
  ...
# Subtest: surface plan owns every required shell detail without protected film content
ok 22 - surface plan owns every required shell detail without protected film content
  ---
  duration_ms: 4.579528
  type: 'test'
  ...
# Subtest: surface placement contract rejects giant, non-finite or wrongly parented planes
ok 23 - surface placement contract rejects giant, non-finite or wrongly parented planes
  ---
  duration_ms: 0.981794
  type: 'test'
  ...
# Subtest: surface reset uses exactly one unmistakable arrowhead per direction marker
ok 24 - surface reset uses exactly one unmistakable arrowhead per direction marker
  ---
  duration_ms: 0.453231
  type: 'test'
  ...
# Subtest: surface reset marker placement follows the local route tangent and clears the route
ok 25 - surface reset marker placement follows the local route tangent and clears the route
  ---
  duration_ms: 0.639542
  type: 'test'
  ...
# Subtest: complete-network prioritizes canonical endpoint IDs and culls competing zone labels
ok 26 - complete-network prioritizes canonical endpoint IDs and culls competing zone labels
  ---
  duration_ms: 0.369303
  type: 'test'
  ...
# Subtest: corridor surface camera stays below roof members and focuses wayfinding height
ok 27 - corridor surface camera stays below roof members and focuses wayfinding height
  ---
  duration_ms: 0.190663
  type: 'test'
  ...
# Subtest: surface atlas is one deterministic shared sRGB mipmapped texture with bounded anisotropy
ok 28 - surface atlas is one deterministic shared sRGB mipmapped texture with bounded anisotropy
  ---
  duration_ms: 2.458779
  type: 'test'
  ...
# Subtest: surface integration uses one atlas and deterministic poster/display query frames
ok 29 - surface integration uses one atlas and deterministic poster/display query frames
  ---
  duration_ms: 15.40597
  type: 'test'
  ...
1..29
# tests 29
# suites 0
# pass 29
# fail 0
# cancelled 0
# skipped 0
# todo 0
# duration_ms 290.743506
