== surface-attempt1-facade-frame0 ==
[console] index: clean -> /home/cristian/prototipos/three.js/disenos/cinemex-hvac-lorawan/runs/capture-surface-reset1-tmp/surface-attempt1-facade-frame0/index.console.json
[
 {
  "file": "disenos/cinemex-hvac-lorawan/index.html",
  "out": "/home/cristian/prototipos/three.js/disenos/cinemex-hvac-lorawan/runs/capture-surface-reset1-tmp/surface-attempt1-facade-frame0/index.png",
  "w": 3840,
  "h": 2880
 }
]
== surface-attempt1-lobby-frame0 ==
[console] index: clean -> /home/cristian/prototipos/three.js/disenos/cinemex-hvac-lorawan/runs/capture-surface-reset1-tmp/surface-attempt1-lobby-frame0/index.console.json
[
 {
  "file": "disenos/cinemex-hvac-lorawan/index.html",
  "out": "/home/cristian/prototipos/three.js/disenos/cinemex-hvac-lorawan/runs/capture-surface-reset1-tmp/surface-attempt1-lobby-frame0/index.png",
  "w": 3840,
  "h": 2880
 }
]
== surface-attempt1-concessions-frame0 ==
[console] index: clean -> /home/cristian/prototipos/three.js/disenos/cinemex-hvac-lorawan/runs/capture-surface-reset1-tmp/surface-attempt1-concessions-frame0/index.console.json
[
 {
  "file": "disenos/cinemex-hvac-lorawan/index.html",
  "out": "/home/cristian/prototipos/three.js/disenos/cinemex-hvac-lorawan/runs/capture-surface-reset1-tmp/surface-attempt1-concessions-frame0/index.png",
  "w": 3840,
  "h": 2880
 }
]
== surface-attempt1-concessions-frame1 ==
[console] index: clean -> /home/cristian/prototipos/three.js/disenos/cinemex-hvac-lorawan/runs/capture-surface-reset1-tmp/surface-attempt1-concessions-frame1/index.console.json
[
 {
  "file": "disenos/cinemex-hvac-lorawan/index.html",
  "out": "/home/cristian/prototipos/three.js/disenos/cinemex-hvac-lorawan/runs/capture-surface-reset1-tmp/surface-attempt1-concessions-frame1/index.png",
  "w": 3840,
  "h": 2880
 }
]
== surface-attempt1-kitchen ==
[console] index: clean -> /home/cristian/prototipos/three.js/disenos/cinemex-hvac-lorawan/runs/capture-surface-reset1-tmp/surface-attempt1-kitchen/index.console.json
[
 {
  "file": "disenos/cinemex-hvac-lorawan/index.html",
  "out": "/home/cristian/prototipos/three.js/disenos/cinemex-hvac-lorawan/runs/capture-surface-reset1-tmp/surface-attempt1-kitchen/index.png",
  "w": 3840,
  "h": 2880
 }
]
== surface-attempt1-corridor-frame0 ==
[console] index: clean -> /home/cristian/prototipos/three.js/disenos/cinemex-hvac-lorawan/runs/capture-surface-reset1-tmp/surface-attempt1-corridor-frame0/index.console.json
[
 {
  "file": "disenos/cinemex-hvac-lorawan/index.html",
  "out": "/home/cristian/prototipos/three.js/disenos/cinemex-hvac-lorawan/runs/capture-surface-reset1-tmp/surface-attempt1-corridor-frame0/index.png",
  "w": 3840,
  "h": 2880
 }
]
== surface-attempt1-corridor-frame1 ==
[console] index: clean -> /home/cristian/prototipos/three.js/disenos/cinemex-hvac-lorawan/runs/capture-surface-reset1-tmp/surface-attempt1-corridor-frame1/index.console.json
[
 {
  "file": "disenos/cinemex-hvac-lorawan/index.html",
  "out": "/home/cristian/prototipos/three.js/disenos/cinemex-hvac-lorawan/runs/capture-surface-reset1-tmp/surface-attempt1-corridor-frame1/index.png",
  "w": 3840,
  "h": 2880
 }
]
== surface-attempt1-corridor-labels-off ==
[console] index: 7 issue(s) -> /home/cristian/prototipos/three.js/disenos/cinemex-hvac-lorawan/runs/capture-surface-reset1-tmp/surface-attempt1-corridor-labels-off/index.console.json
[
 {
  "file": "disenos/cinemex-hvac-lorawan/index.html",
  "error": "Error: no <canvas> found"
 }
]
== retry surface-attempt1-corridor-labels-off ==
[console] index: clean -> /home/cristian/prototipos/three.js/disenos/cinemex-hvac-lorawan/runs/capture-surface-reset1-tmp/surface-attempt1-corridor-labels-off/index.console.json
[
 {
  "file": "disenos/cinemex-hvac-lorawan/index.html",
  "out": "/home/cristian/prototipos/three.js/disenos/cinemex-hvac-lorawan/runs/capture-surface-reset1-tmp/surface-attempt1-corridor-labels-off/index.png",
  "w": 3840,
  "h": 2880
 }
]
== retry surface-attempt1-sala3-frame0 ==
[console] index: clean -> /home/cristian/prototipos/three.js/disenos/cinemex-hvac-lorawan/runs/capture-surface-reset1-tmp/surface-attempt1-sala3-frame0/index.console.json
[
 {
  "file": "disenos/cinemex-hvac-lorawan/index.html",
  "out": "/home/cristian/prototipos/three.js/disenos/cinemex-hvac-lorawan/runs/capture-surface-reset1-tmp/surface-attempt1-sala3-frame0/index.png",
  "w": 3840,
  "h": 2880
 }
]
== retry surface-attempt1-sala3-frame1 ==
[console] index: clean -> /home/cristian/prototipos/three.js/disenos/cinemex-hvac-lorawan/runs/capture-surface-reset1-tmp/surface-attempt1-sala3-frame1/index.console.json
[
 {
  "file": "disenos/cinemex-hvac-lorawan/index.html",
  "out": "/home/cristian/prototipos/three.js/disenos/cinemex-hvac-lorawan/runs/capture-surface-reset1-tmp/surface-attempt1-sala3-frame1/index.png",
  "w": 3840,
  "h": 2880
 }
]
== retry surface-attempt1-ug67-engineering ==
[console] index: clean -> /home/cristian/prototipos/three.js/disenos/cinemex-hvac-lorawan/runs/capture-surface-reset1-tmp/surface-attempt1-ug67-engineering/index.console.json
[
 {
  "file": "disenos/cinemex-hvac-lorawan/index.html",
  "out": "/home/cristian/prototipos/three.js/disenos/cinemex-hvac-lorawan/runs/capture-surface-reset1-tmp/surface-attempt1-ug67-engineering/index.png",
  "w": 3840,
  "h": 2880
 }
]
== retry surface-attempt1-grazing-details ==
[console] index: clean -> /home/cristian/prototipos/three.js/disenos/cinemex-hvac-lorawan/runs/capture-surface-reset1-tmp/surface-attempt1-grazing-details/index.console.json
[
 {
  "file": "disenos/cinemex-hvac-lorawan/index.html",
  "out": "/home/cristian/prototipos/three.js/disenos/cinemex-hvac-lorawan/runs/capture-surface-reset1-tmp/surface-attempt1-grazing-details/index.png",
  "w": 3840,
  "h": 2880
 }
]
== retry surface-attempt1-engineering-network ==
[console] index: clean -> /home/cristian/prototipos/three.js/disenos/cinemex-hvac-lorawan/runs/capture-surface-reset1-tmp/surface-attempt1-engineering-network/index.console.json
[
 {
  "file": "disenos/cinemex-hvac-lorawan/index.html",
  "out": "/home/cristian/prototipos/three.js/disenos/cinemex-hvac-lorawan/runs/capture-surface-reset1-tmp/surface-attempt1-engineering-network/index.png",
  "w": 3840,
  "h": 2880
 }
]
== retry surface-attempt1-roof-curb-details ==
[console] index: clean -> /home/cristian/prototipos/three.js/disenos/cinemex-hvac-lorawan/runs/capture-surface-reset1-tmp/surface-attempt1-roof-curb-details/index.console.json
[
 {
  "file": "disenos/cinemex-hvac-lorawan/index.html",
  "out": "/home/cristian/prototipos/three.js/disenos/cinemex-hvac-lorawan/runs/capture-surface-reset1-tmp/surface-attempt1-roof-curb-details/index.png",
  "w": 3840,
  "h": 2880
 }
]
captured 14 PNGs
== reframe surface-attempt1-corridor-frame0 ==
[console] index: clean -> /home/cristian/prototipos/three.js/disenos/cinemex-hvac-lorawan/runs/capture-corridor-reset1-tmp/surface-attempt1-corridor-frame0/index.console.json
[
 {
  "file": "disenos/cinemex-hvac-lorawan/index.html",
  "out": "/home/cristian/prototipos/three.js/disenos/cinemex-hvac-lorawan/runs/capture-corridor-reset1-tmp/surface-attempt1-corridor-frame0/index.png",
  "w": 3840,
  "h": 2880
 }
]
== reframe surface-attempt1-corridor-frame1 ==
[console] index: clean -> /home/cristian/prototipos/three.js/disenos/cinemex-hvac-lorawan/runs/capture-corridor-reset1-tmp/surface-attempt1-corridor-frame1/index.console.json
[
 {
  "file": "disenos/cinemex-hvac-lorawan/index.html",
  "out": "/home/cristian/prototipos/three.js/disenos/cinemex-hvac-lorawan/runs/capture-corridor-reset1-tmp/surface-attempt1-corridor-frame1/index.png",
  "w": 3840,
  "h": 2880
 }
]
== reframe surface-attempt1-corridor-labels-off ==
[console] index: clean -> /home/cristian/prototipos/three.js/disenos/cinemex-hvac-lorawan/runs/capture-corridor-reset1-tmp/surface-attempt1-corridor-labels-off/index.console.json
[
 {
  "file": "disenos/cinemex-hvac-lorawan/index.html",
  "out": "/home/cristian/prototipos/three.js/disenos/cinemex-hvac-lorawan/runs/capture-corridor-reset1-tmp/surface-attempt1-corridor-labels-off/index.png",
  "w": 3840,
  "h": 2880
 }
]
