TAP version 13
# Subtest: query state has a stable canonical default and serializes in contract order
ok 1 - query state has a stable canonical default and serializes in contract order
  ---
  duration_ms: 10.424998
  type: 'test'
  ...
# Subtest: query state accepts a complete engineering inspection state
ok 2 - query state accepts a complete engineering inspection state
  ---
  duration_ms: 1.36543
  type: 'test'
  ...
# Subtest: query state accepts DesignSpec blockout camera and state vocabulary
ok 3 - query state accepts DesignSpec blockout camera and state vocabulary
  ---
  duration_ms: 0.97481
  type: 'test'
  ...
# Subtest: malformed query tokens fall back atomically and emit one warning
ok 4 - malformed query tokens fall back atomically and emit one warning
  ---
  duration_ms: 1.008331
  type: 'test'
  ...
# Subtest: camera controller applies presets and bounds first-person movement
ok 5 - camera controller applies presets and bounds first-person movement
  ---
  duration_ms: 1.184979
  type: 'test'
  ...
# Subtest: fixed evidence cameras frame targets tightly and apply their field of view
not ok 6 - fixed evidence cameras frame targets tightly and apply their field of view
  ---
  duration_ms: 6.214799
  type: 'test'
  location: '/home/cristian/prototipos/three.js/disenos/cinemex-hvac-lorawan/tests/shell.test.mjs:163:1'
  failureType: 'testCodeFailure'
  error: |-
    Expected values to be strictly deep-equal:
    + actual - expected
    
      [
    +   7.5,
    +   4.2,
    +   10.2
    -   0,
    -   3.2,
    -   9.5
      ]
    
  code: 'ERR_ASSERTION'
  name: 'AssertionError'
  expected:
    0: 0
    1: 3.2
    2: 9.5
  actual:
    0: 7.5
    1: 4.2
    2: 10.2
  operator: 'deepStrictEqual'
  stack: |-
    TestContext.<anonymous> (file:///home/cristian/prototipos/three.js/disenos/cinemex-hvac-lorawan/tests/shell.test.mjs:177:12)
    Test.runInAsyncScope (node:async_hooks:214:14)
    Test.run (node:internal/test_runner/test:1047:25)
    Test.processPendingSubtests (node:internal/test_runner/test:744:18)
    Test.postRun (node:internal/test_runner/test:1173:19)
    Test.run (node:internal/test_runner/test:1101:12)
    async Test.processPendingSubtests (node:internal/test_runner/test:744:7)
  ...
# Subtest: structural evidence preserves grazing/network views and improves Sala 3 framing
ok 7 - structural evidence preserves grazing/network views and improves Sala 3 framing
  ---
  duration_ms: 1.024247
  type: 'test'
  ...
# Subtest: structural attempt 2 raises neutral scene value without entering the final lighting pass
ok 8 - structural attempt 2 raises neutral scene value without entering the final lighting pass
  ---
  duration_ms: 28.430001
  type: 'test'
  ...
# Subtest: materials realism reset adds a neutral PMREM response rig and restrained facade fill
ok 9 - materials realism reset adds a neutral PMREM response rig and restrained facade fill
  ---
  duration_ms: 4.906678
  type: 'test'
  ...
# Subtest: final materials attempt scopes exposure and key angle changes to the grazing look-dev camera
ok 10 - final materials attempt scopes exposure and key angle changes to the grazing look-dev camera
  ---
  duration_ms: 3.62974
  type: 'test'
  ...
# Subtest: query state accepts the DesignSpec grazing evidence camera
ok 11 - query state accepts the DesignSpec grazing evidence camera
  ---
  duration_ms: 1.238483
  type: 'test'
  ...
# Subtest: surface evidence frames parse and serialize deterministically
ok 12 - surface evidence frames parse and serialize deterministically
  ---
  duration_ms: 0.949986
  type: 'test'
  ...
# Subtest: materials pass accepts deterministic material state and reference-match camera
ok 13 - materials pass accepts deterministic material state and reference-match camera
  ---
  duration_ms: 0.277126
  type: 'test'
  ...
# Subtest: materials look-dev cameras match the DesignSpec neutral, grazing and reference views
ok 14 - materials look-dev cameras match the DesignSpec neutral, grazing and reference views
  ---
  duration_ms: 0.457496
  type: 'test'
  ...
# Subtest: structural attempt 3 accepts dedicated family, RS-485 and roof-service evidence cameras
ok 15 - structural attempt 3 accepts dedicated family, RS-485 and roof-service evidence cameras
  ---
  duration_ms: 0.252494
  type: 'test'
  ...
# Subtest: structural attempt 3 evidence cameras compare family masters and roof containment
ok 16 - structural attempt 3 evidence cameras compare family masters and roof containment
  ---
  duration_ms: 0.37318
  type: 'test'
  ...
# Subtest: materials grazing camera is a low facade and circulation three-quarter
ok 17 - materials grazing camera is a low facade and circulation three-quarter
  ---
  duration_ms: 0.504721
  type: 'test'
  ...
# Subtest: materials floor camera exposes public tile and corridor carpet in one finish comparison
ok 18 - materials floor camera exposes public tile and corridor carpet in one finish comparison
  ---
  duration_ms: 0.402938
  type: 'test'
  ...
# Subtest: layer controller switches modes, views and clipping without inventing assets
ok 19 - layer controller switches modes, views and clipping without inventing assets
  ---
  duration_ms: 1.718647
  type: 'test'
  ...
# Subtest: runtime caps DPR and creates empty semantic layer groups
ok 20 - runtime caps DPR and creates empty semantic layer groups
  ---
  duration_ms: 0.507407
  type: 'test'
  ...
# Subtest: HTML shell exposes Spanish project identity and semantic controls
ok 21 - HTML shell exposes Spanish project identity and semantic controls
  ---
  duration_ms: 11.936848
  type: 'test'
  ...
# Subtest: surface plan owns every required shell detail without protected film content
ok 22 - surface plan owns every required shell detail without protected film content
  ---
  duration_ms: 6.13772
  type: 'test'
  ...
# Subtest: surface placement contract rejects giant, non-finite or wrongly parented planes
ok 23 - surface placement contract rejects giant, non-finite or wrongly parented planes
  ---
  duration_ms: 2.452716
  type: 'test'
  ...
# Subtest: surface reset uses exactly one unmistakable arrowhead per direction marker
ok 24 - surface reset uses exactly one unmistakable arrowhead per direction marker
  ---
  duration_ms: 0.958518
  type: 'test'
  ...
# Subtest: surface reset marker placement follows the local route tangent and clears the route
ok 25 - surface reset marker placement follows the local route tangent and clears the route
  ---
  duration_ms: 1.636954
  type: 'test'
  ...
# Subtest: complete-network prioritizes canonical endpoint IDs and culls competing zone labels
ok 26 - complete-network prioritizes canonical endpoint IDs and culls competing zone labels
  ---
  duration_ms: 0.68815
  type: 'test'
  ...
# Subtest: corridor surface camera stays below roof members and focuses wayfinding height
not ok 27 - corridor surface camera stays below roof members and focuses wayfinding height
  ---
  duration_ms: 8.126523
  type: 'test'
  location: '/home/cristian/prototipos/three.js/disenos/cinemex-hvac-lorawan/tests/surfaces.test.mjs:124:1'
  failureType: 'testCodeFailure'
  error: |-
    Expected values to be strictly deep-equal:
    + actual - expected
    
      {
    +   fov: 60,
    -   fov: 65,
        position: [
    +     7.5,
    +     4.2,
    +     10.2
    -     0,
    -     3.2,
    -     9.5
        ],
        target: [
          0,
    +     1.55,
    +     -7
    -     1.35,
    -     -8
        ]
      }
    
  code: 'ERR_ASSERTION'
  name: 'AssertionError'
  expected:
    position:
      0: 0
      1: 3.2
      2: 9.5
    target:
      0: 0
      1: 1.35
      2: -8
    fov: 65
  actual:
    position:
      0: 7.5
      1: 4.2
      2: 10.2
    target:
      0: 0
      1: 1.55
      2: -7
    fov: 60
  operator: 'deepStrictEqual'
  stack: |-
    TestContext.<anonymous> (file:///home/cristian/prototipos/three.js/disenos/cinemex-hvac-lorawan/tests/surfaces.test.mjs:125:10)
    Test.runInAsyncScope (node:async_hooks:214:14)
    Test.run (node:internal/test_runner/test:1047:25)
    Test.processPendingSubtests (node:internal/test_runner/test:744:18)
    Test.postRun (node:internal/test_runner/test:1173:19)
    Test.run (node:internal/test_runner/test:1101:12)
    async Test.processPendingSubtests (node:internal/test_runner/test:744:7)
  ...
# Subtest: surface atlas is one deterministic shared sRGB mipmapped texture with bounded anisotropy
ok 28 - surface atlas is one deterministic shared sRGB mipmapped texture with bounded anisotropy
  ---
  duration_ms: 9.900119
  type: 'test'
  ...
# Subtest: surface integration uses one atlas and deterministic poster/display query frames
ok 29 - surface integration uses one atlas and deterministic poster/display query frames
  ---
  duration_ms: 28.112574
  type: 'test'
  ...
1..29
# tests 29
# suites 0
# pass 27
# fail 2
# cancelled 0
# skipped 0
# todo 0
# duration_ms 408.364184
