TAP version 13
# Subtest: surface plan owns every required shell detail without protected film content
ok 1 - surface plan owns every required shell detail without protected film content
  ---
  duration_ms: 6.449105
  type: 'test'
  ...
# Subtest: surface placement contract rejects giant, non-finite or wrongly parented planes
ok 2 - surface placement contract rejects giant, non-finite or wrongly parented planes
  ---
  duration_ms: 1.074186
  type: 'test'
  ...
# Subtest: surface reset uses exactly one unmistakable arrowhead per direction marker
ok 3 - surface reset uses exactly one unmistakable arrowhead per direction marker
  ---
  duration_ms: 0.40093
  type: 'test'
  ...
# Subtest: surface reset marker placement follows the local route tangent and clears the route
ok 4 - surface reset marker placement follows the local route tangent and clears the route
  ---
  duration_ms: 0.757222
  type: 'test'
  ...
# Subtest: complete-network prioritizes canonical endpoint IDs and culls competing zone labels
ok 5 - complete-network prioritizes canonical endpoint IDs and culls competing zone labels
  ---
  duration_ms: 0.393373
  type: 'test'
  ...
# Subtest: corridor surface camera stays below roof members and focuses wayfinding height
ok 6 - corridor surface camera stays below roof members and focuses wayfinding height
  ---
  duration_ms: 0.19392
  type: 'test'
  ...
# Subtest: surface atlas is one deterministic shared sRGB mipmapped texture with bounded anisotropy
ok 7 - surface atlas is one deterministic shared sRGB mipmapped texture with bounded anisotropy
  ---
  duration_ms: 2.899065
  type: 'test'
  ...
# Subtest: surface integration uses one atlas and deterministic poster/display query frames
ok 8 - surface integration uses one atlas and deterministic poster/display query frames
  ---
  duration_ms: 21.715349
  type: 'test'
  ...
1..8
# tests 8
# suites 0
# pass 8
# fail 0
# cancelled 0
# skipped 0
# todo 0
# duration_ms 259.821489
