CAPTURE ug67-engineering
[
 {
  "file": "disenos/cinemex-hvac-lorawan/index.html",
  "out": "/tmp/cinemex-surface-attempt2-recapture/ug67-engineering/index.png",
  "w": 3840,
  "h": 2880
 }
]
DONE ug67-engineering
CAPTURE engineering-network
[
 {
  "file": "disenos/cinemex-hvac-lorawan/index.html",
  "error": "Error: no <canvas> found"
 }
]
[
 {
  "file": "disenos/cinemex-hvac-lorawan/index.html",
  "out": "/tmp/cinemex-surface-attempt2-recapture/engineering-network/index.png",
  "w": 3840,
  "h": 2880
 }
]
DONE engineering-network retry=2
